Archive member included to satisfy reference by file (symbol)

c:/ac6/systemworkbench/plugins/fr.ac6.mcu.externaltools.arm-none.win32_1.16.0.201807130628/tools/compiler/bin/../lib/gcc/arm-none-eabi/7.2.1/thumb/v7e-m/fpv4-sp/hard\libgcc.a(_aeabi_ldivmod.o)
                              Drivers/STM32F7xx_HAL_Driver/stm32f7xx_hal_rcc.o (__aeabi_ldivmod)
c:/ac6/systemworkbench/plugins/fr.ac6.mcu.externaltools.arm-none.win32_1.16.0.201807130628/tools/compiler/bin/../lib/gcc/arm-none-eabi/7.2.1/thumb/v7e-m/fpv4-sp/hard\libgcc.a(_aeabi_uldivmod.o)
                              Drivers/STM32F7xx_HAL_Driver/stm32f7xx_hal_rcc.o (__aeabi_uldivmod)
c:/ac6/systemworkbench/plugins/fr.ac6.mcu.externaltools.arm-none.win32_1.16.0.201807130628/tools/compiler/bin/../lib/gcc/arm-none-eabi/7.2.1/thumb/v7e-m/fpv4-sp/hard\libgcc.a(_udivmoddi4.o)
                              c:/ac6/systemworkbench/plugins/fr.ac6.mcu.externaltools.arm-none.win32_1.16.0.201807130628/tools/compiler/bin/../lib/gcc/arm-none-eabi/7.2.1/thumb/v7e-m/fpv4-sp/hard\libgcc.a(_aeabi_ldivmod.o) (__udivmoddi4)
c:/ac6/systemworkbench/plugins/fr.ac6.mcu.externaltools.arm-none.win32_1.16.0.201807130628/tools/compiler/bin/../lib/gcc/arm-none-eabi/7.2.1/thumb/v7e-m/fpv4-sp/hard\libgcc.a(_dvmd_tls.o)
                              c:/ac6/systemworkbench/plugins/fr.ac6.mcu.externaltools.arm-none.win32_1.16.0.201807130628/tools/compiler/bin/../lib/gcc/arm-none-eabi/7.2.1/thumb/v7e-m/fpv4-sp/hard\libgcc.a(_aeabi_ldivmod.o) (__aeabi_ldiv0)
c:/ac6/systemworkbench/plugins/fr.ac6.mcu.externaltools.arm-none.win32_1.16.0.201807130628/tools/compiler/bin/../lib/gcc/arm-none-eabi/7.2.1/../../../../arm-none-eabi/lib/thumb/v7e-m/fpv4-sp/hard\libc_nano.a(lib_a-exit.o)
                              c:/ac6/systemworkbench/plugins/fr.ac6.mcu.externaltools.arm-none.win32_1.16.0.201807130628/tools/compiler/bin/../lib/gcc/arm-none-eabi/7.2.1/../../../../arm-none-eabi/lib/thumb/v7e-m/fpv4-sp/hard/crt0.o (exit)
c:/ac6/systemworkbench/plugins/fr.ac6.mcu.externaltools.arm-none.win32_1.16.0.201807130628/tools/compiler/bin/../lib/gcc/arm-none-eabi/7.2.1/../../../../arm-none-eabi/lib/thumb/v7e-m/fpv4-sp/hard\libc_nano.a(lib_a-impure.o)
                              c:/ac6/systemworkbench/plugins/fr.ac6.mcu.externaltools.arm-none.win32_1.16.0.201807130628/tools/compiler/bin/../lib/gcc/arm-none-eabi/7.2.1/../../../../arm-none-eabi/lib/thumb/v7e-m/fpv4-sp/hard\libc_nano.a(lib_a-exit.o) (_global_impure_ptr)
c:/ac6/systemworkbench/plugins/fr.ac6.mcu.externaltools.arm-none.win32_1.16.0.201807130628/tools/compiler/bin/../lib/gcc/arm-none-eabi/7.2.1/../../../../arm-none-eabi/lib/thumb/v7e-m/fpv4-sp/hard\libc_nano.a(lib_a-init.o)
                              c:/ac6/systemworkbench/plugins/fr.ac6.mcu.externaltools.arm-none.win32_1.16.0.201807130628/tools/compiler/bin/../lib/gcc/arm-none-eabi/7.2.1/../../../../arm-none-eabi/lib/thumb/v7e-m/fpv4-sp/hard/crt0.o (__libc_init_array)
c:/ac6/systemworkbench/plugins/fr.ac6.mcu.externaltools.arm-none.win32_1.16.0.201807130628/tools/compiler/bin/../lib/gcc/arm-none-eabi/7.2.1/../../../../arm-none-eabi/lib/thumb/v7e-m/fpv4-sp/hard\libc_nano.a(lib_a-malloc.o)
                              Middlewares/STM32_USBD_Library/Class/MSC/usbd_msc.o (malloc)
c:/ac6/systemworkbench/plugins/fr.ac6.mcu.externaltools.arm-none.win32_1.16.0.201807130628/tools/compiler/bin/../lib/gcc/arm-none-eabi/7.2.1/../../../../arm-none-eabi/lib/thumb/v7e-m/fpv4-sp/hard\libc_nano.a(lib_a-memset.o)
                              c:/ac6/systemworkbench/plugins/fr.ac6.mcu.externaltools.arm-none.win32_1.16.0.201807130628/tools/compiler/bin/../lib/gcc/arm-none-eabi/7.2.1/../../../../arm-none-eabi/lib/thumb/v7e-m/fpv4-sp/hard/crt0.o (memset)
c:/ac6/systemworkbench/plugins/fr.ac6.mcu.externaltools.arm-none.win32_1.16.0.201807130628/tools/compiler/bin/../lib/gcc/arm-none-eabi/7.2.1/../../../../arm-none-eabi/lib/thumb/v7e-m/fpv4-sp/hard\libc_nano.a(lib_a-nano-freer.o)
                              c:/ac6/systemworkbench/plugins/fr.ac6.mcu.externaltools.arm-none.win32_1.16.0.201807130628/tools/compiler/bin/../lib/gcc/arm-none-eabi/7.2.1/../../../../arm-none-eabi/lib/thumb/v7e-m/fpv4-sp/hard\libc_nano.a(lib_a-malloc.o) (_free_r)
c:/ac6/systemworkbench/plugins/fr.ac6.mcu.externaltools.arm-none.win32_1.16.0.201807130628/tools/compiler/bin/../lib/gcc/arm-none-eabi/7.2.1/../../../../arm-none-eabi/lib/thumb/v7e-m/fpv4-sp/hard\libc_nano.a(lib_a-nano-mallocr.o)
                              c:/ac6/systemworkbench/plugins/fr.ac6.mcu.externaltools.arm-none.win32_1.16.0.201807130628/tools/compiler/bin/../lib/gcc/arm-none-eabi/7.2.1/../../../../arm-none-eabi/lib/thumb/v7e-m/fpv4-sp/hard\libc_nano.a(lib_a-malloc.o) (_malloc_r)
c:/ac6/systemworkbench/plugins/fr.ac6.mcu.externaltools.arm-none.win32_1.16.0.201807130628/tools/compiler/bin/../lib/gcc/arm-none-eabi/7.2.1/../../../../arm-none-eabi/lib/thumb/v7e-m/fpv4-sp/hard\libc_nano.a(lib_a-sbrkr.o)
[...]
Memory Configuration

Name             Origin             Length             Attributes
FLASH            0x08000000         0x00200000         xr
RAM              0x20000000         0x00080000         xrw
*default*        0x00000000         0xffffffff

Linker script and memory map

LOAD c:/ac6/systemworkbench/plugins/fr.ac6.mcu.externaltools.arm-none.win32_1.16.0.201807130628/tools/compiler/bin/../lib/gcc/arm-none-eabi/7.2.1/thumb/v7e-m/fpv4-sp/hard/crti.o
LOAD c:/ac6/systemworkbench/plugins/fr.ac6.mcu.externaltools.arm-none.win32_1.16.0.201807130628/tools/compiler/bin/../lib/gcc/arm-none-eabi/7.2.1/thumb/v7e-m/fpv4-sp/hard/crtbegin.o
LOAD c:/ac6/systemworkbench/plugins/fr.ac6.mcu.externaltools.arm-none.win32_1.16.0.201807130628/tools/compiler/bin/../lib/gcc/arm-none-eabi/7.2.1/../../../../arm-none-eabi/lib/thumb/v7e-m/fpv4-sp/hard/crt0.o
LOAD Application/SW4STM32/startup_stm32f769xx.o
LOAD Application/User/main.o
LOAD Application/User/stm32f7xx_it.o
LOAD Application/User/usbd_conf.o
LOAD Application/User/usbd_desc.o
LOAD Application/User/usbd_storage.o
LOAD Drivers/BSP/STM32F769I-Discovery/stm32f769i_discovery.o
LOAD Drivers/BSP/STM32F769I-Discovery/stm32f769i_discovery_sd.o
LOAD Drivers/CMSIS/system_stm32f7xx.o
LOAD Drivers/STM32F7xx_HAL_Driver/stm32f7xx_hal.o
LOAD Drivers/STM32F7xx_HAL_Driver/stm32f7xx_hal_cortex.o
LOAD Drivers/STM32F7xx_HAL_Driver/stm32f7xx_hal_dma.o
LOAD Drivers/STM32F7xx_HAL_Driver/stm32f7xx_hal_flash.o
LOAD Drivers/STM32F7xx_HAL_Driver/stm32f7xx_hal_flash_ex.o
LOAD Drivers/STM32F7xx_HAL_Driver/stm32f7xx_hal_gpio.o
LOAD Drivers/STM32F7xx_HAL_Driver/stm32f7xx_hal_i2c.o
LOAD Drivers/STM32F7xx_HAL_Driver/stm32f7xx_hal_pcd.o
LOAD Drivers/STM32F7xx_HAL_Driver/stm32f7xx_hal_pcd_ex.o
LOAD Drivers/STM32F7xx_HAL_Driver/stm32f7xx_hal_pwr.o
LOAD Drivers/STM32F7xx_HAL_Driver/stm32f7xx_hal_pwr_ex.o
LOAD Drivers/STM32F7xx_HAL_Driver/stm32f7xx_hal_rcc.o
LOAD Drivers/STM32F7xx_HAL_Driver/stm32f7xx_hal_rcc_ex.o
LOAD Drivers/STM32F7xx_HAL_Driver/stm32f7xx_hal_sd.o
LOAD Drivers/STM32F7xx_HAL_Driver/stm32f7xx_hal_uart.o
LOAD Drivers/STM32F7xx_HAL_Driver/stm32f7xx_hal_usart.o
LOAD Drivers/STM32F7xx_HAL_Driver/stm32f7xx_ll_sdmmc.o
LOAD Drivers/STM32F7xx_HAL_Driver/stm32f7xx_ll_usb.o
LOAD Middlewares/STM32_USBD_Library/Class/MSC/usbd_msc.o
LOAD Middlewares/STM32_USBD_Library/Class/MSC/usbd_msc_bot.o
LOAD Middlewares/STM32_USBD_Library/Class/MSC/usbd_msc_data.o
LOAD Middlewares/STM32_USBD_Library/Class/MSC/usbd_msc_scsi.o
LOAD Middlewares/STM32_USBD_Library/Core/usbd_core.o
LOAD Middlewares/STM32_USBD_Library/Core/usbd_ctlreq.o
LOAD Middlewares/STM32_USBD_Library/Core/usbd_ioreq.o
LOAD c:/ac6/systemworkbench/plugins/fr.ac6.mcu.externaltools.arm-none.win32_1.16.0.201807130628/tools/compiler/bin/../lib/gcc/arm-none-eabi/7.2.1/../../../../arm-none-eabi/lib/thumb/v7e-m/fpv4-sp/hard\libm.a
START GROUP
LOAD c:/ac6/systemworkbench/plugins/fr.ac6.mcu.externaltools.arm-none.win32_1.16.0.201807130628/tools/compiler/bin/../lib/gcc/arm-none-eabi/7.2.1/thumb/v7e-m/fpv4-sp/hard\libgcc.a
LOAD c:/ac6/systemworkbench/plugins/fr.ac6.mcu.externaltools.arm-none.win32_1.16.0.201807130628/tools/compiler/bin/../lib/gcc/arm-none-eabi/7.2.1/../../../../arm-none-eabi/lib/thumb/v7e-m/fpv4-sp/hard\libc_nano.a
END GROUP
START GROUP
LOAD c:/ac6/systemworkbench/plugins/fr.ac6.mcu.externaltools.arm-none.win32_1.16.0.201807130628/tools/compiler/bin/../lib/gcc/arm-none-eabi/7.2.1/thumb/v7e-m/fpv4-sp/hard\libgcc.a
LOAD c:/ac6/systemworkbench/plugins/fr.ac6.mcu.externaltools.arm-none.win32_1.16.0.201807130628/tools/compiler/bin/../lib/gcc/arm-none-eabi/7.2.1/../../../../arm-none-eabi/lib/thumb/v7e-m/fpv4-sp/hard\libc_nano.a
LOAD c:/ac6/systemworkbench/plugins/fr.ac6.mcu.externaltools.arm-none.win32_1.16.0.201807130628/tools/compiler/bin/../lib/gcc/arm-none-eabi/7.2.1/../../../../arm-none-eabi/lib/thumb/v7e-m/fpv4-sp/hard\libnosys.a
END GROUP
START GROUP
LOAD c:/ac6/systemworkbench/plugins/fr.ac6.mcu.externaltools.arm-none.win32_1.16.0.201807130628/tools/compiler/bin/../lib/gcc/arm-none-eabi/7.2.1/thumb/v7e-m/fpv4-sp/hard\libgcc.a
LOAD c:/ac6/systemworkbench/plugins/fr.ac6.mcu.externaltools.arm-none.win32_1.16.0.201807130628/tools/compiler/bin/../lib/gcc/arm-none-eabi/7.2.1/../../../../arm-none-eabi/lib/thumb/v7e-m/fpv4-sp/hard\libc_nano.a
LOAD c:/ac6/systemworkbench/plugins/fr.ac6.mcu.externaltools.arm-none.win32_1.16.0.201807130628/tools/compiler/bin/../lib/gcc/arm-none-eabi/7.2.1/../../../../arm-none-eabi/lib/thumb/v7e-m/fpv4-sp/hard\libnosys.a
END GROUP
LOAD c:/ac6/systemworkbench/plugins/fr.ac6.mcu.externaltools.arm-none.win32_1.16.0.201807130628/tools/compiler/bin/../lib/gcc/arm-none-eabi/7.2.1/thumb/v7e-m/fpv4-sp/hard/crtend.o
LOAD c:/ac6/systemworkbench/plugins/fr.ac6.mcu.externaltools.arm-none.win32_1.16.0.201807130628/tools/compiler/bin/../lib/gcc/arm-none-eabi/7.2.1/thumb/v7e-m/fpv4-sp/hard/crtn.o
                0x20080000                _estack = 0x20080000
                0x00000500                _Min_Heap_Size = 0x500
                0x00000400                _Min_Stack_Size = 0x400

.isr_vector     0x08000000      0x1f8
                0x08000000                . = ALIGN (0x4)
 *(.isr_vector)
 .isr_vector    0x08000000      0x1f8 Application/SW4STM32/startup_stm32f769xx.o
                0x08000000                g_pfnVectors
                0x080001f8                . = ALIGN (0x4)

.text           0x080001f8     0x50dc
                0x080001f8                . = ALIGN (0x4)
 *(.text)
 .text          0x080001f8       0x40 c:/ac6/systemworkbench/plugins/fr.ac6.mcu.externaltools.arm-none.win32_1.16.0.201807130628/tools/compiler/bin/../lib/gcc/arm-none-eabi/7.2.1/thumb/v7e-m/fpv4-sp/hard/crtbegin.o
 .text          0x08000238       0x30 c:/ac6/systemworkbench/plugins/fr.ac6.mcu.externaltools.arm-none.win32_1.16.0.201807130628/tools/compiler/bin/../lib/gcc/arm-none-eabi/7.2.1/thumb/v7e-m/fpv4-sp/hard\libgcc.a(_aeabi_uldivmod.o)
                0x08000238                __aeabi_uldivmod
 .text          0x08000268      0x2cc c:/ac6/systemworkbench/plugins/fr.ac6.mcu.externaltools.arm-none.win32_1.16.0.201807130628/tools/compiler/bin/../lib/gcc/arm-none-eabi/7.2.1/thumb/v7e-m/fpv4-sp/hard\libgcc.a(_udivmoddi4.o)
                0x08000268                __udivmoddi4
 .text          0x08000534        0x4 c:/ac6/systemworkbench/plugins/fr.ac6.mcu.externaltools.arm-none.win32_1.16.0.201807130628/tools/compiler/bin/../lib/gcc/arm-none-eabi/7.2.1/thumb/v7e-m/fpv4-sp/hard\libgcc.a(_dvmd_tls.o)
                0x08000534                __aeabi_idiv0
                0x08000534                __aeabi_ldiv0
 *(.text*)
 .text.Reset_Handler
                0x08000538       0x50 Application/SW4STM32/startup_stm32f769xx.o
                0x08000538                Reset_Handler
 .text.Default_Handler
                0x08000588        0x2 Application/SW4STM32/startup_stm32f769xx.o
                0x08000588                RTC_Alarm_IRQHandler
                0x08000588                EXTI2_IRQHandler
                0x08000588                TIM8_CC_IRQHandler
                0x08000588                UART8_IRQHandler
                0x08000588                SPI4_IRQHandler
                0x08000588                TIM1_CC_IRQHandler
                0x08000588                DMA2_Stream5_IRQHandler
                0x08000588                JPEG_IRQHandler
                0x08000588                DMA1_Stream5_IRQHandler
                0x08000588                CAN3_RX1_IRQHandler
                0x08000588                PVD_IRQHandler
                0x08000588                TAMP_STAMP_IRQHandler
                0x08000588                CAN2_RX1_IRQHandler
                0x08000588                EXTI3_IRQHandler
                0x08000588                TIM8_TRG_COM_TIM14_IRQHandler
                0x08000588                DFSDM1_FLT1_IRQHandler
                0x08000588                TIM1_UP_TIM10_IRQHandler
                0x08000588                TIM8_UP_TIM13_IRQHandler
                0x08000588                I2C3_ER_IRQHandler
                0x08000588                DFSDM1_FLT2_IRQHandler
                0x08000588                EXTI0_IRQHandler
                0x08000588                I2C2_EV_IRQHandler
                0x08000588                DMA1_Stream2_IRQHandler
                0x08000588                CAN1_RX0_IRQHandler
                0x08000588                FPU_IRQHandler
                0x08000588                OTG_HS_WKUP_IRQHandler
                0x08000588                CAN3_SCE_IRQHandler
                0x08000588                LTDC_ER_IRQHandler
                0x08000588                CAN2_SCE_IRQHandler
                0x08000588                DMA2_Stream2_IRQHandler
                0x08000588                SPI1_IRQHandler
                0x08000588                TIM6_DAC_IRQHandler
                0x08000588                TIM1_BRK_TIM9_IRQHandler
                0x08000588                DCMI_IRQHandler
                0x08000588                CAN2_RX0_IRQHandler
                0x08000588                DMA2_Stream3_IRQHandler
                0x08000588                SAI2_IRQHandler
                0x08000588                DFSDM1_FLT3_IRQHandler
                0x08000588                USART6_IRQHandler
                0x08000588                CAN3_RX0_IRQHandler
                0x08000588                USART3_IRQHandler
                0x08000588                CAN1_RX1_IRQHandler
                0x08000588                UART5_IRQHandler
                0x08000588                DMA2_Stream0_IRQHandler
                0x08000588                TIM4_IRQHandler
                0x08000588                QUADSPI_IRQHandler
                0x08000588                I2C1_EV_IRQHandler
                0x08000588                DMA1_Stream6_IRQHandler
                0x08000588                DMA1_Stream1_IRQHandler
                0x08000588                UART4_IRQHandler
                0x08000588                TIM3_IRQHandler
                0x08000588                RCC_IRQHandler
                0x08000588                TIM8_BRK_TIM12_IRQHandler
                0x08000588                Default_Handler
                0x08000588                CEC_IRQHandler
                0x08000588                EXTI15_10_IRQHandler
                0x08000588                ADC_IRQHandler
                0x08000588                DMA1_Stream7_IRQHandler
                0x08000588                SPI5_IRQHandler
                0x08000588                TIM7_IRQHandler
                0x08000588                SDMMC1_IRQHandler
                0x08000588                CAN2_TX_IRQHandler
                0x08000588                TIM5_IRQHandler
                0x08000588                DMA2_Stream7_IRQHandler
                0x08000588                I2C3_EV_IRQHandler
                0x08000588                EXTI9_5_IRQHandler
                0x08000588                RTC_WKUP_IRQHandler
                0x08000588                LTDC_IRQHandler
                0x08000588                ETH_WKUP_IRQHandler
                0x08000588                SPDIF_RX_IRQHandler
                0x08000588                SPI2_IRQHandler
                0x08000588                OTG_HS_EP1_IN_IRQHandler
                0x08000588                DMA1_Stream0_IRQHandler
                0x08000588                CAN1_TX_IRQHandler
                0x08000588                EXTI4_IRQHandler
                0x08000588                RNG_IRQHandler
                0x08000588                DSI_IRQHandler
                0x08000588                ETH_IRQHandler
                0x08000588                OTG_HS_EP1_OUT_IRQHandler
                0x08000588                WWDG_IRQHandler
                0x08000588                SPI6_IRQHandler
                0x08000588                MDIOS_IRQHandler
                0x08000588                I2C4_EV_IRQHandler
                0x08000588                CAN3_TX_IRQHandler
                0x08000588                TIM2_IRQHandler
                0x08000588                OTG_FS_WKUP_IRQHandler
                0x08000588                TIM1_TRG_COM_TIM11_IRQHandler
                0x08000588                DMA2D_IRQHandler
                0x08000588                EXTI1_IRQHandler
                0x08000588                SDMMC2_IRQHandler
                0x08000588                UART7_IRQHandler
                0x08000588                USART2_IRQHandler
                0x08000588                DFSDM1_FLT0_IRQHandler
                0x08000588                I2C2_ER_IRQHandler
                0x08000588                DMA2_Stream1_IRQHandler
                0x08000588                CAN1_SCE_IRQHandler
                0x08000588                FLASH_IRQHandler
                0x08000588                DMA2_Stream4_IRQHandler
                0x08000588                USART1_IRQHandler
                0x08000588                OTG_FS_IRQHandler
                0x08000588                SPI3_IRQHandler
                0x08000588                DMA1_Stream4_IRQHandler
                0x08000588                I2C1_ER_IRQHandler
                0x08000588                FMC_IRQHandler
                0x08000588                LPTIM1_IRQHandler
                0x08000588                I2C4_ER_IRQHandler
                0x08000588                DMA2_Stream6_IRQHandler
                0x08000588                SAI1_IRQHandler
                0x08000588                DMA1_Stream3_IRQHandler
 *fill*         0x0800058a        0x2 
 .text.startup.main
                0x0800058c      0x13c Application/User/main.o
                0x0800058c                main
 .text.Toggle_Leds
                0x080006c8       0x24 Application/User/main.o
                0x080006c8                Toggle_Leds
 .text.NMI_Handler
                0x080006ec        0x2 Application/User/stm32f7xx_it.o
                0x080006ec                NMI_Handler
 .text.HardFault_Handler
                0x080006ee        0x2 Application/User/stm32f7xx_it.o
                0x080006ee                HardFault_Handler
 .text.MemManage_Handler
                0x080006f0        0x2 Application/User/stm32f7xx_it.o
                0x080006f0                MemManage_Handler
 .text.BusFault_Handler
                0x080006f2        0x2 Application/User/stm32f7xx_it.o
                0x080006f2                BusFault_Handler
 .text.UsageFault_Handler
                0x080006f4        0x2 Application/User/stm32f7xx_it.o
                0x080006f4                UsageFault_Handler
 .text.SVC_Handler
                0x080006f6        0x2 Application/User/stm32f7xx_it.o
                0x080006f6                SVC_Handler
 .text.DebugMon_Handler
                0x080006f8        0x2 Application/User/stm32f7xx_it.o
                0x080006f8                DebugMon_Handler
 .text.PendSV_Handler
                0x080006fa        0x2 Application/User/stm32f7xx_it.o
                0x080006fa                PendSV_Handler
 .text.SysTick_Handler
                0x080006fc        0xe Application/User/stm32f7xx_it.o
                0x080006fc                SysTick_Handler
 *fill*         0x0800070a        0x2 
 .text.OTG_HS_IRQHandler
                0x0800070c        0xc Application/User/stm32f7xx_it.o
                0x0800070c                OTG_HS_IRQHandler
 .text.HAL_PCD_MspInit
                0x08000718      0x138 Application/User/usbd_conf.o
                0x08000718                HAL_PCD_MspInit
 .text.HAL_PCD_SetupStageCallback
                0x08000850        0xc Application/User/usbd_conf.o
                0x08000850                HAL_PCD_SetupStageCallback
 .text.HAL_PCD_DataOutStageCallback
                0x0800085c       0x12 Application/User/usbd_conf.o
                0x0800085c                HAL_PCD_DataOutStageCallback
 .text.HAL_PCD_DataInStageCallback
                0x0800086e       0x10 Application/User/usbd_conf.o
                0x0800086e                HAL_PCD_DataInStageCallback
 .text.HAL_PCD_SOFCallback
                0x0800087e        0x8 Application/User/usbd_conf.o
                0x0800087e                HAL_PCD_SOFCallback
 .text.HAL_PCD_ResetCallback
                0x08000886       0x22 Application/User/usbd_conf.o
                0x08000886                HAL_PCD_ResetCallback
 .text.HAL_PCD_SuspendCallback
                0x080008a8        0x8 Application/User/usbd_conf.o
                0x080008a8                HAL_PCD_SuspendCallback
 .text.HAL_PCD_ResumeCallback
                0x080008b0        0x8 Application/User/usbd_conf.o
                0x080008b0                HAL_PCD_ResumeCallback
 .text.HAL_PCD_ISOOUTIncompleteCallback
                0x080008b8        0x8 Application/User/usbd_conf.o
                0x080008b8                HAL_PCD_ISOOUTIncompleteCallback
 .text.HAL_PCD_ISOINIncompleteCallback
                0x080008c0        0x8 Application/User/usbd_conf.o
                0x080008c0                HAL_PCD_ISOINIncompleteCallback
 .text.HAL_PCD_ConnectCallback
                0x080008c8        0x8 Application/User/usbd_conf.o
                0x080008c8                HAL_PCD_ConnectCallback
 .text.HAL_PCD_DisconnectCallback
                0x080008d0        0x8 Application/User/usbd_conf.o
                0x080008d0                HAL_PCD_DisconnectCallback
 .text.USBD_LL_Init
                0x080008d8       0x60 Application/User/usbd_conf.o
                0x080008d8                USBD_LL_Init
 .text.USBD_LL_Start
                0x08000938        0xe Application/User/usbd_conf.o
                0x08000938                USBD_LL_Start
 .text.USBD_LL_OpenEP
                0x08000946       0x14 Application/User/usbd_conf.o
                0x08000946                USBD_LL_OpenEP
 .text.USBD_LL_CloseEP
                0x0800095a        0xe Application/User/usbd_conf.o
                0x0800095a                USBD_LL_CloseEP
 .text.USBD_LL_FlushEP
                0x08000968        0xe Application/User/usbd_conf.o
                0x08000968                USBD_LL_FlushEP
 .text.USBD_LL_StallEP
                0x08000976        0xe Application/User/usbd_conf.o
                0x08000976                USBD_LL_StallEP
 .text.USBD_LL_ClearStallEP
                0x08000984        0xe Application/User/usbd_conf.o
                0x08000984                USBD_LL_ClearStallEP
 .text.USBD_LL_IsStallEP
                0x08000992       0x26 Application/User/usbd_conf.o
                0x08000992                USBD_LL_IsStallEP
 .text.USBD_LL_SetUSBAddress
                0x080009b8        0xe Application/User/usbd_conf.o
                0x080009b8                USBD_LL_SetUSBAddress
 .text.USBD_LL_Transmit
                0x080009c6        0xe Application/User/usbd_conf.o
                0x080009c6                USBD_LL_Transmit
 .text.USBD_LL_PrepareReceive
                0x080009d4        0xe Application/User/usbd_conf.o
                0x080009d4                USBD_LL_PrepareReceive
 .text.USBD_LL_GetRxDataSize
                0x080009e2        0xc Application/User/usbd_conf.o
                0x080009e2                USBD_LL_GetRxDataSize
 *fill*         0x080009ee        0x2 
 .text.USBD_MSC_DeviceDescriptor
                0x080009f0        0xc Application/User/usbd_desc.o
                0x080009f0                USBD_MSC_DeviceDescriptor
 .text.USBD_MSC_LangIDStrDescriptor
                0x080009fc        0xc Application/User/usbd_desc.o
                0x080009fc                USBD_MSC_LangIDStrDescriptor
 .text.IntToUnicode
                0x08000a08       0x28 Application/User/usbd_desc.o
 .text.USBD_MSC_SerialStrDescriptor
                0x08000a30       0x40 Application/User/usbd_desc.o
                0x08000a30                USBD_MSC_SerialStrDescriptor
 .text.USBD_MSC_ManufacturerStrDescriptor
                0x08000a70       0x1c Application/User/usbd_desc.o
                0x08000a70                USBD_MSC_ManufacturerStrDescriptor
 .text.USBD_MSC_ProductStrDescriptor
                0x08000a8c       0x24 Application/User/usbd_desc.o
                0x08000a8c                USBD_MSC_ProductStrDescriptor
 .text.USBD_MSC_ConfigStrDescriptor
                0x08000ab0       0x1c Application/User/usbd_desc.o
                0x08000ab0                USBD_MSC_ConfigStrDescriptor
 .text.USBD_MSC_InterfaceStrDescriptor
                0x08000acc       0x1c Application/User/usbd_desc.o
                0x08000acc                USBD_MSC_InterfaceStrDescriptor
 .text.STORAGE_IsWriteProtected
                0x08000ae8        0x4 Application/User/usbd_storage.o
                0x08000ae8                STORAGE_IsWriteProtected
 .text.STORAGE_GetMaxLun
                0x08000aec        0x4 Application/User/usbd_storage.o
                0x08000aec                STORAGE_GetMaxLun
 .text.STORAGE_Init
                0x08000af0        0xa Application/User/usbd_storage.o
                0x08000af0                STORAGE_Init
 .text.STORAGE_GetCapacity
                0x08000afa       0x28 Application/User/usbd_storage.o
                0x08000afa                STORAGE_GetCapacity
 .text.STORAGE_Read
                0x08000b22       0x26 Application/User/usbd_storage.o
                0x08000b22                STORAGE_Read
 .text.STORAGE_Write
                0x08000b48       0x26 Application/User/usbd_storage.o
                0x08000b48                STORAGE_Write
 *fill*         0x08000b6e        0x2 
 .text.STORAGE_IsReady
                0x08000b70       0x38 Application/User/usbd_storage.o
                0x08000b70                STORAGE_IsReady
 .text.BSP_LED_Init
                0x08000ba8       0x44 Drivers/BSP/STM32F769I-Discovery/stm32f769i_discovery.o
                0x08000ba8                BSP_LED_Init
 .text.BSP_LED_Toggle
                0x08000bec       0x14 Drivers/BSP/STM32F769I-Discovery/stm32f769i_discovery.o
                0x08000bec                BSP_LED_Toggle
 .text.BSP_SD_IsDetected
                0x08000c00       0x2c Drivers/BSP/STM32F769I-Discovery/stm32f769i_discovery_sd.o
                0x08000c00                BSP_SD_IsDetected
 .text.BSP_SD_ReadBlocks
                0x08000c2c       0x20 Drivers/BSP/STM32F769I-Discovery/stm32f769i_discovery_sd.o
                0x08000c2c                BSP_SD_ReadBlocks
 .text.BSP_SD_WriteBlocks
                0x08000c4c       0x20 Drivers/BSP/STM32F769I-Discovery/stm32f769i_discovery_sd.o
                0x08000c4c                BSP_SD_WriteBlocks
 .text.BSP_SD_MspInit
                0x08000c6c      0x190 Drivers/BSP/STM32F769I-Discovery/stm32f769i_discovery_sd.o
                0x08000c6c                BSP_SD_MspInit
 .text.BSP_SD_Detect_MspInit
                0x08000dfc       0x40 Drivers/BSP/STM32F769I-Discovery/stm32f769i_discovery_sd.o
                0x08000dfc                BSP_SD_Detect_MspInit
 .text.BSP_SD_Init
                0x08000e3c       0x5c Drivers/BSP/STM32F769I-Discovery/stm32f769i_discovery_sd.o
                0x08000e3c                BSP_SD_Init
 .text.BSP_SD_GetCardState
                0x08000e98       0x14 Drivers/BSP/STM32F769I-Discovery/stm32f769i_discovery_sd.o
                0x08000e98                BSP_SD_GetCardState
 .text.BSP_SD_GetCardInfo
                0x08000eac        0xc Drivers/BSP/STM32F769I-Discovery/stm32f769i_discovery_sd.o
                0x08000eac                BSP_SD_GetCardInfo
 .text.SystemInit
                0x08000eb8       0x4c Drivers/CMSIS/system_stm32f7xx.o
                0x08000eb8                SystemInit
 .text.HAL_MspInit
                0x08000f04        0x2 Drivers/STM32F7xx_HAL_Driver/stm32f7xx_hal.o
                0x08000f04                HAL_MspInit
 *fill*         0x08000f06        0x2 
 .text.HAL_InitTick
                0x08000f08       0x44 Drivers/STM32F7xx_HAL_Driver/stm32f7xx_hal.o
                0x08000f08                HAL_InitTick
 .text.HAL_Init
                0x08000f4c       0x24 Drivers/STM32F7xx_HAL_Driver/stm32f7xx_hal.o
                0x08000f4c                HAL_Init
 .text.HAL_IncTick
                0x08000f70       0x18 Drivers/STM32F7xx_HAL_Driver/stm32f7xx_hal.o
                0x08000f70                HAL_IncTick
 .text.HAL_GetTick
                0x08000f88        0xc Drivers/STM32F7xx_HAL_Driver/stm32f7xx_hal.o
                0x08000f88                HAL_GetTick
 .text.HAL_Delay
                0x08000f94       0x24 Drivers/STM32F7xx_HAL_Driver/stm32f7xx_hal.o
                0x08000f94                HAL_Delay
 .text.HAL_NVIC_SetPriorityGrouping
                0x08000fb8       0x24 Drivers/STM32F7xx_HAL_Driver/stm32f7xx_hal_cortex.o
                0x08000fb8                HAL_NVIC_SetPriorityGrouping
 .text.HAL_NVIC_SetPriority
                0x08000fdc       0x64 Drivers/STM32F7xx_HAL_Driver/stm32f7xx_hal_cortex.o
                0x08000fdc                HAL_NVIC_SetPriority
 .text.HAL_NVIC_EnableIRQ
                0x08001040       0x18 Drivers/STM32F7xx_HAL_Driver/stm32f7xx_hal_cortex.o
                0x08001040                HAL_NVIC_EnableIRQ
 .text.HAL_SYSTICK_Config
                0x08001058       0x2c Drivers/STM32F7xx_HAL_Driver/stm32f7xx_hal_cortex.o
                0x08001058                HAL_SYSTICK_Config
 .text.DMA_CalcBaseAndBitshift
                0x08001084       0x2c Drivers/STM32F7xx_HAL_Driver/stm32f7xx_hal_dma.o
 .text.HAL_DMA_Init
                0x080010b0       0xfc Drivers/STM32F7xx_HAL_Driver/stm32f7xx_hal_dma.o
                0x080010b0                HAL_DMA_Init
 .text.HAL_DMA_DeInit
                0x080011ac       0x54 Drivers/STM32F7xx_HAL_Driver/stm32f7xx_hal_dma.o
                0x080011ac                HAL_DMA_DeInit
 .text.HAL_GPIO_Init
                0x08001200      0x1d4 Drivers/STM32F7xx_HAL_Driver/stm32f7xx_hal_gpio.o
                0x08001200                HAL_GPIO_Init
 .text.HAL_GPIO_ReadPin
                0x080013d4        0xc Drivers/STM32F7xx_HAL_Driver/stm32f7xx_hal_gpio.o
                0x080013d4                HAL_GPIO_ReadPin
 .text.HAL_GPIO_TogglePin
                0x080013e0        0x8 Drivers/STM32F7xx_HAL_Driver/stm32f7xx_hal_gpio.o
                0x080013e0                HAL_GPIO_TogglePin
 .text.HAL_PCD_Init
                0x080013e8       0xec Drivers/STM32F7xx_HAL_Driver/stm32f7xx_hal_pcd.o
                0x080013e8                HAL_PCD_Init
 .text.HAL_PCD_Start
                0x080014d4       0x2a Drivers/STM32F7xx_HAL_Driver/stm32f7xx_hal_pcd.o
                0x080014d4                HAL_PCD_Start
 *fill*         0x080014fe        0x2 
 .text.HAL_PCD_IRQHandler
                0x08001500      0x668 Drivers/STM32F7xx_HAL_Driver/stm32f7xx_hal_pcd.o
                0x08001500                HAL_PCD_IRQHandler
 .text.HAL_PCD_SetAddress
                0x08001b68       0x28 Drivers/STM32F7xx_HAL_Driver/stm32f7xx_hal_pcd.o
                0x08001b68                HAL_PCD_SetAddress
 .text.HAL_PCD_EP_Open
                0x08001b90       0x70 Drivers/STM32F7xx_HAL_Driver/stm32f7xx_hal_pcd.o
                0x08001b90                HAL_PCD_EP_Open
 .text.HAL_PCD_EP_Close
                0x08001c00       0x5e Drivers/STM32F7xx_HAL_Driver/stm32f7xx_hal_pcd.o
                0x08001c00                HAL_PCD_EP_Close
 .text.HAL_PCD_EP_Receive
                0x08001c5e       0x48 Drivers/STM32F7xx_HAL_Driver/stm32f7xx_hal_pcd.o
                0x08001c5e                HAL_PCD_EP_Receive
 .text.HAL_PCD_EP_GetRxCount
                0x08001ca6       0x10 Drivers/STM32F7xx_HAL_Driver/stm32f7xx_hal_pcd.o
                0x08001ca6                HAL_PCD_EP_GetRxCount
 .text.HAL_PCD_EP_Transmit
                0x08001cb6       0x40 Drivers/STM32F7xx_HAL_Driver/stm32f7xx_hal_pcd.o
                0x08001cb6                HAL_PCD_EP_Transmit
 .text.HAL_PCD_EP_SetStall
                0x08001cf6       0x74 Drivers/STM32F7xx_HAL_Driver/stm32f7xx_hal_pcd.o
                0x08001cf6                HAL_PCD_EP_SetStall
 .text.HAL_PCD_EP_ClrStall
                0x08001d6a       0x6c Drivers/STM32F7xx_HAL_Driver/stm32f7xx_hal_pcd.o
                0x08001d6a                HAL_PCD_EP_ClrStall
 .text.HAL_PCD_EP_Flush
                0x08001dd6       0x32 Drivers/STM32F7xx_HAL_Driver/stm32f7xx_hal_pcd.o
                0x08001dd6                HAL_PCD_EP_Flush
 .text.HAL_PCDEx_SetTxFiFo
                0x08001e08       0x40 Drivers/STM32F7xx_HAL_Driver/stm32f7xx_hal_pcd_ex.o
                0x08001e08                HAL_PCDEx_SetTxFiFo
 .text.HAL_PCDEx_SetRxFiFo
                0x08001e48        0x8 Drivers/STM32F7xx_HAL_Driver/stm32f7xx_hal_pcd_ex.o
                0x08001e48                HAL_PCDEx_SetRxFiFo
 .text.HAL_PCDEx_ActivateLPM
                0x08001e50       0x26 Drivers/STM32F7xx_HAL_Driver/stm32f7xx_hal_pcd_ex.o
                0x08001e50                HAL_PCDEx_ActivateLPM
 .text.HAL_PCDEx_LPM_Callback
                0x08001e76        0x2 Drivers/STM32F7xx_HAL_Driver/stm32f7xx_hal_pcd_ex.o
                0x08001e76                HAL_PCDEx_LPM_Callback
 .text.HAL_PWREx_EnableOverDrive
                0x08001e78       0x70 Drivers/STM32F7xx_HAL_Driver/stm32f7xx_hal_pwr_ex.o
                0x08001e78                HAL_PWREx_EnableOverDrive
 .text.HAL_RCC_OscConfig
                0x08001ee8      0x328 Drivers/STM32F7xx_HAL_Driver/stm32f7xx_hal_rcc.o
                0x08001ee8                HAL_RCC_OscConfig
 .text.HAL_RCC_GetSysClockFreq
                0x08002210       0x5c Drivers/STM32F7xx_HAL_Driver/stm32f7xx_hal_rcc.o
                0x08002210                HAL_RCC_GetSysClockFreq
 .text.HAL_RCC_ClockConfig
                0x0800226c      0x138 Drivers/STM32F7xx_HAL_Driver/stm32f7xx_hal_rcc.o
                0x0800226c                HAL_RCC_ClockConfig
 .text.HAL_RCC_GetHCLKFreq
                0x080023a4        0xc Drivers/STM32F7xx_HAL_Driver/stm32f7xx_hal_rcc.o
                0x080023a4                HAL_RCC_GetHCLKFreq
 .text.HAL_RCCEx_PeriphCLKConfig
                0x080023b0      0x55c Drivers/STM32F7xx_HAL_Driver/stm32f7xx_hal_rcc_ex.o
                0x080023b0                HAL_RCCEx_PeriphCLKConfig
 .text.SD_FindSCR
                0x0800290c       0xca Drivers/STM32F7xx_HAL_Driver/stm32f7xx_hal_sd.o
 .text.HAL_SD_MspInit
                0x080029d6        0x2 Drivers/STM32F7xx_HAL_Driver/stm32f7xx_hal_sd.o
                0x080029d6                HAL_SD_MspInit
 .text.HAL_SD_ReadBlocks
                0x080029d8      0x1b6 Drivers/STM32F7xx_HAL_Driver/stm32f7xx_hal_sd.o
                0x080029d8                HAL_SD_ReadBlocks
 .text.HAL_SD_WriteBlocks
                0x08002b8e      0x17c Drivers/STM32F7xx_HAL_Driver/stm32f7xx_hal_sd.o
                0x08002b8e                HAL_SD_WriteBlocks
 .text.HAL_SD_GetCardCSD
                0x08002d0a      0x1ba Drivers/STM32F7xx_HAL_Driver/stm32f7xx_hal_sd.o
                0x08002d0a                HAL_SD_GetCardCSD
 .text.HAL_SD_InitCard
                0x08002ec4      0x1f0 Drivers/STM32F7xx_HAL_Driver/stm32f7xx_hal_sd.o
                0x08002ec4                HAL_SD_InitCard
 .text.HAL_SD_Init
                0x080030b4       0x34 Drivers/STM32F7xx_HAL_Driver/stm32f7xx_hal_sd.o
                0x080030b4                HAL_SD_Init
 .text.HAL_SD_GetCardInfo
                0x080030e8       0x24 Drivers/STM32F7xx_HAL_Driver/stm32f7xx_hal_sd.o
                0x080030e8                HAL_SD_GetCardInfo
 .text.HAL_SD_ConfigWideBusOperation
                0x0800310c      0x104 Drivers/STM32F7xx_HAL_Driver/stm32f7xx_hal_sd.o
                0x0800310c                HAL_SD_ConfigWideBusOperation
 .text.HAL_SD_GetCardState
                0x08003210       0x28 Drivers/STM32F7xx_HAL_Driver/stm32f7xx_hal_sd.o
                0x08003210                HAL_SD_GetCardState
 .text.SDMMC_GetCmdResp2
                0x08003238       0x4c Drivers/STM32F7xx_HAL_Driver/stm32f7xx_ll_sdmmc.o
 .text.SDMMC_GetCmdResp3
                0x08003284       0x44 Drivers/STM32F7xx_HAL_Driver/stm32f7xx_ll_sdmmc.o
 .text.SDMMC_Init
                0x080032c8       0x38 Drivers/STM32F7xx_HAL_Driver/stm32f7xx_ll_sdmmc.o
                0x080032c8                SDMMC_Init
 .text.SDMMC_ReadFIFO
                0x08003300        0x6 Drivers/STM32F7xx_HAL_Driver/stm32f7xx_ll_sdmmc.o
                0x08003300                SDMMC_ReadFIFO
 .text.SDMMC_WriteFIFO
                0x08003306        0xa Drivers/STM32F7xx_HAL_Driver/stm32f7xx_ll_sdmmc.o
                0x08003306                SDMMC_WriteFIFO
 .text.SDMMC_PowerState_ON
                0x08003310        0x8 Drivers/STM32F7xx_HAL_Driver/stm32f7xx_ll_sdmmc.o
                0x08003310                SDMMC_PowerState_ON
 .text.SDMMC_GetPowerState
                0x08003318        0x8 Drivers/STM32F7xx_HAL_Driver/stm32f7xx_ll_sdmmc.o
                0x08003318                SDMMC_GetPowerState
 .text.SDMMC_SendCommand
                0x08003320       0x26 Drivers/STM32F7xx_HAL_Driver/stm32f7xx_ll_sdmmc.o
                0x08003320                SDMMC_SendCommand
 .text.SDMMC_GetResponse
                0x08003346       0x14 Drivers/STM32F7xx_HAL_Driver/stm32f7xx_ll_sdmmc.o
                0x08003346                SDMMC_GetResponse
 *fill*         0x0800335a        0x2 
 .text.SDMMC_GetCmdResp1
                0x0800335c      0x11c Drivers/STM32F7xx_HAL_Driver/stm32f7xx_ll_sdmmc.o
 .text.SDMMC_ConfigData
                0x08003478       0x26 Drivers/STM32F7xx_HAL_Driver/stm32f7xx_ll_sdmmc.o
                0x08003478                SDMMC_ConfigData
 .text.SDMMC_CmdBlockLength
                0x0800349e       0x30 Drivers/STM32F7xx_HAL_Driver/stm32f7xx_ll_sdmmc.o
                0x0800349e                SDMMC_CmdBlockLength
 .text.SDMMC_CmdReadSingleBlock
                0x080034ce       0x30 Drivers/STM32F7xx_HAL_Driver/stm32f7xx_ll_sdmmc.o
                0x080034ce                SDMMC_CmdReadSingleBlock
 .text.SDMMC_CmdReadMultiBlock
                0x080034fe       0x30 Drivers/STM32F7xx_HAL_Driver/stm32f7xx_ll_sdmmc.o
                0x080034fe                SDMMC_CmdReadMultiBlock
 .text.SDMMC_CmdWriteSingleBlock
                0x0800352e       0x30 Drivers/STM32F7xx_HAL_Driver/stm32f7xx_ll_sdmmc.o
                0x0800352e                SDMMC_CmdWriteSingleBlock
 .text.SDMMC_CmdWriteMultiBlock
                0x0800355e       0x30 Drivers/STM32F7xx_HAL_Driver/stm32f7xx_ll_sdmmc.o
                0x0800355e                SDMMC_CmdWriteMultiBlock
 *fill*         0x0800358e        0x2 
 .text.SDMMC_CmdStopTransfer
                0x08003590       0x34 Drivers/STM32F7xx_HAL_Driver/stm32f7xx_ll_sdmmc.o
                0x08003590                SDMMC_CmdStopTransfer
 .text.SDMMC_CmdSelDesel
                0x080035c4       0x30 Drivers/STM32F7xx_HAL_Driver/stm32f7xx_ll_sdmmc.o
                0x080035c4                SDMMC_CmdSelDesel
 .text.SDMMC_CmdGoIdleState
                0x080035f4       0x50 Drivers/STM32F7xx_HAL_Driver/stm32f7xx_ll_sdmmc.o
                0x080035f4                SDMMC_CmdGoIdleState
 .text.SDMMC_CmdOperCond
                0x08003644       0x70 Drivers/STM32F7xx_HAL_Driver/stm32f7xx_ll_sdmmc.o
                0x08003644                SDMMC_CmdOperCond
 .text.SDMMC_CmdAppCommand
                0x080036b4       0x30 Drivers/STM32F7xx_HAL_Driver/stm32f7xx_ll_sdmmc.o
                0x080036b4                SDMMC_CmdAppCommand
 .text.SDMMC_CmdAppOperCommand
                0x080036e4       0x32 Drivers/STM32F7xx_HAL_Driver/stm32f7xx_ll_sdmmc.o
                0x080036e4                SDMMC_CmdAppOperCommand
 .text.SDMMC_CmdBusWidth
                0x08003716       0x30 Drivers/STM32F7xx_HAL_Driver/stm32f7xx_ll_sdmmc.o
                0x08003716                SDMMC_CmdBusWidth
 .text.SDMMC_CmdSendSCR
                0x08003746       0x30 Drivers/STM32F7xx_HAL_Driver/stm32f7xx_ll_sdmmc.o
                0x08003746                SDMMC_CmdSendSCR
 .text.SDMMC_CmdSendCID
                0x08003776       0x2a Drivers/STM32F7xx_HAL_Driver/stm32f7xx_ll_sdmmc.o
                0x08003776                SDMMC_CmdSendCID
 .text.SDMMC_CmdSendCSD
                0x080037a0       0x2a Drivers/STM32F7xx_HAL_Driver/stm32f7xx_ll_sdmmc.o
                0x080037a0                SDMMC_CmdSendCSD
 *fill*         0x080037ca        0x2 
 .text.SDMMC_CmdSetRelAdd
                0x080037cc       0xa8 Drivers/STM32F7xx_HAL_Driver/stm32f7xx_ll_sdmmc.o
                0x080037cc                SDMMC_CmdSetRelAdd
 .text.SDMMC_CmdSendStatus
                0x08003874       0x30 Drivers/STM32F7xx_HAL_Driver/stm32f7xx_ll_sdmmc.o
                0x08003874                SDMMC_CmdSendStatus
 .text.USB_CoreReset
                0x080038a4       0x30 Drivers/STM32F7xx_HAL_Driver/stm32f7xx_ll_usb.o
 .text.USB_CoreInit
                0x080038d4       0x76 Drivers/STM32F7xx_HAL_Driver/stm32f7xx_ll_usb.o
                0x080038d4                USB_CoreInit
 .text.USB_EnableGlobalInt
                0x0800394a        0xc Drivers/STM32F7xx_HAL_Driver/stm32f7xx_ll_usb.o
                0x0800394a                USB_EnableGlobalInt
 .text.USB_DisableGlobalInt
                0x08003956        0xc Drivers/STM32F7xx_HAL_Driver/stm32f7xx_ll_usb.o
                0x08003956                USB_DisableGlobalInt
 .text.USB_SetCurrentMode
                0x08003962       0x2e Drivers/STM32F7xx_HAL_Driver/stm32f7xx_ll_usb.o
                0x08003962                USB_SetCurrentMode
 .text.USB_FlushTxFifo
                0x08003990       0x24 Drivers/STM32F7xx_HAL_Driver/stm32f7xx_ll_usb.o
                0x08003990                USB_FlushTxFifo
 .text.USB_FlushRxFifo
                0x080039b4       0x20 Drivers/STM32F7xx_HAL_Driver/stm32f7xx_ll_usb.o
                0x080039b4                USB_FlushRxFifo
 .text.USB_SetDevSpeed
                0x080039d4        0xe Drivers/STM32F7xx_HAL_Driver/stm32f7xx_ll_usb.o
                0x080039d4                USB_SetDevSpeed
 *fill*         0x080039e2        0x2 
 .text.USB_DevInit
                0x080039e4      0x170 Drivers/STM32F7xx_HAL_Driver/stm32f7xx_ll_usb.o
                0x080039e4                USB_DevInit
 .text.USB_GetDevSpeed
                0x08003b54       0x1c Drivers/STM32F7xx_HAL_Driver/stm32f7xx_ll_usb.o
                0x08003b54                USB_GetDevSpeed
 .text.USB_ActivateEndpoint
                0x08003b70       0x7c Drivers/STM32F7xx_HAL_Driver/stm32f7xx_ll_usb.o
                0x08003b70                USB_ActivateEndpoint
 .text.USB_DeactivateEndpoint
                0x08003bec       0x60 Drivers/STM32F7xx_HAL_Driver/stm32f7xx_ll_usb.o
                0x08003bec                USB_DeactivateEndpoint
 .text.USB_EP0StartXfer
                0x08003c4c       0xe8 Drivers/STM32F7xx_HAL_Driver/stm32f7xx_ll_usb.o
                0x08003c4c                USB_EP0StartXfer
 .text.USB_WritePacket
                0x08003d34       0x28 Drivers/STM32F7xx_HAL_Driver/stm32f7xx_ll_usb.o
                0x08003d34                USB_WritePacket
 .text.USB_EPStartXfer
                0x08003d5c      0x198 Drivers/STM32F7xx_HAL_Driver/stm32f7xx_ll_usb.o
                0x08003d5c                USB_EPStartXfer
 .text.USB_ReadPacket
                0x08003ef4       0x1c Drivers/STM32F7xx_HAL_Driver/stm32f7xx_ll_usb.o
                0x08003ef4                USB_ReadPacket
 .text.USB_EPSetStall
                0x08003f10       0x56 Drivers/STM32F7xx_HAL_Driver/stm32f7xx_ll_usb.o
                0x08003f10                USB_EPSetStall
 .text.USB_EPClearStall
                0x08003f66       0x52 Drivers/STM32F7xx_HAL_Driver/stm32f7xx_ll_usb.o
                0x08003f66                USB_EPClearStall
 .text.USB_SetDevAddress
                0x08003fb8       0x20 Drivers/STM32F7xx_HAL_Driver/stm32f7xx_ll_usb.o
                0x08003fb8                USB_SetDevAddress
 .text.USB_DevConnect
                0x08003fd8       0x18 Drivers/STM32F7xx_HAL_Driver/stm32f7xx_ll_usb.o
                0x08003fd8                USB_DevConnect
 .text.USB_DevDisconnect
                0x08003ff0       0x18 Drivers/STM32F7xx_HAL_Driver/stm32f7xx_ll_usb.o
                0x08003ff0                USB_DevDisconnect
 .text.USB_ReadInterrupts
                0x08004008        0x8 Drivers/STM32F7xx_HAL_Driver/stm32f7xx_ll_usb.o
                0x08004008                USB_ReadInterrupts
 .text.USB_ReadDevAllOutEpInterrupt
                0x08004010       0x10 Drivers/STM32F7xx_HAL_Driver/stm32f7xx_ll_usb.o
                0x08004010                USB_ReadDevAllOutEpInterrupt
 .text.USB_ReadDevAllInEpInterrupt
                0x08004020       0x10 Drivers/STM32F7xx_HAL_Driver/stm32f7xx_ll_usb.o
                0x08004020                USB_ReadDevAllInEpInterrupt
 .text.USB_ReadDevOutEPInterrupt
                0x08004030       0x12 Drivers/STM32F7xx_HAL_Driver/stm32f7xx_ll_usb.o
                0x08004030                USB_ReadDevOutEPInterrupt
 .text.USB_ReadDevInEPInterrupt
                0x08004042       0x24 Drivers/STM32F7xx_HAL_Driver/stm32f7xx_ll_usb.o
                0x08004042                USB_ReadDevInEPInterrupt
 .text.USB_GetMode
                0x08004066        0x8 Drivers/STM32F7xx_HAL_Driver/stm32f7xx_ll_usb.o
                0x08004066                USB_GetMode
 .text.USB_ActivateSetup
                0x0800406e       0x36 Drivers/STM32F7xx_HAL_Driver/stm32f7xx_ll_usb.o
                0x0800406e                USB_ActivateSetup
 .text.USB_EP0_OutStart
                0x080040a4       0x40 Drivers/STM32F7xx_HAL_Driver/stm32f7xx_ll_usb.o
                0x080040a4                USB_EP0_OutStart
 .text.USBD_MSC_GetHSCfgDesc
                0x080040e4        0xc Middlewares/STM32_USBD_Library/Class/MSC/usbd_msc.o
                0x080040e4                USBD_MSC_GetHSCfgDesc
 .text.USBD_MSC_GetFSCfgDesc
                0x080040f0        0xc Middlewares/STM32_USBD_Library/Class/MSC/usbd_msc.o
                0x080040f0                USBD_MSC_GetFSCfgDesc
 .text.USBD_MSC_GetOtherSpeedCfgDesc
                0x080040fc        0xc Middlewares/STM32_USBD_Library/Class/MSC/usbd_msc.o
                0x080040fc                USBD_MSC_GetOtherSpeedCfgDesc
 .text.USBD_MSC_GetDeviceQualifierDescriptor
                0x08004108        0xc Middlewares/STM32_USBD_Library/Class/MSC/usbd_msc.o
                0x08004108                USBD_MSC_GetDeviceQualifierDescriptor
 .text.USBD_MSC_Init
                0x08004114       0x5a Middlewares/STM32_USBD_Library/Class/MSC/usbd_msc.o
                0x08004114                USBD_MSC_Init
 .text.USBD_MSC_DeInit
                0x0800416e       0x32 Middlewares/STM32_USBD_Library/Class/MSC/usbd_msc.o
                0x0800416e                USBD_MSC_DeInit
 .text.USBD_MSC_Setup
                0x080041a0      0x14c Middlewares/STM32_USBD_Library/Class/MSC/usbd_msc.o
                0x080041a0                USBD_MSC_Setup
 .text.USBD_MSC_DataIn
                0x080042ec        0xa Middlewares/STM32_USBD_Library/Class/MSC/usbd_msc.o
                0x080042ec                USBD_MSC_DataIn
 .text.USBD_MSC_DataOut
                0x080042f6        0xa Middlewares/STM32_USBD_Library/Class/MSC/usbd_msc.o
                0x080042f6                USBD_MSC_DataOut
 .text.USBD_MSC_RegisterStorage
                0x08004300        0xa Middlewares/STM32_USBD_Library/Class/MSC/usbd_msc.o
                0x08004300                USBD_MSC_RegisterStorage
 .text.MSC_BOT_Abort
                0x0800430a       0x40 Middlewares/STM32_USBD_Library/Class/MSC/usbd_msc_bot.o
 .text.MSC_BOT_Init
                0x0800434a       0x3a Middlewares/STM32_USBD_Library/Class/MSC/usbd_msc_bot.o
                0x0800434a                MSC_BOT_Init
 .text.MSC_BOT_Reset
                0x08004384       0x16 Middlewares/STM32_USBD_Library/Class/MSC/usbd_msc_bot.o
                0x08004384                MSC_BOT_Reset
 .text.MSC_BOT_DeInit
                0x0800439a        0xa Middlewares/STM32_USBD_Library/Class/MSC/usbd_msc_bot.o
                0x0800439a                MSC_BOT_DeInit
 .text.MSC_BOT_SendCSW
                0x080043a4       0x38 Middlewares/STM32_USBD_Library/Class/MSC/usbd_msc_bot.o
                0x080043a4                MSC_BOT_SendCSW
 .text.MSC_BOT_DataIn
                0x080043dc       0x36 Middlewares/STM32_USBD_Library/Class/MSC/usbd_msc_bot.o
                0x080043dc                MSC_BOT_DataIn
 *fill*         0x08004412        0x2 
 .text.MSC_BOT_DataOut
                0x08004414       0xdc Middlewares/STM32_USBD_Library/Class/MSC/usbd_msc_bot.o
                0x08004414                MSC_BOT_DataOut
 .text.MSC_BOT_CplClrFeature
                0x080044f0       0x2a Middlewares/STM32_USBD_Library/Class/MSC/usbd_msc_bot.o
                0x080044f0                MSC_BOT_CplClrFeature
 .text.SCSI_SenseCode.constprop.8
                0x0800451a       0x28 Middlewares/STM32_USBD_Library/Class/MSC/usbd_msc_scsi.o
 *fill*         0x08004542        0x2 
 .text.SCSI_ProcessCmd
                0x08004544      0x444 Middlewares/STM32_USBD_Library/Class/MSC/usbd_msc_scsi.o
                0x08004544                SCSI_ProcessCmd
 .text.SCSI_SenseCode
                0x08004988       0x28 Middlewares/STM32_USBD_Library/Class/MSC/usbd_msc_scsi.o
                0x08004988                SCSI_SenseCode
 .text.USBD_Init
                0x080049b0       0x2a Middlewares/STM32_USBD_Library/Core/usbd_core.o
                0x080049b0                USBD_Init
 .text.USBD_RegisterClass
                0x080049da        0xe Middlewares/STM32_USBD_Library/Core/usbd_core.o
                0x080049da                USBD_RegisterClass
 .text.USBD_Start
                0x080049e8        0xa Middlewares/STM32_USBD_Library/Core/usbd_core.o
                0x080049e8                USBD_Start
 .text.USBD_SetClassConfig
                0x080049f2       0x16 Middlewares/STM32_USBD_Library/Core/usbd_core.o
                0x080049f2                USBD_SetClassConfig
 .text.USBD_ClrClassConfig
                0x08004a08        0xe Middlewares/STM32_USBD_Library/Core/usbd_core.o
                0x08004a08                USBD_ClrClassConfig
 .text.USBD_LL_SetupStage
                0x08004a16       0x5a Middlewares/STM32_USBD_Library/Core/usbd_core.o
                0x08004a16                USBD_LL_SetupStage
 .text.USBD_LL_DataOutStage
                0x08004a70       0x70 Middlewares/STM32_USBD_Library/Core/usbd_core.o
                0x08004a70                USBD_LL_DataOutStage
 .text.USBD_LL_DataInStage
                0x08004ae0       0xb6 Middlewares/STM32_USBD_Library/Core/usbd_core.o
                0x08004ae0                USBD_LL_DataInStage
 .text.USBD_LL_Reset
                0x08004b96       0x4e Middlewares/STM32_USBD_Library/Core/usbd_core.o
                0x08004b96                USBD_LL_Reset
 .text.USBD_LL_SetSpeed
                0x08004be4        0x6 Middlewares/STM32_USBD_Library/Core/usbd_core.o
                0x08004be4                USBD_LL_SetSpeed
 .text.USBD_LL_Suspend
                0x08004bea       0x12 Middlewares/STM32_USBD_Library/Core/usbd_core.o
                0x08004bea                USBD_LL_Suspend
 .text.USBD_LL_Resume
                0x08004bfc        0xc Middlewares/STM32_USBD_Library/Core/usbd_core.o
                0x08004bfc                USBD_LL_Resume
 .text.USBD_LL_SOF
                0x08004c08       0x18 Middlewares/STM32_USBD_Library/Core/usbd_core.o
                0x08004c08                USBD_LL_SOF
 .text.USBD_LL_IsoINIncomplete
                0x08004c20        0x4 Middlewares/STM32_USBD_Library/Core/usbd_core.o
                0x08004c20                USBD_LL_IsoINIncomplete
 .text.USBD_LL_IsoOUTIncomplete
                0x08004c24        0x4 Middlewares/STM32_USBD_Library/Core/usbd_core.o
                0x08004c24                USBD_LL_IsoOUTIncomplete
 .text.USBD_LL_DevConnected
                0x08004c28        0x4 Middlewares/STM32_USBD_Library/Core/usbd_core.o
                0x08004c28                USBD_LL_DevConnected
 .text.USBD_LL_DevDisconnected
                0x08004c2c       0x16 Middlewares/STM32_USBD_Library/Core/usbd_core.o
                0x08004c2c                USBD_LL_DevDisconnected
 .text.USBD_CtlError.constprop.1
                0x08004c42       0x16 Middlewares/STM32_USBD_Library/Core/usbd_ctlreq.o
 .text.USBD_StdDevReq
                0x08004c58      0x234 Middlewares/STM32_USBD_Library/Core/usbd_ctlreq.o
                0x08004c58                USBD_StdDevReq
 .text.USBD_StdItfReq
                0x08004e8c       0x4a Middlewares/STM32_USBD_Library/Core/usbd_ctlreq.o
                0x08004e8c                USBD_StdItfReq
 .text.USBD_StdEPReq
                0x08004ed6      0x112 Middlewares/STM32_USBD_Library/Core/usbd_ctlreq.o
                0x08004ed6                USBD_StdEPReq
 .text.USBD_ParseSetupRequest
                0x08004fe8       0x28 Middlewares/STM32_USBD_Library/Core/usbd_ctlreq.o
                0x08004fe8                USBD_ParseSetupRequest
 .text.USBD_CtlError
                0x08005010       0x16 Middlewares/STM32_USBD_Library/Core/usbd_ctlreq.o
                0x08005010                USBD_CtlError
 .text.USBD_GetString
                0x08005026       0x38 Middlewares/STM32_USBD_Library/Core/usbd_ctlreq.o
                0x08005026                USBD_GetString
 .text.USBD_CtlSendData
                0x0800505e       0x1a Middlewares/STM32_USBD_Library/Core/usbd_ioreq.o
                0x0800505e                USBD_CtlSendData
 .text.USBD_CtlContinueSendData
                0x08005078       0x10 Middlewares/STM32_USBD_Library/Core/usbd_ioreq.o
                0x08005078                USBD_CtlContinueSendData
 .text.USBD_CtlContinueRx
                0x08005088       0x10 Middlewares/STM32_USBD_Library/Core/usbd_ioreq.o
                0x08005088                USBD_CtlContinueRx
 .text.USBD_CtlSendStatus
                0x08005098       0x16 Middlewares/STM32_USBD_Library/Core/usbd_ioreq.o
                0x08005098                USBD_CtlSendStatus
 .text.USBD_CtlReceiveStatus
                0x080050ae       0x16 Middlewares/STM32_USBD_Library/Core/usbd_ioreq.o
                0x080050ae                USBD_CtlReceiveStatus
 .text.__libc_init_array
                0x080050c4       0x48 c:/ac6/systemworkbench/plugins/fr.ac6.mcu.externaltools.arm-none.win32_1.16.0.201807130628/tools/compiler/bin/../lib/gcc/arm-none-eabi/7.2.1/../../../../arm-none-eabi/lib/thumb/v7e-m/fpv4-sp/hard\libc_nano.a(lib_a-init.o)
                0x080050c4                __libc_init_array
 .text.malloc   0x0800510c       0x10 c:/ac6/systemworkbench/plugins/fr.ac6.mcu.externaltools.arm-none.win32_1.16.0.201807130628/tools/compiler/bin/../lib/gcc/arm-none-eabi/7.2.1/../../../../arm-none-eabi/lib/thumb/v7e-m/fpv4-sp/hard\libc_nano.a(lib_a-malloc.o)
                0x0800510c                malloc
 .text.free     0x0800511c       0x10 c:/ac6/systemworkbench/plugins/fr.ac6.mcu.externaltools.arm-none.win32_1.16.0.201807130628/tools/compiler/bin/../lib/gcc/arm-none-eabi/7.2.1/../../../../arm-none-eabi/lib/thumb/v7e-m/fpv4-sp/hard\libc_nano.a(lib_a-malloc.o)
                0x0800511c                free
 .text._free_r  0x0800512c       0x9c c:/ac6/systemworkbench/plugins/fr.ac6.mcu.externaltools.arm-none.win32_1.16.0.201807130628/tools/compiler/bin/../lib/gcc/arm-none-eabi/7.2.1/../../../../arm-none-eabi/lib/thumb/v7e-m/fpv4-sp/hard\libc_nano.a(lib_a-nano-freer.o)
                0x0800512c                _free_r
 .text._malloc_r
                0x080051c8       0xb4 c:/ac6/systemworkbench/plugins/fr.ac6.mcu.externaltools.arm-none.win32_1.16.0.201807130628/tools/compiler/bin/../lib/gcc/arm-none-eabi/7.2.1/../../../../arm-none-eabi/lib/thumb/v7e-m/fpv4-sp/hard\libc_nano.a(lib_a-nano-mallocr.o)
                0x080051c8                _malloc_r
 .text._sbrk_r  0x0800527c       0x20 c:/ac6/systemworkbench/plugins/fr.ac6.mcu.externaltools.arm-none.win32_1.16.0.201807130628/tools/compiler/bin/../lib/gcc/arm-none-eabi/7.2.1/../../../../arm-none-eabi/lib/thumb/v7e-m/fpv4-sp/hard\libc_nano.a(lib_a-sbrkr.o)
                0x0800527c                _sbrk_r
 .text.__malloc_lock
                0x0800529c        0x2 c:/ac6/systemworkbench/plugins/fr.ac6.mcu.externaltools.arm-none.win32_1.16.0.201807130628/tools/compiler/bin/../lib/gcc/arm-none-eabi/7.2.1/../../../../arm-none-eabi/lib/thumb/v7e-m/fpv4-sp/hard\libc_nano.a(lib_a-mlock.o)
                0x0800529c                __malloc_lock
 .text.__malloc_unlock
                0x0800529e        0x2 c:/ac6/systemworkbench/plugins/fr.ac6.mcu.externaltools.arm-none.win32_1.16.0.201807130628/tools/compiler/bin/../lib/gcc/arm-none-eabi/7.2.1/../../../../arm-none-eabi/lib/thumb/v7e-m/fpv4-sp/hard\libc_nano.a(lib_a-mlock.o)
                0x0800529e                __malloc_unlock
 .text._sbrk    0x080052a0       0x1c c:/ac6/systemworkbench/plugins/fr.ac6.mcu.externaltools.arm-none.win32_1.16.0.201807130628/tools/compiler/bin/../lib/gcc/arm-none-eabi/7.2.1/../../../../arm-none-eabi/lib/thumb/v7e-m/fpv4-sp/hard\libnosys.a(sbrk.o)
                0x080052a0                _sbrk
 *(.glue_7)
 .glue_7        0x080052bc        0x0 linker stubs
 *(.glue_7t)
 .glue_7t       0x080052bc        0x0 linker stubs
 *(.eh_frame)
 .eh_frame      0x080052bc        0x0 c:/ac6/systemworkbench/plugins/fr.ac6.mcu.externaltools.arm-none.win32_1.16.0.201807130628/tools/compiler/bin/../lib/gcc/arm-none-eabi/7.2.1/thumb/v7e-m/fpv4-sp/hard/crtbegin.o
 *(.init)
 .init          0x080052bc        0x4 c:/ac6/systemworkbench/plugins/fr.ac6.mcu.externaltools.arm-none.win32_1.16.0.201807130628/tools/compiler/bin/../lib/gcc/arm-none-eabi/7.2.1/thumb/v7e-m/fpv4-sp/hard/crti.o
                0x080052bc                _init
 .init          0x080052c0        0x8 c:/ac6/systemworkbench/plugins/fr.ac6.mcu.externaltools.arm-none.win32_1.16.0.201807130628/tools/compiler/bin/../lib/gcc/arm-none-eabi/7.2.1/thumb/v7e-m/fpv4-sp/hard/crtn.o
 *(.fini)
 .fini          0x080052c8        0x4 c:/ac6/systemworkbench/plugins/fr.ac6.mcu.externaltools.arm-none.win32_1.16.0.201807130628/tools/compiler/bin/../lib/gcc/arm-none-eabi/7.2.1/thumb/v7e-m/fpv4-sp/hard/crti.o
                0x080052c8                _fini
 .fini          0x080052cc        0x8 c:/ac6/systemworkbench/plugins/fr.ac6.mcu.externaltools.arm-none.win32_1.16.0.201807130628/tools/compiler/bin/../lib/gcc/arm-none-eabi/7.2.1/thumb/v7e-m/fpv4-sp/hard/crtn.o
                0x080052d4                . = ALIGN (0x4)
                0x080052d4                _etext = .

.vfp11_veneer   0x080052d4        0x0
 .vfp11_veneer  0x080052d4        0x0 linker stubs

.v4_bx          0x080052d4        0x0
 .v4_bx         0x080052d4        0x0 linker stubs

.iplt           0x080052d4        0x0
 .iplt          0x080052d4        0x0 c:/ac6/systemworkbench/plugins/fr.ac6.mcu.externaltools.arm-none.win32_1.16.0.201807130628/tools/compiler/bin/../lib/gcc/arm-none-eabi/7.2.1/thumb/v7e-m/fpv4-sp/hard/crtbegin.o

.rodata         0x080052d4       0x94
                0x080052d4                . = ALIGN (0x4)
 *(.rodata)
 .rodata        0x080052d4       0x18 Drivers/CMSIS/system_stm32f7xx.o
                0x080052d4                AHBPrescTable
                0x080052e4                APBPrescTable
 .rodata        0x080052ec        0x8 Drivers/STM32F7xx_HAL_Driver/stm32f7xx_hal_dma.o
 .rodata        0x080052f4       0x17 Middlewares/STM32_USBD_Library/Class/MSC/usbd_msc_data.o
                0x080052f4                MSC_Mode_Sense10_data
                0x080052fc                MSC_Mode_Sense6_data
                0x08005304                MSC_Page00_Inquiry_Data
 *(.rodata*)
 .rodata.str1.1
                0x0800530b       0x5c Application/User/usbd_desc.o
                0x08005368                . = ALIGN (0x4)
 *fill*         0x08005367        0x1 

.ARM.extab
 *(.ARM.extab* .gnu.linkonce.armextab.*)

.ARM            0x08005368        0x8
                0x08005368                __exidx_start = .
 *(.ARM.exidx*)
 .ARM.exidx     0x08005368        0x8 c:/ac6/systemworkbench/plugins/fr.ac6.mcu.externaltools.arm-none.win32_1.16.0.201807130628/tools/compiler/bin/../lib/gcc/arm-none-eabi/7.2.1/thumb/v7e-m/fpv4-sp/hard\libgcc.a(_udivmoddi4.o)
                0x08005370                __exidx_end = .

.rel.dyn        0x08005370        0x0
 .rel.iplt      0x08005370        0x0 c:/ac6/systemworkbench/plugins/fr.ac6.mcu.externaltools.arm-none.win32_1.16.0.201807130628/tools/compiler/bin/../lib/gcc/arm-none-eabi/7.2.1/thumb/v7e-m/fpv4-sp/hard/crtbegin.o

.preinit_array  0x08005370        0x0
                0x08005370                PROVIDE (__preinit_array_start, .)
 *(.preinit_array*)
                0x08005370                PROVIDE (__preinit_array_end, .)

.init_array     0x08005370        0x4
                0x08005370                PROVIDE (__init_array_start, .)
 *(SORT_BY_NAME(.init_array.*))
 *(.init_array*)
 .init_array    0x08005370        0x4 c:/ac6/systemworkbench/plugins/fr.ac6.mcu.externaltools.arm-none.win32_1.16.0.201807130628/tools/compiler/bin/../lib/gcc/arm-none-eabi/7.2.1/thumb/v7e-m/fpv4-sp/hard/crtbegin.o
                0x08005374                PROVIDE (__init_array_end, .)

.fini_array     0x08005374        0x4
                [!provide]                PROVIDE (__fini_array_start, .)
 *(SORT_BY_NAME(.fini_array.*))
 *(.fini_array*)
 .fini_array    0x08005374        0x4 c:/ac6/systemworkbench/plugins/fr.ac6.mcu.externaltools.arm-none.win32_1.16.0.201807130628/tools/compiler/bin/../lib/gcc/arm-none-eabi/7.2.1/thumb/v7e-m/fpv4-sp/hard/crtbegin.o
                [!provide]                PROVIDE (__fini_array_end, .)
                0x08005378                _sidata = LOADADDR (.data)

.data           0x20000000      0x1bc load address 0x08005378
                0x20000000                . = ALIGN (0x4)
                0x20000000                _sdata = .
 *(.data)
 .data          0x20000000       0x50 Application/User/usbd_desc.o
                0x20000000                USBD_DeviceDesc
                0x20000014                USBD_LangIDDesc
                0x20000018                USBD_StringSerial
                0x20000034                MSC_Desc
 .data          0x20000050       0x44 Application/User/usbd_storage.o
                0x20000050                USBD_DISK_fops
                0x20000070                STORAGE_Inquirydata
 .data          0x20000094       0x14 Drivers/BSP/STM32F769I-Discovery/stm32f769i_discovery.o
                0x20000094                GPIO_PIN
                0x2000009c                GPIO_PORT
                0x200000a4                BUTTON_PORT
 .data          0x200000a8        0x4 Drivers/CMSIS/system_stm32f7xx.o
                0x200000a8                SystemCoreClock
 .data          0x200000ac        0x8 Drivers/STM32F7xx_HAL_Driver/stm32f7xx_hal.o
                0x200000ac                uwTickFreq
                0x200000b0                uwTickPrio
 .data          0x200000b4       0xa4 Middlewares/STM32_USBD_Library/Class/MSC/usbd_msc.o
                0x200000b4                USBD_MSC_CfgHSDesc
                0x200000d4                USBD_MSC_CfgFSDesc
                0x200000f4                USBD_MSC_OtherSpeedCfgDesc
                0x20000114                USBD_MSC_DeviceQualifierDesc
                0x20000120                USBD_MSC
 *(.data*)
 .data._impure_ptr
                0x20000158        0x4 c:/ac6/systemworkbench/plugins/fr.ac6.mcu.externaltools.arm-none.win32_1.16.0.201807130628/tools/compiler/bin/../lib/gcc/arm-none-eabi/7.2.1/../../../../arm-none-eabi/lib/thumb/v7e-m/fpv4-sp/hard\libc_nano.a(lib_a-impure.o)
                0x20000158                _impure_ptr
 .data.impure_data
                0x2000015c       0x60 c:/ac6/systemworkbench/plugins/fr.ac6.mcu.externaltools.arm-none.win32_1.16.0.201807130628/tools/compiler/bin/../lib/gcc/arm-none-eabi/7.2.1/../../../../arm-none-eabi/lib/thumb/v7e-m/fpv4-sp/hard\libc_nano.a(lib_a-impure.o)
                0x200001bc                . = ALIGN (0x4)
                0x200001bc                _edata = .

.igot.plt       0x200001bc        0x0 load address 0x08005534
 .igot.plt      0x200001bc        0x0 c:/ac6/systemworkbench/plugins/fr.ac6.mcu.externaltools.arm-none.win32_1.16.0.201807130628/tools/compiler/bin/../lib/gcc/arm-none-eabi/7.2.1/thumb/v7e-m/fpv4-sp/hard/crtbegin.o
                0x200001bc                . = ALIGN (0x4)

.bss            0x200001bc      0x9dc load address 0x08005534
                0x200001bc                _sbss = .
                0x200001bc                __bss_start__ = _sbss
 *(.bss)
 .bss           0x200001bc       0x1c c:/ac6/systemworkbench/plugins/fr.ac6.mcu.externaltools.arm-none.win32_1.16.0.201807130628/tools/compiler/bin/../lib/gcc/arm-none-eabi/7.2.1/thumb/v7e-m/fpv4-sp/hard/crtbegin.o
 .bss           0x200001d8        0x4 Application/User/main.o
 .bss           0x200001dc        0x1 Application/User/usbd_storage.o
 *fill*         0x200001dd        0x3 
 .bss           0x200001e0      0x180 Drivers/BSP/STM32F769I-Discovery/stm32f769i_discovery_sd.o
 .bss           0x20000360        0x1 Middlewares/STM32_USBD_Library/Core/usbd_ctlreq.o
 *(.bss*)
 *fill*         0x20000361        0x3 
 .bss.__malloc_free_list
                0x20000364        0x4 c:/ac6/systemworkbench/plugins/fr.ac6.mcu.externaltools.arm-none.win32_1.16.0.201807130628/tools/compiler/bin/../lib/gcc/arm-none-eabi/7.2.1/../../../../arm-none-eabi/lib/thumb/v7e-m/fpv4-sp/hard\libc_nano.a(lib_a-nano-mallocr.o)
                0x20000364                __malloc_free_list
 .bss.__malloc_sbrk_start
                0x20000368        0x4 c:/ac6/systemworkbench/plugins/fr.ac6.mcu.externaltools.arm-none.win32_1.16.0.201807130628/tools/compiler/bin/../lib/gcc/arm-none-eabi/7.2.1/../../../../arm-none-eabi/lib/thumb/v7e-m/fpv4-sp/hard\libc_nano.a(lib_a-nano-mallocr.o)
                0x20000368                __malloc_sbrk_start
 .bss.heap_end.5377
                0x2000036c        0x4 c:/ac6/systemworkbench/plugins/fr.ac6.mcu.externaltools.arm-none.win32_1.16.0.201807130628/tools/compiler/bin/../lib/gcc/arm-none-eabi/7.2.1/../../../../arm-none-eabi/lib/thumb/v7e-m/fpv4-sp/hard\libnosys.a(sbrk.o)
 *(COMMON)
 COMMON         0x20000370      0x29c Application/User/main.o
                0x20000370                USBD_Device
 COMMON         0x2000060c      0x400 Application/User/usbd_conf.o
                0x2000060c                hpcd
 COMMON         0x20000a0c      0x100 Application/User/usbd_desc.o
                0x20000a0c                USBD_StrDesc
 COMMON         0x20000b0c       0x84 Drivers/BSP/STM32F769I-Discovery/stm32f769i_discovery_sd.o
                0x20000b0c                uSdHandle
 COMMON         0x20000b90        0x4 Drivers/STM32F7xx_HAL_Driver/stm32f7xx_hal.o
                0x20000b90                uwTick
 COMMON         0x20000b94        0x4 c:/ac6/systemworkbench/plugins/fr.ac6.mcu.externaltools.arm-none.win32_1.16.0.201807130628/tools/compiler/bin/../lib/gcc/arm-none-eabi/7.2.1/../../../../arm-none-eabi/lib/thumb/v7e-m/fpv4-sp/hard\libc_nano.a(lib_a-reent.o)
                0x20000b94                errno
                0x20000b98                . = ALIGN (0x4)
                0x20000b98                _ebss = .
                0x20000b98                __bss_end__ = _ebss

._user_heap_stack
                0x20000b98      0x900 load address 0x08005534
                0x20000b98                . = ALIGN (0x8)
                0x20000b98                PROVIDE (end, .)
                [!provide]                PROVIDE (_end, .)
                0x20001098                . = (. + _Min_Heap_Size)
 *fill*         0x20000b98      0x500 
                0x20001498                . = (. + _Min_Stack_Size)
 *fill*         0x20001098      0x400 
                0x20001498                . = ALIGN (0x8)

/DISCARD/
 libc.a(*)
 libm.a(*)
 libgcc.a(*)

.ARM.attributes
                0x00000000       0x30
 *(.ARM.attributes)
 .ARM.attributes
                0x00000000       0x22 c:/ac6/systemworkbench/plugins/fr.ac6.mcu.externaltools.arm-none.win32_1.16.0.201807130628/tools/compiler/bin/../lib/gcc/arm-none-eabi/7.2.1/thumb/v7e-m/fpv4-sp/hard/crti.o
 .ARM.attributes
                0x00000022       0x34 c:/ac6/systemworkbench/plugins/fr.ac6.mcu.externaltools.arm-none.win32_1.16.0.201807130628/tools/compiler/bin/../lib/gcc/arm-none-eabi/7.2.1/thumb/v7e-m/fpv4-sp/hard/crtbegin.o
 .ARM.attributes
                0x00000056       0x21 Application/SW4STM32/startup_stm32f769xx.o
 .ARM.attributes
                0x00000077       0x39 Application/User/main.o
 .ARM.attributes
                0x000000b0       0x39 Application/User/stm32f7xx_it.o
 .ARM.attributes
                0x000000e9       0x39 Application/User/usbd_conf.o
 .ARM.attributes
                0x00000122       0x39 Application/User/usbd_desc.o
 .ARM.attributes
                0x0000015b       0x39 Application/User/usbd_storage.o
 .ARM.attributes
                0x00000194       0x39 Drivers/BSP/STM32F769I-Discovery/stm32f769i_discovery.o
 .ARM.attributes
                0x000001cd       0x39 Drivers/BSP/STM32F769I-Discovery/stm32f769i_discovery_sd.o
 .ARM.attributes
                0x00000206       0x39 Drivers/CMSIS/system_stm32f7xx.o
 .ARM.attributes
                0x0000023f       0x39 Drivers/STM32F7xx_HAL_Driver/stm32f7xx_hal.o
 .ARM.attributes
                0x00000278       0x39 Drivers/STM32F7xx_HAL_Driver/stm32f7xx_hal_cortex.o
 .ARM.attributes
                0x000002b1       0x39 Drivers/STM32F7xx_HAL_Driver/stm32f7xx_hal_dma.o
 .ARM.attributes
                0x000002ea       0x39 Drivers/STM32F7xx_HAL_Driver/stm32f7xx_hal_gpio.o
 .ARM.attributes
                0x00000323       0x39 Drivers/STM32F7xx_HAL_Driver/stm32f7xx_hal_pcd.o
 .ARM.attributes
                0x0000035c       0x39 Drivers/STM32F7xx_HAL_Driver/stm32f7xx_hal_pcd_ex.o
 .ARM.attributes
                0x00000395       0x39 Drivers/STM32F7xx_HAL_Driver/stm32f7xx_hal_pwr_ex.o
 .ARM.attributes
                0x000003ce       0x39 Drivers/STM32F7xx_HAL_Driver/stm32f7xx_hal_rcc.o
 .ARM.attributes
                0x00000407       0x39 Drivers/STM32F7xx_HAL_Driver/stm32f7xx_hal_rcc_ex.o
 .ARM.attributes
                0x00000440       0x39 Drivers/STM32F7xx_HAL_Driver/stm32f7xx_hal_sd.o
 .ARM.attributes
                0x00000479       0x39 Drivers/STM32F7xx_HAL_Driver/stm32f7xx_ll_sdmmc.o
 .ARM.attributes
                0x000004b2       0x39 Drivers/STM32F7xx_HAL_Driver/stm32f7xx_ll_usb.o
 .ARM.attributes
                0x000004eb       0x39 Middlewares/STM32_USBD_Library/Class/MSC/usbd_msc.o
 .ARM.attributes
                0x00000524       0x39 Middlewares/STM32_USBD_Library/Class/MSC/usbd_msc_bot.o
 .ARM.attributes
                0x0000055d       0x39 Middlewares/STM32_USBD_Library/Class/MSC/usbd_msc_data.o
 .ARM.attributes
                0x00000596       0x39 Middlewares/STM32_USBD_Library/Class/MSC/usbd_msc_scsi.o
 .ARM.attributes
                0x000005cf       0x39 Middlewares/STM32_USBD_Library/Core/usbd_core.o
 .ARM.attributes
                0x00000608       0x39 Middlewares/STM32_USBD_Library/Core/usbd_ctlreq.o
 .ARM.attributes
                0x00000641       0x39 Middlewares/STM32_USBD_Library/Core/usbd_ioreq.o
 .ARM.attributes
                0x0000067a       0x22 c:/ac6/systemworkbench/plugins/fr.ac6.mcu.externaltools.arm-none.win32_1.16.0.201807130628/tools/compiler/bin/../lib/gcc/arm-none-eabi/7.2.1/thumb/v7e-m/fpv4-sp/hard\libgcc.a(_aeabi_uldivmod.o)
 .ARM.attributes
                0x0000069c       0x34 c:/ac6/systemworkbench/plugins/fr.ac6.mcu.externaltools.arm-none.win32_1.16.0.201807130628/tools/compiler/bin/../lib/gcc/arm-none-eabi/7.2.1/thumb/v7e-m/fpv4-sp/hard\libgcc.a(_udivmoddi4.o)
 .ARM.attributes
                0x000006d0       0x22 c:/ac6/systemworkbench/plugins/fr.ac6.mcu.externaltools.arm-none.win32_1.16.0.201807130628/tools/compiler/bin/../lib/gcc/arm-none-eabi/7.2.1/thumb/v7e-m/fpv4-sp/hard\libgcc.a(_dvmd_tls.o)
 .ARM.attributes
                0x000006f2       0x34 c:/ac6/systemworkbench/plugins/fr.ac6.mcu.externaltools.arm-none.win32_1.16.0.201807130628/tools/compiler/bin/../lib/gcc/arm-none-eabi/7.2.1/../../../../arm-none-eabi/lib/thumb/v7e-m/fpv4-sp/hard\libc_nano.a(lib_a-impure.o)
 .ARM.attributes
                0x00000726       0x34 c:/ac6/systemworkbench/plugins/fr.ac6.mcu.externaltools.arm-none.win32_1.16.0.201807130628/tools/compiler/bin/../lib/gcc/arm-none-eabi/7.2.1/../../../../arm-none-eabi/lib/thumb/v7e-m/fpv4-sp/hard\libc_nano.a(lib_a-init.o)
 .ARM.attributes
                0x0000075a       0x34 c:/ac6/systemworkbench/plugins/fr.ac6.mcu.externaltools.arm-none.win32_1.16.0.201807130628/tools/compiler/bin/../lib/gcc/arm-none-eabi/7.2.1/../../../../arm-none-eabi/lib/thumb/v7e-m/fpv4-sp/hard\libc_nano.a(lib_a-malloc.o)
 .ARM.attributes
                0x0000078e       0x34 c:/ac6/systemworkbench/plugins/fr.ac6.mcu.externaltools.arm-none.win32_1.16.0.201807130628/tools/compiler/bin/../lib/gcc/arm-none-eabi/7.2.1/../../../../arm-none-eabi/lib/thumb/v7e-m/fpv4-sp/hard\libc_nano.a(lib_a-nano-freer.o)
 .ARM.attributes
                0x000007c2       0x34 c:/ac6/systemworkbench/plugins/fr.ac6.mcu.externaltools.arm-none.win32_1.16.0.201807130628/tools/compiler/bin/../lib/gcc/arm-none-eabi/7.2.1/../../../../arm-none-eabi/lib/thumb/v7e-m/fpv4-sp/hard\libc_nano.a(lib_a-nano-mallocr.o)
 .ARM.attributes
                0x000007f6       0x34 c:/ac6/systemworkbench/plugins/fr.ac6.mcu.externaltools.arm-none.win32_1.16.0.201807130628/tools/compiler/bin/../lib/gcc/arm-none-eabi/7.2.1/../../../../arm-none-eabi/lib/thumb/v7e-m/fpv4-sp/hard\libc_nano.a(lib_a-sbrkr.o)
 .ARM.attributes
                0x0000082a       0x34 c:/ac6/systemworkbench/plugins/fr.ac6.mcu.externaltools.arm-none.win32_1.16.0.201807130628/tools/compiler/bin/../lib/gcc/arm-none-eabi/7.2.1/../../../../arm-none-eabi/lib/thumb/v7e-m/fpv4-sp/hard\libc_nano.a(lib_a-mlock.o)
 .ARM.attributes
                0x0000085e       0x34 c:/ac6/systemworkbench/plugins/fr.ac6.mcu.externaltools.arm-none.win32_1.16.0.201807130628/tools/compiler/bin/../lib/gcc/arm-none-eabi/7.2.1/../../../../arm-none-eabi/lib/thumb/v7e-m/fpv4-sp/hard\libc_nano.a(lib_a-reent.o)
 .ARM.attributes
                0x00000892       0x34 c:/ac6/systemworkbench/plugins/fr.ac6.mcu.externaltools.arm-none.win32_1.16.0.201807130628/tools/compiler/bin/../lib/gcc/arm-none-eabi/7.2.1/../../../../arm-none-eabi/lib/thumb/v7e-m/fpv4-sp/hard\libnosys.a(sbrk.o)
 .ARM.attributes
                0x000008c6       0x22 c:/ac6/systemworkbench/plugins/fr.ac6.mcu.externaltools.arm-none.win32_1.16.0.201807130628/tools/compiler/bin/../lib/gcc/arm-none-eabi/7.2.1/thumb/v7e-m/fpv4-sp/hard/crtn.o
OUTPUT(STM32F769I_Discovery_HS.elf elf32-littlearm)

.debug_line     0x00000000    0x151e2
 .debug_line    0x00000000      0x10e Application/SW4STM32/startup_stm32f769xx.o
 .debug_line    0x0000010e      0xcc1 Application/User/main.o
 .debug_line    0x00000dcf      0xcb2 Application/User/stm32f7xx_it.o
 .debug_line    0x00001a81      0xe97 Application/User/usbd_conf.o
 .debug_line    0x00002918      0xb71 Application/User/usbd_desc.o
 .debug_line    0x00003489      0xcb1 Application/User/usbd_storage.o
 .debug_line    0x0000413a      0xbff Drivers/BSP/STM32F769I-Discovery/stm32f769i_discovery.o
 .debug_line    0x00004d39      0xba5 Drivers/BSP/STM32F769I-Discovery/stm32f769i_discovery_sd.o
 .debug_line    0x000058de      0x9d4 Drivers/CMSIS/system_stm32f7xx.o
 .debug_line    0x000062b2      0xba6 Drivers/STM32F7xx_HAL_Driver/stm32f7xx_hal.o
 .debug_line    0x00006e58      0xbe5 Drivers/STM32F7xx_HAL_Driver/stm32f7xx_hal_cortex.o
 .debug_line    0x00007a3d      0xcb6 Drivers/STM32F7xx_HAL_Driver/stm32f7xx_hal_dma.o
 .debug_line    0x000086f3      0xb60 Drivers/STM32F7xx_HAL_Driver/stm32f7xx_hal_gpio.o
 .debug_line    0x00009253      0xe00 Drivers/STM32F7xx_HAL_Driver/stm32f7xx_hal_pcd.o
 .debug_line    0x0000a053      0x9ee Drivers/STM32F7xx_HAL_Driver/stm32f7xx_hal_pcd_ex.o
 .debug_line    0x0000aa41      0xaf0 Drivers/STM32F7xx_HAL_Driver/stm32f7xx_hal_pwr_ex.o
 .debug_line    0x0000b531      0xcbd Drivers/STM32F7xx_HAL_Driver/stm32f7xx_hal_rcc.o
 .debug_line    0x0000c1ee      0xbb5 Drivers/STM32F7xx_HAL_Driver/stm32f7xx_hal_rcc_ex.o
 .debug_line    0x0000cda3     0x1160 Drivers/STM32F7xx_HAL_Driver/stm32f7xx_hal_sd.o
 .debug_line    0x0000df03      0xe8b Drivers/STM32F7xx_HAL_Driver/stm32f7xx_ll_sdmmc.o
 .debug_line    0x0000ed8e     0x106d Drivers/STM32F7xx_HAL_Driver/stm32f7xx_ll_usb.o
 .debug_line    0x0000fdfb      0xc7f Middlewares/STM32_USBD_Library/Class/MSC/usbd_msc.o
 .debug_line    0x00010a7a      0xc6e Middlewares/STM32_USBD_Library/Class/MSC/usbd_msc_bot.o
 .debug_line    0x000116e8      0xa70 Middlewares/STM32_USBD_Library/Class/MSC/usbd_msc_data.o
 .debug_line    0x00012158      0xcc3 Middlewares/STM32_USBD_Library/Class/MSC/usbd_msc_scsi.o
 .debug_line    0x00012e1b      0xc85 Middlewares/STM32_USBD_Library/Core/usbd_core.o
 .debug_line    0x00013aa0      0xc29 Middlewares/STM32_USBD_Library/Core/usbd_ctlreq.o
 .debug_line    0x000146c9      0xb19 Middlewares/STM32_USBD_Library/Core/usbd_ioreq.o

.debug_info     0x00000000    0x26e52
 .debug_info    0x00000000       0x22 Application/SW4STM32/startup_stm32f769xx.o
 .debug_info    0x00000022     0x18fb Application/User/main.o
 .debug_info    0x0000191d     0x141e Application/User/stm32f7xx_it.o
 .debug_info    0x00002d3b     0x2345 Application/User/usbd_conf.o
 .debug_info    0x00005080      0xe37 Application/User/usbd_desc.o
 .debug_info    0x00005eb7     0x1241 Application/User/usbd_storage.o
 .debug_info    0x000070f8     0x2384 Drivers/BSP/STM32F769I-Discovery/stm32f769i_discovery.o
 .debug_info    0x0000947c     0x1e5a Drivers/BSP/STM32F769I-Discovery/stm32f769i_discovery_sd.o
 .debug_info    0x0000b2d6      0xf12 Drivers/CMSIS/system_stm32f7xx.o
 .debug_info    0x0000c1e8     0x138c Drivers/STM32F7xx_HAL_Driver/stm32f7xx_hal.o
 .debug_info    0x0000d574     0x19bb Drivers/STM32F7xx_HAL_Driver/stm32f7xx_hal_cortex.o
 .debug_info    0x0000ef2f     0x1272 Drivers/STM32F7xx_HAL_Driver/stm32f7xx_hal_dma.o
 .debug_info    0x000101a1      0xfcc Drivers/STM32F7xx_HAL_Driver/stm32f7xx_hal_gpio.o
 .debug_info    0x0001116d     0x1e2e Drivers/STM32F7xx_HAL_Driver/stm32f7xx_hal_pcd.o
 .debug_info    0x00012f9b      0xfe4 Drivers/STM32F7xx_HAL_Driver/stm32f7xx_hal_pcd_ex.o
 .debug_info    0x00013f7f     0x123b Drivers/STM32F7xx_HAL_Driver/stm32f7xx_hal_pwr_ex.o
 .debug_info    0x000151ba     0x1376 Drivers/STM32F7xx_HAL_Driver/stm32f7xx_hal_rcc.o
 .debug_info    0x00016530     0x1095 Drivers/STM32F7xx_HAL_Driver/stm32f7xx_hal_rcc_ex.o
 .debug_info    0x000175c5     0x2ac3 Drivers/STM32F7xx_HAL_Driver/stm32f7xx_hal_sd.o
 .debug_info    0x0001a088     0x1f00 Drivers/STM32F7xx_HAL_Driver/stm32f7xx_ll_sdmmc.o
 .debug_info    0x0001bf88     0x2318 Drivers/STM32F7xx_HAL_Driver/stm32f7xx_ll_usb.o
 .debug_info    0x0001e2a0     0x1607 Middlewares/STM32_USBD_Library/Class/MSC/usbd_msc.o
 .debug_info    0x0001f8a7     0x15f8 Middlewares/STM32_USBD_Library/Class/MSC/usbd_msc_bot.o
 .debug_info    0x00020e9f      0x997 Middlewares/STM32_USBD_Library/Class/MSC/usbd_msc_data.o
 .debug_info    0x00021836     0x1c24 Middlewares/STM32_USBD_Library/Class/MSC/usbd_msc_scsi.o
 .debug_info    0x0002345a     0x14db Middlewares/STM32_USBD_Library/Core/usbd_core.o
 .debug_info    0x00024935     0x1521 Middlewares/STM32_USBD_Library/Core/usbd_ctlreq.o
 .debug_info    0x00025e56      0xffc Middlewares/STM32_USBD_Library/Core/usbd_ioreq.o

.debug_abbrev   0x00000000     0x56f5
 .debug_abbrev  0x00000000       0x12 Application/SW4STM32/startup_stm32f769xx.o
 .debug_abbrev  0x00000012      0x328 Application/User/main.o
 .debug_abbrev  0x0000033a      0x276 Application/User/stm32f7xx_it.o
 .debug_abbrev  0x000005b0      0x32f Application/User/usbd_conf.o
 .debug_abbrev  0x000008df      0x33d Application/User/usbd_desc.o
 .debug_abbrev  0x00000c1c      0x315 Application/User/usbd_storage.o
 .debug_abbrev  0x00000f31      0x489 Drivers/BSP/STM32F769I-Discovery/stm32f769i_discovery.o
 .debug_abbrev  0x000013ba      0x32b Drivers/BSP/STM32F769I-Discovery/stm32f769i_discovery_sd.o
 .debug_abbrev  0x000016e5      0x212 Drivers/CMSIS/system_stm32f7xx.o
 .debug_abbrev  0x000018f7      0x338 Drivers/STM32F7xx_HAL_Driver/stm32f7xx_hal.o
 .debug_abbrev  0x00001c2f      0x3d6 Drivers/STM32F7xx_HAL_Driver/stm32f7xx_hal_cortex.o
 .debug_abbrev  0x00002005      0x395 Drivers/STM32F7xx_HAL_Driver/stm32f7xx_hal_dma.o
 .debug_abbrev  0x0000239a      0x2a5 Drivers/STM32F7xx_HAL_Driver/stm32f7xx_hal_gpio.o
 .debug_abbrev  0x0000263f      0x3d9 Drivers/STM32F7xx_HAL_Driver/stm32f7xx_hal_pcd.o
 .debug_abbrev  0x00002a18      0x28b Drivers/STM32F7xx_HAL_Driver/stm32f7xx_hal_pcd_ex.o
 .debug_abbrev  0x00002ca3      0x2e4 Drivers/STM32F7xx_HAL_Driver/stm32f7xx_hal_pwr_ex.o
 .debug_abbrev  0x00002f87      0x39b Drivers/STM32F7xx_HAL_Driver/stm32f7xx_hal_rcc.o
 .debug_abbrev  0x00003322      0x2ab Drivers/STM32F7xx_HAL_Driver/stm32f7xx_hal_rcc_ex.o
 .debug_abbrev  0x000035cd      0x404 Drivers/STM32F7xx_HAL_Driver/stm32f7xx_hal_sd.o
 .debug_abbrev  0x000039d1      0x396 Drivers/STM32F7xx_HAL_Driver/stm32f7xx_ll_sdmmc.o
 .debug_abbrev  0x00003d67      0x3d8 Drivers/STM32F7xx_HAL_Driver/stm32f7xx_ll_usb.o
 .debug_abbrev  0x0000413f      0x2fa Middlewares/STM32_USBD_Library/Class/MSC/usbd_msc.o
 .debug_abbrev  0x00004439      0x3ae Middlewares/STM32_USBD_Library/Class/MSC/usbd_msc_bot.o
 .debug_abbrev  0x000047e7      0x1a7 Middlewares/STM32_USBD_Library/Class/MSC/usbd_msc_data.o
 .debug_abbrev  0x0000498e      0x3e0 Middlewares/STM32_USBD_Library/Class/MSC/usbd_msc_scsi.o
 .debug_abbrev  0x00004d6e      0x35d Middlewares/STM32_USBD_Library/Core/usbd_core.o
 .debug_abbrev  0x000050cb      0x3f8 Middlewares/STM32_USBD_Library/Core/usbd_ctlreq.o
 .debug_abbrev  0x000054c3      0x232 Middlewares/STM32_USBD_Library/Core/usbd_ioreq.o

.debug_aranges  0x00000000      0xef8
 .debug_aranges
                0x00000000       0x28 Application/SW4STM32/startup_stm32f769xx.o
 .debug_aranges
                0x00000028       0x28 Application/User/main.o
 .debug_aranges
                0x00000050       0x50 Application/User/stm32f7xx_it.o
 .debug_aranges
                0x000000a0       0xf8 Application/User/usbd_conf.o
 .debug_aranges
                0x00000198       0x58 Application/User/usbd_desc.o
 .debug_aranges
                0x000001f0       0x50 Application/User/usbd_storage.o
 .debug_aranges
                0x00000240       0xe0 Drivers/BSP/STM32F769I-Discovery/stm32f769i_discovery.o
 .debug_aranges
                0x00000320       0xa8 Drivers/BSP/STM32F769I-Discovery/stm32f769i_discovery_sd.o
 .debug_aranges
                0x000003c8       0x28 Drivers/CMSIS/system_stm32f7xx.o
 .debug_aranges
                0x000003f0      0x108 Drivers/STM32F7xx_HAL_Driver/stm32f7xx_hal.o
 .debug_aranges
                0x000004f8       0xa8 Drivers/STM32F7xx_HAL_Driver/stm32f7xx_hal_cortex.o
 .debug_aranges
                0x000005a0       0x80 Drivers/STM32F7xx_HAL_Driver/stm32f7xx_hal_dma.o
 .debug_aranges
                0x00000620       0x58 Drivers/STM32F7xx_HAL_Driver/stm32f7xx_hal_gpio.o
 .debug_aranges
                0x00000678       0xc0 Drivers/STM32F7xx_HAL_Driver/stm32f7xx_hal_pcd.o
 .debug_aranges
                0x00000738       0x40 Drivers/STM32F7xx_HAL_Driver/stm32f7xx_hal_pcd_ex.o
 .debug_aranges
                0x00000778       0x80 Drivers/STM32F7xx_HAL_Driver/stm32f7xx_hal_pwr_ex.o
 .debug_aranges
                0x000007f8       0x88 Drivers/STM32F7xx_HAL_Driver/stm32f7xx_hal_rcc.o
 .debug_aranges
                0x00000880       0x50 Drivers/STM32F7xx_HAL_Driver/stm32f7xx_hal_rcc_ex.o
 .debug_aranges
                0x000008d0       0xf8 Drivers/STM32F7xx_HAL_Driver/stm32f7xx_hal_sd.o
 .debug_aranges
                0x000009c8      0x150 Drivers/STM32F7xx_HAL_Driver/stm32f7xx_ll_sdmmc.o
 .debug_aranges
                0x00000b18      0x190 Drivers/STM32F7xx_HAL_Driver/stm32f7xx_ll_usb.o
 .debug_aranges
                0x00000ca8       0x68 Middlewares/STM32_USBD_Library/Class/MSC/usbd_msc.o
 .debug_aranges
                0x00000d10       0x58 Middlewares/STM32_USBD_Library/Class/MSC/usbd_msc_bot.o
 .debug_aranges
                0x00000d68       0x18 Middlewares/STM32_USBD_Library/Class/MSC/usbd_msc_data.o
 .debug_aranges
                0x00000d80       0x30 Middlewares/STM32_USBD_Library/Class/MSC/usbd_msc_scsi.o
 .debug_aranges
                0x00000db0       0xa8 Middlewares/STM32_USBD_Library/Core/usbd_core.o
 .debug_aranges
                0x00000e58       0x50 Middlewares/STM32_USBD_Library/Core/usbd_ctlreq.o
 .debug_aranges
                0x00000ea8       0x50 Middlewares/STM32_USBD_Library/Core/usbd_ioreq.o

.debug_str      0x00000000   0x10fc1b
 .debug_str     0x00000000      0x177 Application/SW4STM32/startup_stm32f769xx.o
 .debug_str     0x00000177   0x109e89 Application/User/main.o
                             0x10a47e (size before relaxing)
 .debug_str     0x0010a000      0x4df Application/User/stm32f7xx_it.o
                             0x10a222 (size before relaxing)
 .debug_str     0x0010a4df      0xc47 Application/User/usbd_conf.o
                             0x10ae01 (size before relaxing)
 .debug_str     0x0010b126      0x375 Application/User/usbd_desc.o
                             0x108659 (size before relaxing)
 .debug_str     0x0010b49b      0x233 Application/User/usbd_storage.o
                             0x109f0f (size before relaxing)
 .debug_str     0x0010b6ce      0xa37 Drivers/BSP/STM32F769I-Discovery/stm32f769i_discovery.o
                             0x109665 (size before relaxing)
 .debug_str     0x0010c105      0x53d Drivers/BSP/STM32F769I-Discovery/stm32f769i_discovery_sd.o
                             0x1096fc (size before relaxing)
 .debug_str     0x0010c642       0xf9 Drivers/CMSIS/system_stm32f7xx.o
                             0x107a1a (size before relaxing)
 .debug_str     0x0010c73b      0x4b2 Drivers/STM32F7xx_HAL_Driver/stm32f7xx_hal.o
                             0x10844d (size before relaxing)
 .debug_str     0x0010cbed      0x356 Drivers/STM32F7xx_HAL_Driver/stm32f7xx_hal_cortex.o
                             0x1083c8 (size before relaxing)
 .debug_str     0x0010cf43      0x34f Drivers/STM32F7xx_HAL_Driver/stm32f7xx_hal_dma.o
                             0x107d20 (size before relaxing)
 .debug_str     0x0010d292      0x23e Drivers/STM32F7xx_HAL_Driver/stm32f7xx_hal_gpio.o
                             0x107bb0 (size before relaxing)
 .debug_str     0x0010d4d0      0x5ee Drivers/STM32F7xx_HAL_Driver/stm32f7xx_hal_pcd.o
                             0x108361 (size before relaxing)
 .debug_str     0x0010dabe      0x189 Drivers/STM32F7xx_HAL_Driver/stm32f7xx_hal_pcd_ex.o
                             0x107ce2 (size before relaxing)
 .debug_str     0x0010dc47      0x23c Drivers/STM32F7xx_HAL_Driver/stm32f7xx_hal_pwr_ex.o
                             0x107c6c (size before relaxing)
 .debug_str     0x0010de83      0x260 Drivers/STM32F7xx_HAL_Driver/stm32f7xx_hal_rcc.o
                             0x107d2a (size before relaxing)
 .debug_str     0x0010e0e3      0x190 Drivers/STM32F7xx_HAL_Driver/stm32f7xx_hal_rcc_ex.o
                             0x107ccf (size before relaxing)
 .debug_str     0x0010e273      0x848 Drivers/STM32F7xx_HAL_Driver/stm32f7xx_hal_sd.o
                             0x1086f8 (size before relaxing)
 .debug_str     0x0010eabb      0x24d Drivers/STM32F7xx_HAL_Driver/stm32f7xx_ll_sdmmc.o
                             0x107d70 (size before relaxing)
 .debug_str     0x0010ed08      0x43a Drivers/STM32F7xx_HAL_Driver/stm32f7xx_ll_usb.o
                             0x1081d3 (size before relaxing)
 .debug_str     0x0010f142      0x3b7 Middlewares/STM32_USBD_Library/Class/MSC/usbd_msc.o
                             0x1091f5 (size before relaxing)
 .debug_str     0x0010f4f9       0xfd Middlewares/STM32_USBD_Library/Class/MSC/usbd_msc_bot.o
                             0x109105 (size before relaxing)
 .debug_str     0x0010f5f6      0x145 Middlewares/STM32_USBD_Library/Class/MSC/usbd_msc_data.o
                             0x107a78 (size before relaxing)
 .debug_str     0x0010f73b      0x1a2 Middlewares/STM32_USBD_Library/Class/MSC/usbd_msc_scsi.o
                             0x1091f6 (size before relaxing)
 .debug_str     0x0010f8dd      0x183 Middlewares/STM32_USBD_Library/Core/usbd_core.o
                             0x108819 (size before relaxing)
 .debug_str     0x0010fa60      0x10f Middlewares/STM32_USBD_Library/Core/usbd_ctlreq.o
                             0x108733 (size before relaxing)
 .debug_str     0x0010fb6f       0xac Middlewares/STM32_USBD_Library/Core/usbd_ioreq.o
                             0x108660 (size before relaxing)

.debug_ranges   0x00000000     0x14b0
 .debug_ranges  0x00000000       0x20 Application/SW4STM32/startup_stm32f769xx.o
 .debug_ranges  0x00000020       0x18 Application/User/main.o
 .debug_ranges  0x00000038       0x40 Application/User/stm32f7xx_it.o
 .debug_ranges  0x00000078      0x148 Application/User/usbd_conf.o
 .debug_ranges  0x000001c0       0x60 Application/User/usbd_desc.o
 .debug_ranges  0x00000220       0x58 Application/User/usbd_storage.o
 .debug_ranges  0x00000278      0x1c8 Drivers/BSP/STM32F769I-Discovery/stm32f769i_discovery.o
 .debug_ranges  0x00000440      0x120 Drivers/BSP/STM32F769I-Discovery/stm32f769i_discovery_sd.o
 .debug_ranges  0x00000560       0x18 Drivers/CMSIS/system_stm32f7xx.o
 .debug_ranges  0x00000578       0xf8 Drivers/STM32F7xx_HAL_Driver/stm32f7xx_hal.o
 .debug_ranges  0x00000670      0x150 Drivers/STM32F7xx_HAL_Driver/stm32f7xx_hal_cortex.o
 .debug_ranges  0x000007c0       0xd0 Drivers/STM32F7xx_HAL_Driver/stm32f7xx_hal_dma.o
 .debug_ranges  0x00000890       0x70 Drivers/STM32F7xx_HAL_Driver/stm32f7xx_hal_gpio.o
 .debug_ranges  0x00000900       0xc8 Drivers/STM32F7xx_HAL_Driver/stm32f7xx_hal_pcd.o
 .debug_ranges  0x000009c8       0x30 Drivers/STM32F7xx_HAL_Driver/stm32f7xx_hal_pcd_ex.o
 .debug_ranges  0x000009f8       0xe8 Drivers/STM32F7xx_HAL_Driver/stm32f7xx_hal_pwr_ex.o
 .debug_ranges  0x00000ae0       0xe8 Drivers/STM32F7xx_HAL_Driver/stm32f7xx_hal_rcc.o
 .debug_ranges  0x00000bc8       0x58 Drivers/STM32F7xx_HAL_Driver/stm32f7xx_hal_rcc_ex.o
 .debug_ranges  0x00000c20      0x1c8 Drivers/STM32F7xx_HAL_Driver/stm32f7xx_hal_sd.o
 .debug_ranges  0x00000de8      0x1b8 Drivers/STM32F7xx_HAL_Driver/stm32f7xx_ll_sdmmc.o
 .debug_ranges  0x00000fa0      0x1a0 Drivers/STM32F7xx_HAL_Driver/stm32f7xx_ll_usb.o
 .debug_ranges  0x00001140       0x58 Middlewares/STM32_USBD_Library/Class/MSC/usbd_msc.o
 .debug_ranges  0x00001198       0x90 Middlewares/STM32_USBD_Library/Class/MSC/usbd_msc_bot.o
 .debug_ranges  0x00001228      0x110 Middlewares/STM32_USBD_Library/Class/MSC/usbd_msc_scsi.o
 .debug_ranges  0x00001338       0x98 Middlewares/STM32_USBD_Library/Core/usbd_core.o
 .debug_ranges  0x000013d0       0xa0 Middlewares/STM32_USBD_Library/Core/usbd_ctlreq.o
 .debug_ranges  0x00001470       0x40 Middlewares/STM32_USBD_Library/Core/usbd_ioreq.o

.debug_loc      0x00000000     0xaebc
 .debug_loc     0x00000000       0x41 Application/User/main.o
 .debug_loc     0x00000041      0x661 Application/User/usbd_conf.o
 .debug_loc     0x000006a2      0x30b Application/User/usbd_desc.o
 .debug_loc     0x000009ad      0x29e Application/User/usbd_storage.o
 .debug_loc     0x00000c4b      0x7c7 Drivers/BSP/STM32F769I-Discovery/stm32f769i_discovery.o
 .debug_loc     0x00001412      0x447 Drivers/BSP/STM32F769I-Discovery/stm32f769i_discovery_sd.o
 .debug_loc     0x00001859      0x11c Drivers/CMSIS/system_stm32f7xx.o
 .debug_loc     0x00001975      0x102 Drivers/STM32F7xx_HAL_Driver/stm32f7xx_hal.o
 .debug_loc     0x00001a77      0x504 Drivers/STM32F7xx_HAL_Driver/stm32f7xx_hal_cortex.o
 .debug_loc     0x00001f7b      0x83c Drivers/STM32F7xx_HAL_Driver/stm32f7xx_hal_dma.o
 .debug_loc     0x000027b7      0x3cd Drivers/STM32F7xx_HAL_Driver/stm32f7xx_hal_gpio.o
 .debug_loc     0x00002b84      0xb83 Drivers/STM32F7xx_HAL_Driver/stm32f7xx_hal_pcd.o
 .debug_loc     0x00003707      0x12c Drivers/STM32F7xx_HAL_Driver/stm32f7xx_hal_pcd_ex.o
 .debug_loc     0x00003833      0x1c2 Drivers/STM32F7xx_HAL_Driver/stm32f7xx_hal_pwr_ex.o
 .debug_loc     0x000039f5      0x3fa Drivers/STM32F7xx_HAL_Driver/stm32f7xx_hal_rcc.o
 .debug_loc     0x00003def      0x5e5 Drivers/STM32F7xx_HAL_Driver/stm32f7xx_hal_rcc_ex.o
 .debug_loc     0x000043d4     0x1ad9 Drivers/STM32F7xx_HAL_Driver/stm32f7xx_hal_sd.o
 .debug_loc     0x00005ead      0xf02 Drivers/STM32F7xx_HAL_Driver/stm32f7xx_ll_sdmmc.o
 .debug_loc     0x00006daf     0x19e5 Drivers/STM32F7xx_HAL_Driver/stm32f7xx_ll_usb.o
 .debug_loc     0x00008794      0x2f9 Middlewares/STM32_USBD_Library/Class/MSC/usbd_msc.o
 .debug_loc     0x00008a8d      0x595 Middlewares/STM32_USBD_Library/Class/MSC/usbd_msc_bot.o
 .debug_loc     0x00009022      0xc91 Middlewares/STM32_USBD_Library/Class/MSC/usbd_msc_scsi.o
 .debug_loc     0x00009cb3      0x703 Middlewares/STM32_USBD_Library/Core/usbd_core.o
 .debug_loc     0x0000a3b6      0x8ca Middlewares/STM32_USBD_Library/Core/usbd_ctlreq.o
 .debug_loc     0x0000ac80      0x23c Middlewares/STM32_USBD_Library/Core/usbd_ioreq.o

.debug_macro    0x00000000    0x31944
 .debug_macro   0x00000000      0x458 Application/User/main.o
 .debug_macro   0x00000458      0xa66 Application/User/main.o
 .debug_macro   0x00000ebe      0x1b4 Application/User/main.o
 .debug_macro   0x00001072       0x2e Application/User/main.o
 .debug_macro   0x000010a0       0x3b Application/User/main.o
 .debug_macro   0x000010db       0x22 Application/User/main.o
 .debug_macro   0x000010fd       0x87 Application/User/main.o
 .debug_macro   0x00001184       0x51 Application/User/main.o
 .debug_macro   0x000011d5       0xef Application/User/main.o
 .debug_macro   0x000012c4       0x6a Application/User/main.o
 .debug_macro   0x0000132e      0x1df Application/User/main.o
 .debug_macro   0x0000150d       0x35 Application/User/main.o
 .debug_macro   0x00001542       0x50 Application/User/main.o
 .debug_macro   0x00001592     0x1114 Application/User/main.o
 .debug_macro   0x000026a6    0x1f9e6 Application/User/main.o
 .debug_macro   0x0002208c       0x43 Application/User/main.o
 .debug_macro   0x000220cf     0x35cf Application/User/main.o
 .debug_macro   0x0002569e       0x58 Application/User/main.o
 .debug_macro   0x000256f6       0x17 Application/User/main.o
 .debug_macro   0x0002570d       0x35 Application/User/main.o
 .debug_macro   0x00025742       0x9c Application/User/main.o
 .debug_macro   0x000257de       0x16 Application/User/main.o
 .debug_macro   0x000257f4       0x97 Application/User/main.o
 .debug_macro   0x0002588b      0x330 Application/User/main.o
 .debug_macro   0x00025bbb       0xfd Application/User/main.o
 .debug_macro   0x00025cb8       0x10 Application/User/main.o
 .debug_macro   0x00025cc8       0x58 Application/User/main.o
 .debug_macro   0x00025d20       0x1f Application/User/main.o
 .debug_macro   0x00025d3f       0x43 Application/User/main.o
 .debug_macro   0x00025d82       0x20 Application/User/main.o
 .debug_macro   0x00025da2      0x18e Application/User/main.o
 .debug_macro   0x00025f30       0x10 Application/User/main.o
 .debug_macro   0x00025f40       0x1c Application/User/main.o
 .debug_macro   0x00025f5c       0x52 Application/User/main.o
 .debug_macro   0x00025fae       0x40 Application/User/main.o
 .debug_macro   0x00025fee       0x10 Application/User/main.o
 .debug_macro   0x00025ffe       0x40 Application/User/main.o
 .debug_macro   0x0002603e       0xd7 Application/User/main.o
 .debug_macro   0x00026115       0x1c Application/User/main.o
 .debug_macro   0x00026131       0x3d Application/User/main.o
 .debug_macro   0x0002616e       0x16 Application/User/main.o
 .debug_macro   0x00026184      0x16f Application/User/main.o
 .debug_macro   0x000262f3       0x5e Application/User/main.o
 .debug_macro   0x00026351     0x1b3f Application/User/main.o
 .debug_macro   0x00027e90      0x6ca Application/User/main.o
 .debug_macro   0x0002855a      0x11e Application/User/main.o
 .debug_macro   0x00028678      0x27e Application/User/main.o
 .debug_macro   0x000288f6       0x27 Application/User/main.o
 .debug_macro   0x0002891d      0x24f Application/User/main.o
 .debug_macro   0x00028b6c       0x71 Application/User/main.o
 .debug_macro   0x00028bdd       0x58 Application/User/main.o
 .debug_macro   0x00028c35      0x23a Application/User/main.o
 .debug_macro   0x00028e6f      0x156 Application/User/main.o
 .debug_macro   0x00028fc5      0x3de Application/User/main.o
 .debug_macro   0x000293a3       0x12 Application/User/main.o
 .debug_macro   0x000293b5      0x209 Application/User/main.o
 .debug_macro   0x000295be       0x61 Application/User/main.o
 .debug_macro   0x0002961f       0x90 Application/User/main.o
 .debug_macro   0x000296af      0x132 Application/User/main.o
 .debug_macro   0x000297e1      0x10c Application/User/main.o
 .debug_macro   0x000298ed       0x35 Application/User/main.o
 .debug_macro   0x00029922      0x757 Application/User/main.o
 .debug_macro   0x0002a079      0x198 Application/User/main.o
 .debug_macro   0x0002a211      0x4e8 Application/User/main.o
 .debug_macro   0x0002a6f9       0x47 Application/User/main.o
 .debug_macro   0x0002a740      0x1f4 Application/User/main.o
 .debug_macro   0x0002a934       0xfe Application/User/main.o
 .debug_macro   0x0002aa32      0x16c Application/User/main.o
 .debug_macro   0x0002ab9e       0x16 Application/User/main.o
 .debug_macro   0x0002abb4       0x35 Application/User/main.o
 .debug_macro   0x0002abe9       0x16 Application/User/main.o
 .debug_macro   0x0002abff       0x29 Application/User/main.o
 .debug_macro   0x0002ac28       0x16 Application/User/main.o
 .debug_macro   0x0002ac3e       0x58 Application/User/main.o
 .debug_macro   0x0002ac96      0x1ea Application/User/main.o
 .debug_macro   0x0002ae80       0x1c Application/User/main.o
 .debug_macro   0x0002ae9c       0x82 Application/User/main.o
 .debug_macro   0x0002af1e      0x168 Application/User/main.o
 .debug_macro   0x0002b086       0x35 Application/User/main.o
 .debug_macro   0x0002b0bb      0x1de Application/User/main.o
 .debug_macro   0x0002b299       0x7c Application/User/main.o
 .debug_macro   0x0002b315      0x462 Application/User/stm32f7xx_it.o
 .debug_macro   0x0002b777      0x458 Application/User/usbd_conf.o
 .debug_macro   0x0002bbcf      0x43f Application/User/usbd_desc.o
 .debug_macro   0x0002c00e      0x459 Application/User/usbd_storage.o
 .debug_macro   0x0002c467       0x7c Application/User/usbd_storage.o