13:40:08 **** Incremental Build of configuration Debug for project Lab03_UART_SPI ****
make all 
Building file: ../src/Lab03_uart.c
Invoking: MCU GCC Compiler
/Users/lucienbrule/Developer/otherMPS/MPS/Lab03_UART_SPI/Debug
arm-none-eabi-gcc -mcpu=cortex-m7 -mthumb -mfloat-abi=hard -mfpu=fpv5-d16 -DUSE_HAL_DRIVER -DSTM32F769xx -DUSE_STM32F769I_DISCO -I"/Users/lucienbrule/Developer/otherMPS/MPS/Lab03_UART_SPI/inc" -I"/Users/lucienbrule/Developer/otherMPS/MPS/stm32lib/Drivers/CMSIS/Device/ST/STM32F7xx/Include" -I"/Users/lucienbrule/Developer/otherMPS/MPS/stm32lib/Drivers/CMSIS/Include" -I"/Users/lucienbrule/Developer/otherMPS/MPS/stm32lib/Drivers/STM32F7xx_HAL_Driver/Inc" -Og -g3 -Wall -fmessage-length=0 -Wdouble-promotion -ffunction-sections -c -MMD -MP -MF"src/Lab03_uart.d" -MT"src/Lab03_uart.o" -o "src/Lab03_uart.o" "../src/Lab03_uart.c"
../src/Lab03_uart.c:14:10: error: expected declaration specifiers or '...' before '&' token
 initUart(&uart6,9600,USART6);
          ^
../src/Lab03_uart.c:14:17: error: expected declaration specifiers or '...' before numeric constant
 initUart(&uart6,9600,USART6);
                 ^~~~
In file included from /Users/lucienbrule/Developer/otherMPS/MPS/Lab03_UART_SPI/inc/init.h:4:0,
                 from ../src/Lab03_uart.c:12:
/Users/lucienbrule/Developer/otherMPS/MPS/stm32lib/Drivers/CMSIS/Device/ST/STM32F7xx/Include/stm32f769xx.h:1610:29: error: expected declaration specifiers or '...' before '(' token
 #define USART6              ((USART_TypeDef *) USART6_BASE)
                             ^
../src/Lab03_uart.c:14:22: note: in expansion of macro 'USART6'
 initUart(&uart6,9600,USART6);
                      ^~~~~~
../src/Lab03_uart.c:69:6: error: redefinition of 'USART6_IRQHandler'
 void USART6_IRQHandler(){
      ^~~~~~~~~~~~~~~~~
../src/Lab03_uart.c:65:6: note: previous definition of 'USART6_IRQHandler' was here
 void USART6_IRQHandler(){
      ^~~~~~~~~~~~~~~~~
make: *** [src/Lab03_uart.o] Error 1
13:42:04 **** Incremental Build of configuration Debug for project Lab03_UART_SPI ****
make all 
Building file: ../src/Lab03_uart.c
Invoking: MCU GCC Compiler
/Users/lucienbrule/Developer/otherMPS/MPS/Lab03_UART_SPI/Debug
arm-none-eabi-gcc -mcpu=cortex-m7 -mthumb -mfloat-abi=hard -mfpu=fpv5-d16 -DUSE_HAL_DRIVER -DSTM32F769xx -DUSE_STM32F769I_DISCO -I"/Users/lucienbrule/Developer/otherMPS/MPS/Lab03_UART_SPI/inc" -I"/Users/lucienbrule/Developer/otherMPS/MPS/stm32lib/Drivers/CMSIS/Device/ST/STM32F7xx/Include" -I"/Users/lucienbrule/Developer/otherMPS/MPS/stm32lib/Drivers/CMSIS/Include" -I"/Users/lucienbrule/Developer/otherMPS/MPS/stm32lib/Drivers/STM32F7xx_HAL_Driver/Inc" -Og -g3 -Wall -fmessage-length=0 -Wdouble-promotion -ffunction-sections -c -MMD -MP -MF"src/Lab03_uart.d" -MT"src/Lab03_uart.o" -o "src/Lab03_uart.o" "../src/Lab03_uart.c"
../src/Lab03_uart.c: In function 'polling_receive':
../src/Lab03_uart.c:22:20: error: incompatible type for argument 1 of 'HAL_UART_Receive'
   HAL_UART_Receive(uart6, uart6_recv, 1, 0);
                    ^~~~~
In file included from /Users/lucienbrule/Developer/otherMPS/MPS/Lab03_UART_SPI/inc/stm32f7xx_hal_conf.h:388:0,
                 from /Users/lucienbrule/Developer/otherMPS/MPS/stm32lib/Drivers/STM32F7xx_HAL_Driver/Inc/stm32f7xx_hal.h:48,
                 from /Users/lucienbrule/Developer/otherMPS/MPS/Lab03_UART_SPI/inc/init.h:5,
                 from ../src/Lab03_uart.c:12:
/Users/lucienbrule/Developer/otherMPS/MPS/stm32lib/Drivers/STM32F7xx_HAL_Driver/Inc/stm32f7xx_hal_uart.h:1140:19: note: expected 'UART_HandleTypeDef * {aka struct <anonymous> *}' but argument is of type 'UART_HandleTypeDef {aka struct <anonymous>}'
 HAL_StatusTypeDef HAL_UART_Receive(UART_HandleTypeDef *huart, uint8_t *pData, uint16_t Size, uint32_t Timeout);
                   ^~~~~~~~~~~~~~~~
../src/Lab03_uart.c:27:22: error: incompatible type for argument 1 of 'HAL_UART_Transmit'
    HAL_UART_Transmit(uart6,uart1_recv,1, 0);
                      ^~~~~
In file included from /Users/lucienbrule/Developer/otherMPS/MPS/Lab03_UART_SPI/inc/stm32f7xx_hal_conf.h:388:0,
                 from /Users/lucienbrule/Developer/otherMPS/MPS/stm32lib/Drivers/STM32F7xx_HAL_Driver/Inc/stm32f7xx_hal.h:48,
                 from /Users/lucienbrule/Developer/otherMPS/MPS/Lab03_UART_SPI/inc/init.h:5,
                 from ../src/Lab03_uart.c:12:
/Users/lucienbrule/Developer/otherMPS/MPS/stm32lib/Drivers/STM32F7xx_HAL_Driver/Inc/stm32f7xx_hal_uart.h:1139:19: note: expected 'UART_HandleTypeDef * {aka struct <anonymous> *}' but argument is of type 'UART_HandleTypeDef {aka struct <anonymous>}'
 HAL_StatusTypeDef HAL_UART_Transmit(UART_HandleTypeDef *huart, uint8_t *pData, uint16_t Size, uint32_t Timeout);
                   ^~~~~~~~~~~~~~~~~
../src/Lab03_uart.c:31:22: error: incompatible type for argument 1 of 'HAL_UART_Transmit'
    HAL_UART_Transmit(uart6, uart6_recv,1, 0);
                      ^~~~~
In file included from /Users/lucienbrule/Developer/otherMPS/MPS/Lab03_UART_SPI/inc/stm32f7xx_hal_conf.h:388:0,
                 from /Users/lucienbrule/Developer/otherMPS/MPS/stm32lib/Drivers/STM32F7xx_HAL_Driver/Inc/stm32f7xx_hal.h:48,
                 from /Users/lucienbrule/Developer/otherMPS/MPS/Lab03_UART_SPI/inc/init.h:5,
                 from ../src/Lab03_uart.c:12:
/Users/lucienbrule/Developer/otherMPS/MPS/stm32lib/Drivers/STM32F7xx_HAL_Driver/Inc/stm32f7xx_hal_uart.h:1139:19: note: expected 'UART_HandleTypeDef * {aka struct <anonymous> *}' but argument is of type 'UART_HandleTypeDef {aka struct <anonymous>}'
 HAL_StatusTypeDef HAL_UART_Transmit(UART_HandleTypeDef *huart, uint8_t *pData, uint16_t Size, uint32_t Timeout);
                   ^~~~~~~~~~~~~~~~~
make: *** [src/Lab03_uart.o] Error 1
13:42:23 **** Incremental Build of configuration Debug for project Lab03_UART_SPI ****
make all 
Building file: ../src/Lab03_uart.c
Invoking: MCU GCC Compiler
/Users/lucienbrule/Developer/otherMPS/MPS/Lab03_UART_SPI/Debug
arm-none-eabi-gcc -mcpu=cortex-m7 -mthumb -mfloat-abi=hard -mfpu=fpv5-d16 -DUSE_HAL_DRIVER -DSTM32F769xx -DUSE_STM32F769I_DISCO -I"/Users/lucienbrule/Developer/otherMPS/MPS/Lab03_UART_SPI/inc" -I"/Users/lucienbrule/Developer/otherMPS/MPS/stm32lib/Drivers/CMSIS/Device/ST/STM32F7xx/Include" -I"/Users/lucienbrule/Developer/otherMPS/MPS/stm32lib/Drivers/CMSIS/Include" -I"/Users/lucienbrule/Developer/otherMPS/MPS/stm32lib/Drivers/STM32F7xx_HAL_Driver/Inc" -Og -g3 -Wall -fmessage-length=0 -Wdouble-promotion -ffunction-sections -c -MMD -MP -MF"src/Lab03_uart.d" -MT"src/Lab03_uart.o" -o "src/Lab03_uart.o" "../src/Lab03_uart.c"
Finished building: ../src/Lab03_uart.c
 
Building target: Lab03_UART_SPI.elf
Invoking: MCU GCC Linker
arm-none-eabi-gcc -mcpu=cortex-m7 -mthumb -mfloat-abi=hard -mfpu=fpv5-d16 -specs=nosys.specs -specs=nano.specs -T"/Users/lucienbrule/Developer/otherMPS/MPS/Lab03_UART_SPI/LinkerScript.ld" -Wl,-Map=output.map -Wl,--gc-sections -o "Lab03_UART_SPI.elf" @"objects.list"   -lm
Finished building target: Lab03_UART_SPI.elf
 
/Applications/Xcode.app/Contents/Developer/usr/bin/make --no-print-directory post-build
Generating binary and Printing size information:
arm-none-eabi-objcopy -O binary "Lab03_UART_SPI.elf" "Lab03_UART_SPI.bin"
arm-none-eabi-size "Lab03_UART_SPI.elf"
   text	   data	    bss	    dec	    hex	filename
   9432	    112	   1296	  10840	   2a58	Lab03_UART_SPI.elf
 
13:42:42 **** Incremental Build of configuration Debug for project Lab03_UART_SPI ****
make all 
make: Nothing to be done for `all'.
13:43:49 **** Incremental Build of configuration Debug for project Lab03_UART_SPI ****
make all 
Building file: ../src/Lab03_uart.c
Invoking: MCU GCC Compiler
/Users/lucienbrule/Developer/otherMPS/MPS/Lab03_UART_SPI/Debug
arm-none-eabi-gcc -mcpu=cortex-m7 -mthumb -mfloat-abi=hard -mfpu=fpv5-d16 -DUSE_HAL_DRIVER -DSTM32F769xx -DUSE_STM32F769I_DISCO -I"/Users/lucienbrule/Developer/otherMPS/MPS/Lab03_UART_SPI/inc" -I"/Users/lucienbrule/Developer/otherMPS/MPS/stm32lib/Drivers/CMSIS/Device/ST/STM32F7xx/Include" -I"/Users/lucienbrule/Developer/otherMPS/MPS/stm32lib/Drivers/CMSIS/Include" -I"/Users/lucienbrule/Developer/otherMPS/MPS/stm32lib/Drivers/STM32F7xx_HAL_Driver/Inc" -Og -g3 -Wall -fmessage-length=0 -Wdouble-promotion -ffunction-sections -c -MMD -MP -MF"src/Lab03_uart.d" -MT"src/Lab03_uart.o" -o "src/Lab03_uart.o" "../src/Lab03_uart.c"
Finished building: ../src/Lab03_uart.c
 
Building target: Lab03_UART_SPI.elf
Invoking: MCU GCC Linker
arm-none-eabi-gcc -mcpu=cortex-m7 -mthumb -mfloat-abi=hard -mfpu=fpv5-d16 -specs=nosys.specs -specs=nano.specs -T"/Users/lucienbrule/Developer/otherMPS/MPS/Lab03_UART_SPI/LinkerScript.ld" -Wl,-Map=output.map -Wl,--gc-sections -o "Lab03_UART_SPI.elf" @"objects.list"   -lm
Finished building target: Lab03_UART_SPI.elf
 
/Applications/Xcode.app/Contents/Developer/usr/bin/make --no-print-directory post-build
Generating binary and Printing size information:
arm-none-eabi-objcopy -O binary "Lab03_UART_SPI.elf" "Lab03_UART_SPI.bin"
arm-none-eabi-size "Lab03_UART_SPI.elf"
   text	   data	    bss	    dec	    hex	filename
   9468	    112	   1296	  10876	   2a7c	Lab03_UART_SPI.elf
 
13:45:10 **** Incremental Build of configuration Debug for project Lab03_UART_SPI ****
make all 
Building file: ../src/Lab03_uart.c
Invoking: MCU GCC Compiler
/Users/lucienbrule/Developer/otherMPS/MPS/Lab03_UART_SPI/Debug
arm-none-eabi-gcc -mcpu=cortex-m7 -mthumb -mfloat-abi=hard -mfpu=fpv5-d16 -DUSE_HAL_DRIVER -DSTM32F769xx -DUSE_STM32F769I_DISCO -I"/Users/lucienbrule/Developer/otherMPS/MPS/Lab03_UART_SPI/inc" -I"/Users/lucienbrule/Developer/otherMPS/MPS/stm32lib/Drivers/CMSIS/Device/ST/STM32F7xx/Include" -I"/Users/lucienbrule/Developer/otherMPS/MPS/stm32lib/Drivers/CMSIS/Include" -I"/Users/lucienbrule/Developer/otherMPS/MPS/stm32lib/Drivers/STM32F7xx_HAL_Driver/Inc" -Og -g3 -Wall -fmessage-length=0 -Wdouble-promotion -ffunction-sections -c -MMD -MP -MF"src/Lab03_uart.d" -MT"src/Lab03_uart.o" -o "src/Lab03_uart.o" "../src/Lab03_uart.c"
Finished building: ../src/Lab03_uart.c
 
Building target: Lab03_UART_SPI.elf
Invoking: MCU GCC Linker
arm-none-eabi-gcc -mcpu=cortex-m7 -mthumb -mfloat-abi=hard -mfpu=fpv5-d16 -specs=nosys.specs -specs=nano.specs -T"/Users/lucienbrule/Developer/otherMPS/MPS/Lab03_UART_SPI/LinkerScript.ld" -Wl,-Map=output.map -Wl,--gc-sections -o "Lab03_UART_SPI.elf" @"objects.list"   -lm
Finished building target: Lab03_UART_SPI.elf
 
/Applications/Xcode.app/Contents/Developer/usr/bin/make --no-print-directory post-build
Generating binary and Printing size information:
arm-none-eabi-objcopy -O binary "Lab03_UART_SPI.elf" "Lab03_UART_SPI.bin"
arm-none-eabi-size "Lab03_UART_SPI.elf"
   text	   data	    bss	    dec	    hex	filename
   9468	    112	   1296	  10876	   2a7c	Lab03_UART_SPI.elf
 
13:46:01 **** Incremental Build of configuration Debug for project Lab03_UART_SPI ****
make all 
Building file: ../src/Lab03_uart.c
Invoking: MCU GCC Compiler
/Users/lucienbrule/Developer/otherMPS/MPS/Lab03_UART_SPI/Debug
arm-none-eabi-gcc -mcpu=cortex-m7 -mthumb -mfloat-abi=hard -mfpu=fpv5-d16 -DUSE_HAL_DRIVER -DSTM32F769xx -DUSE_STM32F769I_DISCO -I"/Users/lucienbrule/Developer/otherMPS/MPS/Lab03_UART_SPI/inc" -I"/Users/lucienbrule/Developer/otherMPS/MPS/stm32lib/Drivers/CMSIS/Device/ST/STM32F7xx/Include" -I"/Users/lucienbrule/Developer/otherMPS/MPS/stm32lib/Drivers/CMSIS/Include" -I"/Users/lucienbrule/Developer/otherMPS/MPS/stm32lib/Drivers/STM32F7xx_HAL_Driver/Inc" -Og -g3 -Wall -fmessage-length=0 -Wdouble-promotion -ffunction-sections -c -MMD -MP -MF"src/Lab03_uart.d" -MT"src/Lab03_uart.o" -o "src/Lab03_uart.o" "../src/Lab03_uart.c"
Finished building: ../src/Lab03_uart.c
 
Building target: Lab03_UART_SPI.elf
Invoking: MCU GCC Linker
arm-none-eabi-gcc -mcpu=cortex-m7 -mthumb -mfloat-abi=hard -mfpu=fpv5-d16 -specs=nosys.specs -specs=nano.specs -T"/Users/lucienbrule/Developer/otherMPS/MPS/Lab03_UART_SPI/LinkerScript.ld" -Wl,-Map=output.map -Wl,--gc-sections -o "Lab03_UART_SPI.elf" @"objects.list"   -lm
Finished building target: Lab03_UART_SPI.elf
 
/Applications/Xcode.app/Contents/Developer/usr/bin/make --no-print-directory post-build
Generating binary and Printing size information:
arm-none-eabi-objcopy -O binary "Lab03_UART_SPI.elf" "Lab03_UART_SPI.bin"
arm-none-eabi-size "Lab03_UART_SPI.elf"
   text	   data	    bss	    dec	    hex	filename
   9476	    112	   1296	  10884	   2a84	Lab03_UART_SPI.elf
 
13:48:32 **** Incremental Build of configuration Debug for project Lab03_UART_SPI ****
make all 
Building file: ../src/Lab03_uart.c
Invoking: MCU GCC Compiler
/Users/lucienbrule/Developer/otherMPS/MPS/Lab03_UART_SPI/Debug
arm-none-eabi-gcc -mcpu=cortex-m7 -mthumb -mfloat-abi=hard -mfpu=fpv5-d16 -DUSE_HAL_DRIVER -DSTM32F769xx -DUSE_STM32F769I_DISCO -I"/Users/lucienbrule/Developer/otherMPS/MPS/Lab03_UART_SPI/inc" -I"/Users/lucienbrule/Developer/otherMPS/MPS/stm32lib/Drivers/CMSIS/Device/ST/STM32F7xx/Include" -I"/Users/lucienbrule/Developer/otherMPS/MPS/stm32lib/Drivers/CMSIS/Include" -I"/Users/lucienbrule/Developer/otherMPS/MPS/stm32lib/Drivers/STM32F7xx_HAL_Driver/Inc" -Og -g3 -Wall -fmessage-length=0 -Wdouble-promotion -ffunction-sections -c -MMD -MP -MF"src/Lab03_uart.d" -MT"src/Lab03_uart.o" -o "src/Lab03_uart.o" "../src/Lab03_uart.c"
../src/Lab03_uart.c: In function 'main':
../src/Lab03_uart.c:68:49: warning: 'input_buffer[0]' is used uninitialized in this function [-Wuninitialized]
   printf("Input buffer is: %c\r\n", input_buffer[0]);
                                     ~~~~~~~~~~~~^~~
Finished building: ../src/Lab03_uart.c
 
Building target: Lab03_UART_SPI.elf
Invoking: MCU GCC Linker
arm-none-eabi-gcc -mcpu=cortex-m7 -mthumb -mfloat-abi=hard -mfpu=fpv5-d16 -specs=nosys.specs -specs=nano.specs -T"/Users/lucienbrule/Developer/otherMPS/MPS/Lab03_UART_SPI/LinkerScript.ld" -Wl,-Map=output.map -Wl,--gc-sections -o "Lab03_UART_SPI.elf" @"objects.list"   -lm
Finished building target: Lab03_UART_SPI.elf
 
/Applications/Xcode.app/Contents/Developer/usr/bin/make --no-print-directory post-build
Generating binary and Printing size information:
arm-none-eabi-objcopy -O binary "Lab03_UART_SPI.elf" "Lab03_UART_SPI.bin"
arm-none-eabi-size "Lab03_UART_SPI.elf"
   text	   data	    bss	    dec	    hex	filename
  11380	    112	   1296	  12788	   31f4	Lab03_UART_SPI.elf
 
13:49:01 **** Incremental Build of configuration Debug for project Lab03_UART_SPI ****
make all 
Building file: ../src/Lab03_uart.c
Invoking: MCU GCC Compiler
/Users/lucienbrule/Developer/otherMPS/MPS/Lab03_UART_SPI/Debug
arm-none-eabi-gcc -mcpu=cortex-m7 -mthumb -mfloat-abi=hard -mfpu=fpv5-d16 -DUSE_HAL_DRIVER -DSTM32F769xx -DUSE_STM32F769I_DISCO -I"/Users/lucienbrule/Developer/otherMPS/MPS/Lab03_UART_SPI/inc" -I"/Users/lucienbrule/Developer/otherMPS/MPS/stm32lib/Drivers/CMSIS/Device/ST/STM32F7xx/Include" -I"/Users/lucienbrule/Developer/otherMPS/MPS/stm32lib/Drivers/CMSIS/Include" -I"/Users/lucienbrule/Developer/otherMPS/MPS/stm32lib/Drivers/STM32F7xx_HAL_Driver/Inc" -Og -g3 -Wall -fmessage-length=0 -Wdouble-promotion -ffunction-sections -c -MMD -MP -MF"src/Lab03_uart.d" -MT"src/Lab03_uart.o" -o "src/Lab03_uart.o" "../src/Lab03_uart.c"
../src/Lab03_uart.c: In function 'main':
../src/Lab03_uart.c:68:49: warning: 'input_buffer[0]' is used uninitialized in this function [-Wuninitialized]
   printf("Input buffer is: %c\r\n", input_buffer[0]);
                                     ~~~~~~~~~~~~^~~
Finished building: ../src/Lab03_uart.c
 
Building target: Lab03_UART_SPI.elf
Invoking: MCU GCC Linker
arm-none-eabi-gcc -mcpu=cortex-m7 -mthumb -mfloat-abi=hard -mfpu=fpv5-d16 -specs=nosys.specs -specs=nano.specs -T"/Users/lucienbrule/Developer/otherMPS/MPS/Lab03_UART_SPI/LinkerScript.ld" -Wl,-Map=output.map -Wl,--gc-sections -o "Lab03_UART_SPI.elf" @"objects.list"   -lm
Finished building target: Lab03_UART_SPI.elf
 
/Applications/Xcode.app/Contents/Developer/usr/bin/make --no-print-directory post-build
Generating binary and Printing size information:
arm-none-eabi-objcopy -O binary "Lab03_UART_SPI.elf" "Lab03_UART_SPI.bin"
arm-none-eabi-size "Lab03_UART_SPI.elf"
   text	   data	    bss	    dec	    hex	filename
  11368	    112	   1296	  12776	   31e8	Lab03_UART_SPI.elf
 
14:03:13 **** Incremental Build of configuration Debug for project Lab03_UART_SPI ****
make all 
Building file: ../src/Lab03_uart.c
Invoking: MCU GCC Compiler
/Users/lucienbrule/Developer/otherMPS/MPS/Lab03_UART_SPI/Debug
arm-none-eabi-gcc -mcpu=cortex-m7 -mthumb -mfloat-abi=hard -mfpu=fpv5-d16 -DUSE_HAL_DRIVER -DSTM32F769xx -DUSE_STM32F769I_DISCO -I"/Users/lucienbrule/Developer/otherMPS/MPS/Lab03_UART_SPI/inc" -I"/Users/lucienbrule/Developer/otherMPS/MPS/stm32lib/Drivers/CMSIS/Device/ST/STM32F7xx/Include" -I"/Users/lucienbrule/Developer/otherMPS/MPS/stm32lib/Drivers/CMSIS/Include" -I"/Users/lucienbrule/Developer/otherMPS/MPS/stm32lib/Drivers/STM32F7xx_HAL_Driver/Inc" -Og -g3 -Wall -fmessage-length=0 -Wdouble-promotion -ffunction-sections -c -MMD -MP -MF"src/Lab03_uart.d" -MT"src/Lab03_uart.o" -o "src/Lab03_uart.o" "../src/Lab03_uart.c"
../src/Lab03_uart.c: In function 'main':
../src/Lab03_uart.c:68:49: warning: 'input_buffer[0]' is used uninitialized in this function [-Wuninitialized]
   printf("Input buffer is: %c\r\n", input_buffer[0]);
                                     ~~~~~~~~~~~~^~~
Finished building: ../src/Lab03_uart.c
 
Building target: Lab03_UART_SPI.elf
Invoking: MCU GCC Linker
arm-none-eabi-gcc -mcpu=cortex-m7 -mthumb -mfloat-abi=hard -mfpu=fpv5-d16 -specs=nosys.specs -specs=nano.specs -T"/Users/lucienbrule/Developer/otherMPS/MPS/Lab03_UART_SPI/LinkerScript.ld" -Wl,-Map=output.map -Wl,--gc-sections -o "Lab03_UART_SPI.elf" @"objects.list"   -lm
Finished building target: Lab03_UART_SPI.elf
 
/Applications/Xcode.app/Contents/Developer/usr/bin/make --no-print-directory post-build
Generating binary and Printing size information:
arm-none-eabi-objcopy -O binary "Lab03_UART_SPI.elf" "Lab03_UART_SPI.bin"
arm-none-eabi-size "Lab03_UART_SPI.elf"
   text	   data	    bss	    dec	    hex	filename
  11164	    112	   1296	  12572	   311c	Lab03_UART_SPI.elf
 
14:05:05 **** Incremental Build of configuration Debug for project Lab03_UART_SPI ****
make all 
Building file: ../src/Lab03_uart.c
Invoking: MCU GCC Compiler
/Users/lucienbrule/Developer/otherMPS/MPS/Lab03_UART_SPI/Debug
arm-none-eabi-gcc -mcpu=cortex-m7 -mthumb -mfloat-abi=hard -mfpu=fpv5-d16 -DUSE_HAL_DRIVER -DSTM32F769xx -DUSE_STM32F769I_DISCO -I"/Users/lucienbrule/Developer/otherMPS/MPS/Lab03_UART_SPI/inc" -I"/Users/lucienbrule/Developer/otherMPS/MPS/stm32lib/Drivers/CMSIS/Device/ST/STM32F7xx/Include" -I"/Users/lucienbrule/Developer/otherMPS/MPS/stm32lib/Drivers/CMSIS/Include" -I"/Users/lucienbrule/Developer/otherMPS/MPS/stm32lib/Drivers/STM32F7xx_HAL_Driver/Inc" -Og -g3 -Wall -fmessage-length=0 -Wdouble-promotion -ffunction-sections -c -MMD -MP -MF"src/Lab03_uart.d" -MT"src/Lab03_uart.o" -o "src/Lab03_uart.o" "../src/Lab03_uart.c"
../src/Lab03_uart.c: In function 'main':
../src/Lab03_uart.c:68:49: warning: 'input_buffer[0]' is used uninitialized in this function [-Wuninitialized]
   printf("Input buffer is: %c\r\n", input_buffer[0]);
                                     ~~~~~~~~~~~~^~~
Finished building: ../src/Lab03_uart.c
 
Building target: Lab03_UART_SPI.elf
Invoking: MCU GCC Linker
arm-none-eabi-gcc -mcpu=cortex-m7 -mthumb -mfloat-abi=hard -mfpu=fpv5-d16 -specs=nosys.specs -specs=nano.specs -T"/Users/lucienbrule/Developer/otherMPS/MPS/Lab03_UART_SPI/LinkerScript.ld" -Wl,-Map=output.map -Wl,--gc-sections -o "Lab03_UART_SPI.elf" @"objects.list"   -lm
Finished building target: Lab03_UART_SPI.elf
 
/Applications/Xcode.app/Contents/Developer/usr/bin/make --no-print-directory post-build
Generating binary and Printing size information:
arm-none-eabi-objcopy -O binary "Lab03_UART_SPI.elf" "Lab03_UART_SPI.bin"
arm-none-eabi-size "Lab03_UART_SPI.elf"
   text	   data	    bss	    dec	    hex	filename
  11356	    112	   1296	  12764	   31dc	Lab03_UART_SPI.elf
 
14:05:33 **** Incremental Build of configuration Debug for project Lab03_UART_SPI ****
make all 
Building file: ../src/Lab03_uart.c
Invoking: MCU GCC Compiler
/Users/lucienbrule/Developer/otherMPS/MPS/Lab03_UART_SPI/Debug
arm-none-eabi-gcc -mcpu=cortex-m7 -mthumb -mfloat-abi=hard -mfpu=fpv5-d16 -DUSE_HAL_DRIVER -DSTM32F769xx -DUSE_STM32F769I_DISCO -I"/Users/lucienbrule/Developer/otherMPS/MPS/Lab03_UART_SPI/inc" -I"/Users/lucienbrule/Developer/otherMPS/MPS/stm32lib/Drivers/CMSIS/Device/ST/STM32F7xx/Include" -I"/Users/lucienbrule/Developer/otherMPS/MPS/stm32lib/Drivers/CMSIS/Include" -I"/Users/lucienbrule/Developer/otherMPS/MPS/stm32lib/Drivers/STM32F7xx_HAL_Driver/Inc" -Og -g3 -Wall -fmessage-length=0 -Wdouble-promotion -ffunction-sections -c -MMD -MP -MF"src/Lab03_uart.d" -MT"src/Lab03_uart.o" -o "src/Lab03_uart.o" "../src/Lab03_uart.c"
../src/Lab03_uart.c: In function 'main':
../src/Lab03_uart.c:60:10: warning: unused variable 'input_buffer' [-Wunused-variable]
  uint8_t input_buffer[1] ;
          ^~~~~~~~~~~~
../src/Lab03_uart.c:58:10: warning: unused variable 'test_a' [-Wunused-variable]
  uint8_t test_a[1]  = {'A'};
          ^~~~~~
Finished building: ../src/Lab03_uart.c
 
Building target: Lab03_UART_SPI.elf
Invoking: MCU GCC Linker
arm-none-eabi-gcc -mcpu=cortex-m7 -mthumb -mfloat-abi=hard -mfpu=fpv5-d16 -specs=nosys.specs -specs=nano.specs -T"/Users/lucienbrule/Developer/otherMPS/MPS/Lab03_UART_SPI/LinkerScript.ld" -Wl,-Map=output.map -Wl,--gc-sections -o "Lab03_UART_SPI.elf" @"objects.list"   -lm
Finished building target: Lab03_UART_SPI.elf
 
/Applications/Xcode.app/Contents/Developer/usr/bin/make --no-print-directory post-build
Generating binary and Printing size information:
arm-none-eabi-objcopy -O binary "Lab03_UART_SPI.elf" "Lab03_UART_SPI.bin"
arm-none-eabi-size "Lab03_UART_SPI.elf"
   text	   data	    bss	    dec	    hex	filename
   9528	    112	   1296	  10936	   2ab8	Lab03_UART_SPI.elf
 
14:15:34 **** Incremental Build of configuration Debug for project Lab03_UART_SPI ****
make all 
Building file: ../src/Lab03_uart.c
Invoking: MCU GCC Compiler
/Users/lucienbrule/Developer/otherMPS/MPS/Lab03_UART_SPI/Debug
arm-none-eabi-gcc -mcpu=cortex-m7 -mthumb -mfloat-abi=hard -mfpu=fpv5-d16 -DUSE_HAL_DRIVER -DSTM32F769xx -DUSE_STM32F769I_DISCO -I"/Users/lucienbrule/Developer/otherMPS/MPS/Lab03_UART_SPI/inc" -I"/Users/lucienbrule/Developer/otherMPS/MPS/stm32lib/Drivers/CMSIS/Device/ST/STM32F7xx/Include" -I"/Users/lucienbrule/Developer/otherMPS/MPS/stm32lib/Drivers/CMSIS/Include" -I"/Users/lucienbrule/Developer/otherMPS/MPS/stm32lib/Drivers/STM32F7xx_HAL_Driver/Inc" -Og -g3 -Wall -fmessage-length=0 -Wdouble-promotion -ffunction-sections -c -MMD -MP -MF"src/Lab03_uart.d" -MT"src/Lab03_uart.o" -o "src/Lab03_uart.o" "../src/Lab03_uart.c"
../src/Lab03_uart.c: In function 'main':
../src/Lab03_uart.c:60:10: warning: unused variable 'input_buffer' [-Wunused-variable]
  uint8_t input_buffer[1] ;
          ^~~~~~~~~~~~
../src/Lab03_uart.c:58:10: warning: unused variable 'test_a' [-Wunused-variable]
  uint8_t test_a[1]  = {'A'};
          ^~~~~~
Finished building: ../src/Lab03_uart.c
 
Building target: Lab03_UART_SPI.elf
Invoking: MCU GCC Linker
arm-none-eabi-gcc -mcpu=cortex-m7 -mthumb -mfloat-abi=hard -mfpu=fpv5-d16 -specs=nosys.specs -specs=nano.specs -T"/Users/lucienbrule/Developer/otherMPS/MPS/Lab03_UART_SPI/LinkerScript.ld" -Wl,-Map=output.map -Wl,--gc-sections -o "Lab03_UART_SPI.elf" @"objects.list"   -lm
Finished building target: Lab03_UART_SPI.elf
 
/Applications/Xcode.app/Contents/Developer/usr/bin/make --no-print-directory post-build
Generating binary and Printing size information:
arm-none-eabi-objcopy -O binary "Lab03_UART_SPI.elf" "Lab03_UART_SPI.bin"
arm-none-eabi-size "Lab03_UART_SPI.elf"
   text	   data	    bss	    dec	    hex	filename
  11088	    112	   1296	  12496	   30d0	Lab03_UART_SPI.elf
 
14:16:35 **** Incremental Build of configuration Debug for project Lab03_UART_SPI ****
make all 
Building file: ../src/Lab03_uart.c
Invoking: MCU GCC Compiler
/Users/lucienbrule/Developer/otherMPS/MPS/Lab03_UART_SPI/Debug
arm-none-eabi-gcc -mcpu=cortex-m7 -mthumb -mfloat-abi=hard -mfpu=fpv5-d16 -DUSE_HAL_DRIVER -DSTM32F769xx -DUSE_STM32F769I_DISCO -I"/Users/lucienbrule/Developer/otherMPS/MPS/Lab03_UART_SPI/inc" -I"/Users/lucienbrule/Developer/otherMPS/MPS/stm32lib/Drivers/CMSIS/Device/ST/STM32F7xx/Include" -I"/Users/lucienbrule/Developer/otherMPS/MPS/stm32lib/Drivers/CMSIS/Include" -I"/Users/lucienbrule/Developer/otherMPS/MPS/stm32lib/Drivers/STM32F7xx_HAL_Driver/Inc" -Og -g3 -Wall -fmessage-length=0 -Wdouble-promotion -ffunction-sections -c -MMD -MP -MF"src/Lab03_uart.d" -MT"src/Lab03_uart.o" -o "src/Lab03_uart.o" "../src/Lab03_uart.c"
../src/Lab03_uart.c: In function 'main':
../src/Lab03_uart.c:60:10: warning: unused variable 'input_buffer' [-Wunused-variable]
  uint8_t input_buffer[1] ;
          ^~~~~~~~~~~~
../src/Lab03_uart.c:58:10: warning: unused variable 'test_a' [-Wunused-variable]
  uint8_t test_a[1]  = {'A'};
          ^~~~~~
Finished building: ../src/Lab03_uart.c
 
Building target: Lab03_UART_SPI.elf
Invoking: MCU GCC Linker
arm-none-eabi-gcc -mcpu=cortex-m7 -mthumb -mfloat-abi=hard -mfpu=fpv5-d16 -specs=nosys.specs -specs=nano.specs -T"/Users/lucienbrule/Developer/otherMPS/MPS/Lab03_UART_SPI/LinkerScript.ld" -Wl,-Map=output.map -Wl,--gc-sections -o "Lab03_UART_SPI.elf" @"objects.list"   -lm
Finished building target: Lab03_UART_SPI.elf
 
/Applications/Xcode.app/Contents/Developer/usr/bin/make --no-print-directory post-build
Generating binary and Printing size information:
arm-none-eabi-objcopy -O binary "Lab03_UART_SPI.elf" "Lab03_UART_SPI.bin"
arm-none-eabi-size "Lab03_UART_SPI.elf"
   text	   data	    bss	    dec	    hex	filename
   9376	    112	   1296	  10784	   2a20	Lab03_UART_SPI.elf
 
14:19:08 **** Build of configuration Debug for project Lab03_UART_SPI ****
make all 
Building file: ../src/Lab03_uart.c
Invoking: MCU GCC Compiler
/Users/lucienbrule/Developer/otherMPS/MPS/Lab03_UART_SPI/Debug
arm-none-eabi-gcc -mcpu=cortex-m7 -mthumb -mfloat-abi=hard -mfpu=fpv5-d16 -DUSE_HAL_DRIVER -DSTM32F769xx -DUSE_STM32F769I_DISCO -I"/Users/lucienbrule/Developer/otherMPS/MPS/Lab03_UART_SPI/inc" -I"/Users/lucienbrule/Developer/otherMPS/MPS/stm32lib/Drivers/CMSIS/Device/ST/STM32F7xx/Include" -I"/Users/lucienbrule/Developer/otherMPS/MPS/stm32lib/Drivers/CMSIS/Include" -I"/Users/lucienbrule/Developer/otherMPS/MPS/stm32lib/Drivers/STM32F7xx_HAL_Driver/Inc" -Og -g3 -Wall -fmessage-length=0 -Wdouble-promotion -ffunction-sections -c -MMD -MP -MF"src/Lab03_uart.d" -MT"src/Lab03_uart.o" -o "src/Lab03_uart.o" "../src/Lab03_uart.c"
../src/Lab03_uart.c: In function 'main':
../src/Lab03_uart.c:61:10: warning: unused variable 'input_buffer' [-Wunused-variable]
  uint8_t input_buffer[1] ;
          ^~~~~~~~~~~~
../src/Lab03_uart.c:59:10: warning: unused variable 'test_a' [-Wunused-variable]
  uint8_t test_a[1]  = {'A'};
          ^~~~~~
Finished building: ../src/Lab03_uart.c
 
Building target: Lab03_UART_SPI.elf
Invoking: MCU GCC Linker
arm-none-eabi-gcc -mcpu=cortex-m7 -mthumb -mfloat-abi=hard -mfpu=fpv5-d16 -specs=nosys.specs -specs=nano.specs -T"/Users/lucienbrule/Developer/otherMPS/MPS/Lab03_UART_SPI/LinkerScript.ld" -Wl,-Map=output.map -Wl,--gc-sections -o "Lab03_UART_SPI.elf" @"objects.list"   -lm
Finished building target: Lab03_UART_SPI.elf
 
/Applications/Xcode.app/Contents/Developer/usr/bin/make --no-print-directory post-build
Generating binary and Printing size information:
arm-none-eabi-objcopy -O binary "Lab03_UART_SPI.elf" "Lab03_UART_SPI.bin"
arm-none-eabi-size "Lab03_UART_SPI.elf"
   text	   data	    bss	    dec	    hex	filename
   9536	    112	   1296	  10944	   2ac0	Lab03_UART_SPI.elf
 
14:23:41 **** Incremental Build of configuration Debug for project Lab03_UART_SPI ****
make all 
Building file: ../src/Lab03_uart.c
Invoking: MCU GCC Compiler
/Users/lucienbrule/Developer/otherMPS/MPS/Lab03_UART_SPI/Debug
arm-none-eabi-gcc -mcpu=cortex-m7 -mthumb -mfloat-abi=hard -mfpu=fpv5-d16 -DUSE_HAL_DRIVER -DSTM32F769xx -DUSE_STM32F769I_DISCO -I"/Users/lucienbrule/Developer/otherMPS/MPS/Lab03_UART_SPI/inc" -I"/Users/lucienbrule/Developer/otherMPS/MPS/stm32lib/Drivers/CMSIS/Device/ST/STM32F7xx/Include" -I"/Users/lucienbrule/Developer/otherMPS/MPS/stm32lib/Drivers/CMSIS/Include" -I"/Users/lucienbrule/Developer/otherMPS/MPS/stm32lib/Drivers/STM32F7xx_HAL_Driver/Inc" -Og -g3 -Wall -fmessage-length=0 -Wdouble-promotion -ffunction-sections -c -MMD -MP -MF"src/Lab03_uart.d" -MT"src/Lab03_uart.o" -o "src/Lab03_uart.o" "../src/Lab03_uart.c"
../src/Lab03_uart.c: In function 'main':
../src/Lab03_uart.c:61:10: warning: unused variable 'input_buffer' [-Wunused-variable]
  uint8_t input_buffer[1] ;
          ^~~~~~~~~~~~
../src/Lab03_uart.c:60:10: warning: unused variable 'test_b' [-Wunused-variable]
  uint8_t test_b[1]  = {'B'};
          ^~~~~~
../src/Lab03_uart.c:59:10: warning: unused variable 'test_a' [-Wunused-variable]
  uint8_t test_a[1]  = {'A'};
          ^~~~~~
Finished building: ../src/Lab03_uart.c
 
Building target: Lab03_UART_SPI.elf
Invoking: MCU GCC Linker
arm-none-eabi-gcc -mcpu=cortex-m7 -mthumb -mfloat-abi=hard -mfpu=fpv5-d16 -specs=nosys.specs -specs=nano.specs -T"/Users/lucienbrule/Developer/otherMPS/MPS/Lab03_UART_SPI/LinkerScript.ld" -Wl,-Map=output.map -Wl,--gc-sections -o "Lab03_UART_SPI.elf" @"objects.list"   -lm
Finished building target: Lab03_UART_SPI.elf
 
/Applications/Xcode.app/Contents/Developer/usr/bin/make --no-print-directory post-build
Generating binary and Printing size information:
arm-none-eabi-objcopy -O binary "Lab03_UART_SPI.elf" "Lab03_UART_SPI.bin"
arm-none-eabi-size "Lab03_UART_SPI.elf"
   text	   data	    bss	    dec	    hex	filename
   9560	    112	   1296	  10968	   2ad8	Lab03_UART_SPI.elf
 
14:24:30 **** Incremental Build of configuration Debug for project Lab03_UART_SPI ****
make all 
Building file: ../src/Lab03_uart.c
Invoking: MCU GCC Compiler
/Users/lucienbrule/Developer/otherMPS/MPS/Lab03_UART_SPI/Debug
arm-none-eabi-gcc -mcpu=cortex-m7 -mthumb -mfloat-abi=hard -mfpu=fpv5-d16 -DUSE_HAL_DRIVER -DSTM32F769xx -DUSE_STM32F769I_DISCO -I"/Users/lucienbrule/Developer/otherMPS/MPS/Lab03_UART_SPI/inc" -I"/Users/lucienbrule/Developer/otherMPS/MPS/stm32lib/Drivers/CMSIS/Device/ST/STM32F7xx/Include" -I"/Users/lucienbrule/Developer/otherMPS/MPS/stm32lib/Drivers/CMSIS/Include" -I"/Users/lucienbrule/Developer/otherMPS/MPS/stm32lib/Drivers/STM32F7xx_HAL_Driver/Inc" -Og -g3 -Wall -fmessage-length=0 -Wdouble-promotion -ffunction-sections -c -MMD -MP -MF"src/Lab03_uart.d" -MT"src/Lab03_uart.o" -o "src/Lab03_uart.o" "../src/Lab03_uart.c"
../src/Lab03_uart.c: In function 'main':
../src/Lab03_uart.c:61:10: warning: unused variable 'input_buffer' [-Wunused-variable]
  uint8_t input_buffer[1] ;
          ^~~~~~~~~~~~
../src/Lab03_uart.c:59:10: warning: unused variable 'test_a' [-Wunused-variable]
  uint8_t test_a[1]  = {'A'};
          ^~~~~~
Finished building: ../src/Lab03_uart.c
 
Building target: Lab03_UART_SPI.elf
Invoking: MCU GCC Linker
arm-none-eabi-gcc -mcpu=cortex-m7 -mthumb -mfloat-abi=hard -mfpu=fpv5-d16 -specs=nosys.specs -specs=nano.specs -T"/Users/lucienbrule/Developer/otherMPS/MPS/Lab03_UART_SPI/LinkerScript.ld" -Wl,-Map=output.map -Wl,--gc-sections -o "Lab03_UART_SPI.elf" @"objects.list"   -lm
Finished building target: Lab03_UART_SPI.elf
 
/Applications/Xcode.app/Contents/Developer/usr/bin/make --no-print-directory post-build
Generating binary and Printing size information:
arm-none-eabi-objcopy -O binary "Lab03_UART_SPI.elf" "Lab03_UART_SPI.bin"
arm-none-eabi-size "Lab03_UART_SPI.elf"
   text	   data	    bss	    dec	    hex	filename
   9604	    112	   1296	  11012	   2b04	Lab03_UART_SPI.elf
 
14:24:57 **** Incremental Build of configuration Debug for project Lab03_UART_SPI ****
make all 
Building file: ../src/Lab03_uart.c
Invoking: MCU GCC Compiler
/Users/lucienbrule/Developer/otherMPS/MPS/Lab03_UART_SPI/Debug
arm-none-eabi-gcc -mcpu=cortex-m7 -mthumb -mfloat-abi=hard -mfpu=fpv5-d16 -DUSE_HAL_DRIVER -DSTM32F769xx -DUSE_STM32F769I_DISCO -I"/Users/lucienbrule/Developer/otherMPS/MPS/Lab03_UART_SPI/inc" -I"/Users/lucienbrule/Developer/otherMPS/MPS/stm32lib/Drivers/CMSIS/Device/ST/STM32F7xx/Include" -I"/Users/lucienbrule/Developer/otherMPS/MPS/stm32lib/Drivers/CMSIS/Include" -I"/Users/lucienbrule/Developer/otherMPS/MPS/stm32lib/Drivers/STM32F7xx_HAL_Driver/Inc" -Og -g3 -Wall -fmessage-length=0 -Wdouble-promotion -ffunction-sections -c -MMD -MP -MF"src/Lab03_uart.d" -MT"src/Lab03_uart.o" -o "src/Lab03_uart.o" "../src/Lab03_uart.c"
../src/Lab03_uart.c: In function 'main':
../src/Lab03_uart.c:61:10: warning: unused variable 'input_buffer' [-Wunused-variable]
  uint8_t input_buffer[1] ;
          ^~~~~~~~~~~~
../src/Lab03_uart.c:59:10: warning: unused variable 'test_a' [-Wunused-variable]
  uint8_t test_a[1]  = {'A'};
          ^~~~~~
Finished building: ../src/Lab03_uart.c
 
Building target: Lab03_UART_SPI.elf
Invoking: MCU GCC Linker
arm-none-eabi-gcc -mcpu=cortex-m7 -mthumb -mfloat-abi=hard -mfpu=fpv5-d16 -specs=nosys.specs -specs=nano.specs -T"/Users/lucienbrule/Developer/otherMPS/MPS/Lab03_UART_SPI/LinkerScript.ld" -Wl,-Map=output.map -Wl,--gc-sections -o "Lab03_UART_SPI.elf" @"objects.list"   -lm
Finished building target: Lab03_UART_SPI.elf
 
/Applications/Xcode.app/Contents/Developer/usr/bin/make --no-print-directory post-build
Generating binary and Printing size information:
arm-none-eabi-objcopy -O binary "Lab03_UART_SPI.elf" "Lab03_UART_SPI.bin"
arm-none-eabi-size "Lab03_UART_SPI.elf"
   text	   data	    bss	    dec	    hex	filename
   9592	    112	   1296	  11000	   2af8	Lab03_UART_SPI.elf
 
14:26:21 **** Incremental Build of configuration Debug for project Lab03_UART_SPI ****
make all 
Building file: ../src/Lab03_uart.c
Invoking: MCU GCC Compiler
/Users/lucienbrule/Developer/otherMPS/MPS/Lab03_UART_SPI/Debug
arm-none-eabi-gcc -mcpu=cortex-m7 -mthumb -mfloat-abi=hard -mfpu=fpv5-d16 -DUSE_HAL_DRIVER -DSTM32F769xx -DUSE_STM32F769I_DISCO -I"/Users/lucienbrule/Developer/otherMPS/MPS/Lab03_UART_SPI/inc" -I"/Users/lucienbrule/Developer/otherMPS/MPS/stm32lib/Drivers/CMSIS/Device/ST/STM32F7xx/Include" -I"/Users/lucienbrule/Developer/otherMPS/MPS/stm32lib/Drivers/CMSIS/Include" -I"/Users/lucienbrule/Developer/otherMPS/MPS/stm32lib/Drivers/STM32F7xx_HAL_Driver/Inc" -Og -g3 -Wall -fmessage-length=0 -Wdouble-promotion -ffunction-sections -c -MMD -MP -MF"src/Lab03_uart.d" -MT"src/Lab03_uart.o" -o "src/Lab03_uart.o" "../src/Lab03_uart.c"
../src/Lab03_uart.c: In function 'main':
../src/Lab03_uart.c:61:10: warning: unused variable 'input_buffer' [-Wunused-variable]
  uint8_t input_buffer[1] ;
          ^~~~~~~~~~~~
../src/Lab03_uart.c:60:10: warning: unused variable 'test_b' [-Wunused-variable]
  uint8_t test_b[1]  = {'B'};
          ^~~~~~
../src/Lab03_uart.c:59:10: warning: unused variable 'test_a' [-Wunused-variable]
  uint8_t test_a[1]  = {'A'};
          ^~~~~~
Finished building: ../src/Lab03_uart.c
 
Building target: Lab03_UART_SPI.elf
Invoking: MCU GCC Linker
arm-none-eabi-gcc -mcpu=cortex-m7 -mthumb -mfloat-abi=hard -mfpu=fpv5-d16 -specs=nosys.specs -specs=nano.specs -T"/Users/lucienbrule/Developer/otherMPS/MPS/Lab03_UART_SPI/LinkerScript.ld" -Wl,-Map=output.map -Wl,--gc-sections -o "Lab03_UART_SPI.elf" @"objects.list"   -lm
Finished building target: Lab03_UART_SPI.elf
 
/Applications/Xcode.app/Contents/Developer/usr/bin/make --no-print-directory post-build
Generating binary and Printing size information:
arm-none-eabi-objcopy -O binary "Lab03_UART_SPI.elf" "Lab03_UART_SPI.bin"
arm-none-eabi-size "Lab03_UART_SPI.elf"
   text	   data	    bss	    dec	    hex	filename
   9584	    112	   1304	  11000	   2af8	Lab03_UART_SPI.elf
 
14:32:37 **** Incremental Build of configuration Debug for project Lab03_UART_SPI ****
make all 
Building file: ../src/Lab03_uart.c
Invoking: MCU GCC Compiler
/Users/lucienbrule/Developer/otherMPS/MPS/Lab03_UART_SPI/Debug
arm-none-eabi-gcc -mcpu=cortex-m7 -mthumb -mfloat-abi=hard -mfpu=fpv5-d16 -DUSE_HAL_DRIVER -DSTM32F769xx -DUSE_STM32F769I_DISCO -I"/Users/lucienbrule/Developer/otherMPS/MPS/Lab03_UART_SPI/inc" -I"/Users/lucienbrule/Developer/otherMPS/MPS/stm32lib/Drivers/CMSIS/Device/ST/STM32F7xx/Include" -I"/Users/lucienbrule/Developer/otherMPS/MPS/stm32lib/Drivers/CMSIS/Include" -I"/Users/lucienbrule/Developer/otherMPS/MPS/stm32lib/Drivers/STM32F7xx_HAL_Driver/Inc" -Og -g3 -Wall -fmessage-length=0 -Wdouble-promotion -ffunction-sections -c -MMD -MP -MF"src/Lab03_uart.d" -MT"src/Lab03_uart.o" -o "src/Lab03_uart.o" "../src/Lab03_uart.c"
../src/Lab03_uart.c: In function 'main':
../src/Lab03_uart.c:61:10: warning: unused variable 'input_buffer' [-Wunused-variable]
  uint8_t input_buffer[1] ;
          ^~~~~~~~~~~~
../src/Lab03_uart.c:60:10: warning: unused variable 'test_b' [-Wunused-variable]
  uint8_t test_b[1]  = {'B'};
          ^~~~~~
../src/Lab03_uart.c:59:10: warning: unused variable 'test_a' [-Wunused-variable]
  uint8_t test_a[1]  = {'A'};
          ^~~~~~
Finished building: ../src/Lab03_uart.c
 
Building target: Lab03_UART_SPI.elf
Invoking: MCU GCC Linker
arm-none-eabi-gcc -mcpu=cortex-m7 -mthumb -mfloat-abi=hard -mfpu=fpv5-d16 -specs=nosys.specs -specs=nano.specs -T"/Users/lucienbrule/Developer/otherMPS/MPS/Lab03_UART_SPI/LinkerScript.ld" -Wl,-Map=output.map -Wl,--gc-sections -o "Lab03_UART_SPI.elf" @"objects.list"   -lm
Finished building target: Lab03_UART_SPI.elf
 
/Applications/Xcode.app/Contents/Developer/usr/bin/make --no-print-directory post-build
Generating binary and Printing size information:
arm-none-eabi-objcopy -O binary "Lab03_UART_SPI.elf" "Lab03_UART_SPI.bin"
arm-none-eabi-size "Lab03_UART_SPI.elf"
   text	   data	    bss	    dec	    hex	filename
   9392	    112	   1304	  10808	   2a38	Lab03_UART_SPI.elf
 
14:37:35 **** Incremental Build of configuration Debug for project Lab03_UART_SPI ****
make all 
Building file: ../src/Lab03_uart.c
Invoking: MCU GCC Compiler
/Users/lucienbrule/Developer/otherMPS/MPS/Lab03_UART_SPI/Debug
arm-none-eabi-gcc -mcpu=cortex-m7 -mthumb -mfloat-abi=hard -mfpu=fpv5-d16 -DUSE_HAL_DRIVER -DSTM32F769xx -DUSE_STM32F769I_DISCO -I"/Users/lucienbrule/Developer/otherMPS/MPS/Lab03_UART_SPI/inc" -I"/Users/lucienbrule/Developer/otherMPS/MPS/stm32lib/Drivers/CMSIS/Device/ST/STM32F7xx/Include" -I"/Users/lucienbrule/Developer/otherMPS/MPS/stm32lib/Drivers/CMSIS/Include" -I"/Users/lucienbrule/Developer/otherMPS/MPS/stm32lib/Drivers/STM32F7xx_HAL_Driver/Inc" -Og -g3 -Wall -fmessage-length=0 -Wdouble-promotion -ffunction-sections -c -MMD -MP -MF"src/Lab03_uart.d" -MT"src/Lab03_uart.o" -o "src/Lab03_uart.o" "../src/Lab03_uart.c"
../src/Lab03_uart.c: In function 'main':
../src/Lab03_uart.c:61:10: warning: unused variable 'input_buffer' [-Wunused-variable]
  uint8_t input_buffer[1] ;
          ^~~~~~~~~~~~
../src/Lab03_uart.c:60:10: warning: unused variable 'test_b' [-Wunused-variable]
  uint8_t test_b[1]  = {'B'};
          ^~~~~~
../src/Lab03_uart.c:59:10: warning: unused variable 'test_a' [-Wunused-variable]
  uint8_t test_a[1]  = {'A'};
          ^~~~~~
Finished building: ../src/Lab03_uart.c
 
Building target: Lab03_UART_SPI.elf
Invoking: MCU GCC Linker
arm-none-eabi-gcc -mcpu=cortex-m7 -mthumb -mfloat-abi=hard -mfpu=fpv5-d16 -specs=nosys.specs -specs=nano.specs -T"/Users/lucienbrule/Developer/otherMPS/MPS/Lab03_UART_SPI/LinkerScript.ld" -Wl,-Map=output.map -Wl,--gc-sections -o "Lab03_UART_SPI.elf" @"objects.list"   -lm
Finished building target: Lab03_UART_SPI.elf
 
/Applications/Xcode.app/Contents/Developer/usr/bin/make --no-print-directory post-build
Generating binary and Printing size information:
arm-none-eabi-objcopy -O binary "Lab03_UART_SPI.elf" "Lab03_UART_SPI.bin"
arm-none-eabi-size "Lab03_UART_SPI.elf"
   text	   data	    bss	    dec	    hex	filename
   9584	    112	   1304	  11000	   2af8	Lab03_UART_SPI.elf
 
14:46:50 **** Incremental Build of configuration Debug for project Lab03_UART_SPI ****
make all 
Building file: ../src/Lab03_uart.c
Invoking: MCU GCC Compiler
/Users/lucienbrule/Developer/otherMPS/MPS/Lab03_UART_SPI/Debug
arm-none-eabi-gcc -mcpu=cortex-m7 -mthumb -mfloat-abi=hard -mfpu=fpv5-d16 -DUSE_HAL_DRIVER -DSTM32F769xx -DUSE_STM32F769I_DISCO -I"/Users/lucienbrule/Developer/otherMPS/MPS/Lab03_UART_SPI/inc" -I"/Users/lucienbrule/Developer/otherMPS/MPS/stm32lib/Drivers/CMSIS/Device/ST/STM32F7xx/Include" -I"/Users/lucienbrule/Developer/otherMPS/MPS/stm32lib/Drivers/CMSIS/Include" -I"/Users/lucienbrule/Developer/otherMPS/MPS/stm32lib/Drivers/STM32F7xx_HAL_Driver/Inc" -Og -g3 -Wall -fmessage-length=0 -Wdouble-promotion -ffunction-sections -c -MMD -MP -MF"src/Lab03_uart.d" -MT"src/Lab03_uart.o" -o "src/Lab03_uart.o" "../src/Lab03_uart.c"
../src/Lab03_uart.c: In function 'main':
../src/Lab03_uart.c:61:10: warning: unused variable 'input_buffer' [-Wunused-variable]
  uint8_t input_buffer[1] ;
          ^~~~~~~~~~~~
../src/Lab03_uart.c:60:10: warning: unused variable 'test_b' [-Wunused-variable]
  uint8_t test_b[1]  = {'B'};
          ^~~~~~
../src/Lab03_uart.c:59:10: warning: unused variable 'test_a' [-Wunused-variable]
  uint8_t test_a[1]  = {'A'};
          ^~~~~~
Finished building: ../src/Lab03_uart.c
 
Building target: Lab03_UART_SPI.elf
Invoking: MCU GCC Linker
arm-none-eabi-gcc -mcpu=cortex-m7 -mthumb -mfloat-abi=hard -mfpu=fpv5-d16 -specs=nosys.specs -specs=nano.specs -T"/Users/lucienbrule/Developer/otherMPS/MPS/Lab03_UART_SPI/LinkerScript.ld" -Wl,-Map=output.map -Wl,--gc-sections -o "Lab03_UART_SPI.elf" @"objects.list"   -lm
Finished building target: Lab03_UART_SPI.elf
 
/Applications/Xcode.app/Contents/Developer/usr/bin/make --no-print-directory post-build
Generating binary and Printing size information:
arm-none-eabi-objcopy -O binary "Lab03_UART_SPI.elf" "Lab03_UART_SPI.bin"
arm-none-eabi-size "Lab03_UART_SPI.elf"
   text	   data	    bss	    dec	    hex	filename
   9584	    112	   1304	  11000	   2af8	Lab03_UART_SPI.elf
 
14:49:00 **** Incremental Build of configuration Debug for project Lab03_UART_SPI ****
make all 
Building file: ../src/Lab03_uart.c
Invoking: MCU GCC Compiler
/Users/lucienbrule/Developer/otherMPS/MPS/Lab03_UART_SPI/Debug
arm-none-eabi-gcc -mcpu=cortex-m7 -mthumb -mfloat-abi=hard -mfpu=fpv5-d16 -DUSE_HAL_DRIVER -DSTM32F769xx -DUSE_STM32F769I_DISCO -I"/Users/lucienbrule/Developer/otherMPS/MPS/Lab03_UART_SPI/inc" -I"/Users/lucienbrule/Developer/otherMPS/MPS/stm32lib/Drivers/CMSIS/Device/ST/STM32F7xx/Include" -I"/Users/lucienbrule/Developer/otherMPS/MPS/stm32lib/Drivers/CMSIS/Include" -I"/Users/lucienbrule/Developer/otherMPS/MPS/stm32lib/Drivers/STM32F7xx_HAL_Driver/Inc" -Og -g3 -Wall -fmessage-length=0 -Wdouble-promotion -ffunction-sections -c -MMD -MP -MF"src/Lab03_uart.d" -MT"src/Lab03_uart.o" -o "src/Lab03_uart.o" "../src/Lab03_uart.c"
../src/Lab03_uart.c: In function 'HAL_UART_RxCpltCallback':
../src/Lab03_uart.c:83:26: error: invalid operands to binary == (have 'USART_TypeDef * {aka struct <anonymous> *}' and 'UART_HandleTypeDef {aka struct <anonymous>}')
  if(UartHandle->Instance == USB_UART){
     ~~~~~~~~~~~~~~~~~~~~ ^~
make: *** [src/Lab03_uart.o] Error 1
14:49:37 **** Incremental Build of configuration Debug for project Lab03_UART_SPI ****
make all 
Building file: ../src/Lab03_uart.c
Invoking: MCU GCC Compiler
/Users/lucienbrule/Developer/otherMPS/MPS/Lab03_UART_SPI/Debug
arm-none-eabi-gcc -mcpu=cortex-m7 -mthumb -mfloat-abi=hard -mfpu=fpv5-d16 -DUSE_HAL_DRIVER -DSTM32F769xx -DUSE_STM32F769I_DISCO -I"/Users/lucienbrule/Developer/otherMPS/MPS/Lab03_UART_SPI/inc" -I"/Users/lucienbrule/Developer/otherMPS/MPS/stm32lib/Drivers/CMSIS/Device/ST/STM32F7xx/Include" -I"/Users/lucienbrule/Developer/otherMPS/MPS/stm32lib/Drivers/CMSIS/Include" -I"/Users/lucienbrule/Developer/otherMPS/MPS/stm32lib/Drivers/STM32F7xx_HAL_Driver/Inc" -Og -g3 -Wall -fmessage-length=0 -Wdouble-promotion -ffunction-sections -c -MMD -MP -MF"src/Lab03_uart.d" -MT"src/Lab03_uart.o" -o "src/Lab03_uart.o" "../src/Lab03_uart.c"
Finished building: ../src/Lab03_uart.c
 
Building target: Lab03_UART_SPI.elf
Invoking: MCU GCC Linker
arm-none-eabi-gcc -mcpu=cortex-m7 -mthumb -mfloat-abi=hard -mfpu=fpv5-d16 -specs=nosys.specs -specs=nano.specs -T"/Users/lucienbrule/Developer/otherMPS/MPS/Lab03_UART_SPI/LinkerScript.ld" -Wl,-Map=output.map -Wl,--gc-sections -o "Lab03_UART_SPI.elf" @"objects.list"   -lm
Finished building target: Lab03_UART_SPI.elf
 
/Applications/Xcode.app/Contents/Developer/usr/bin/make --no-print-directory post-build
Generating binary and Printing size information:
arm-none-eabi-objcopy -O binary "Lab03_UART_SPI.elf" "Lab03_UART_SPI.bin"
arm-none-eabi-size "Lab03_UART_SPI.elf"
   text	   data	    bss	    dec	    hex	filename
   9624	    112	   1304	  11040	   2b20	Lab03_UART_SPI.elf
 
14:50:00 **** Incremental Build of configuration Debug for project Lab03_UART_SPI ****
make all 
Building file: ../src/Lab03_uart.c
Invoking: MCU GCC Compiler
/Users/lucienbrule/Developer/otherMPS/MPS/Lab03_UART_SPI/Debug
arm-none-eabi-gcc -mcpu=cortex-m7 -mthumb -mfloat-abi=hard -mfpu=fpv5-d16 -DUSE_HAL_DRIVER -DSTM32F769xx -DUSE_STM32F769I_DISCO -I"/Users/lucienbrule/Developer/otherMPS/MPS/Lab03_UART_SPI/inc" -I"/Users/lucienbrule/Developer/otherMPS/MPS/stm32lib/Drivers/CMSIS/Device/ST/STM32F7xx/Include" -I"/Users/lucienbrule/Developer/otherMPS/MPS/stm32lib/Drivers/CMSIS/Include" -I"/Users/lucienbrule/Developer/otherMPS/MPS/stm32lib/Drivers/STM32F7xx_HAL_Driver/Inc" -Og -g3 -Wall -fmessage-length=0 -Wdouble-promotion -ffunction-sections -c -MMD -MP -MF"src/Lab03_uart.d" -MT"src/Lab03_uart.o" -o "src/Lab03_uart.o" "../src/Lab03_uart.c"
Finished building: ../src/Lab03_uart.c
 
Building target: Lab03_UART_SPI.elf
Invoking: MCU GCC Linker
arm-none-eabi-gcc -mcpu=cortex-m7 -mthumb -mfloat-abi=hard -mfpu=fpv5-d16 -specs=nosys.specs -specs=nano.specs -T"/Users/lucienbrule/Developer/otherMPS/MPS/Lab03_UART_SPI/LinkerScript.ld" -Wl,-Map=output.map -Wl,--gc-sections -o "Lab03_UART_SPI.elf" @"objects.list"   -lm
Finished building target: Lab03_UART_SPI.elf
 
/Applications/Xcode.app/Contents/Developer/usr/bin/make --no-print-directory post-build
Generating binary and Printing size information:
arm-none-eabi-objcopy -O binary "Lab03_UART_SPI.elf" "Lab03_UART_SPI.bin"
arm-none-eabi-size "Lab03_UART_SPI.elf"
   text	   data	    bss	    dec	    hex	filename
   6772	     12	   1284	   8068	   1f84	Lab03_UART_SPI.elf
 
14:51:55 **** Incremental Build of configuration Debug for project Lab03_UART_SPI ****
make all 
Building file: ../src/Lab03_uart.c
Invoking: MCU GCC Compiler
/Users/lucienbrule/Developer/otherMPS/MPS/Lab03_UART_SPI/Debug
arm-none-eabi-gcc -mcpu=cortex-m7 -mthumb -mfloat-abi=hard -mfpu=fpv5-d16 -DUSE_HAL_DRIVER -DSTM32F769xx -DUSE_STM32F769I_DISCO -I"/Users/lucienbrule/Developer/otherMPS/MPS/Lab03_UART_SPI/inc" -I"/Users/lucienbrule/Developer/otherMPS/MPS/stm32lib/Drivers/CMSIS/Device/ST/STM32F7xx/Include" -I"/Users/lucienbrule/Developer/otherMPS/MPS/stm32lib/Drivers/CMSIS/Include" -I"/Users/lucienbrule/Developer/otherMPS/MPS/stm32lib/Drivers/STM32F7xx_HAL_Driver/Inc" -Og -g3 -Wall -fmessage-length=0 -Wdouble-promotion -ffunction-sections -c -MMD -MP -MF"src/Lab03_uart.d" -MT"src/Lab03_uart.o" -o "src/Lab03_uart.o" "../src/Lab03_uart.c"
Finished building: ../src/Lab03_uart.c
 
Building target: Lab03_UART_SPI.elf
Invoking: MCU GCC Linker
arm-none-eabi-gcc -mcpu=cortex-m7 -mthumb -mfloat-abi=hard -mfpu=fpv5-d16 -specs=nosys.specs -specs=nano.specs -T"/Users/lucienbrule/Developer/otherMPS/MPS/Lab03_UART_SPI/LinkerScript.ld" -Wl,-Map=output.map -Wl,--gc-sections -o "Lab03_UART_SPI.elf" @"objects.list"   -lm
Finished building target: Lab03_UART_SPI.elf
 
/Applications/Xcode.app/Contents/Developer/usr/bin/make --no-print-directory post-build
Generating binary and Printing size information:
arm-none-eabi-objcopy -O binary "Lab03_UART_SPI.elf" "Lab03_UART_SPI.bin"
arm-none-eabi-size "Lab03_UART_SPI.elf"
   text	   data	    bss	    dec	    hex	filename
   6772	     12	   1284	   8068	   1f84	Lab03_UART_SPI.elf
 
15:50:06 **** Incremental Build of configuration Debug for project Lab03_UART_SPI ****
make all 
Building file: ../src/Lab03_uart.c
Invoking: MCU GCC Compiler
/Users/lucienbrule/Developer/otherMPS/MPS/Lab03_UART_SPI/Debug
arm-none-eabi-gcc -mcpu=cortex-m7 -mthumb -mfloat-abi=hard -mfpu=fpv5-d16 -DUSE_HAL_DRIVER -DSTM32F769xx -DUSE_STM32F769I_DISCO -I"/Users/lucienbrule/Developer/otherMPS/MPS/Lab03_UART_SPI/inc" -I"/Users/lucienbrule/Developer/otherMPS/MPS/stm32lib/Drivers/CMSIS/Device/ST/STM32F7xx/Include" -I"/Users/lucienbrule/Developer/otherMPS/MPS/stm32lib/Drivers/CMSIS/Include" -I"/Users/lucienbrule/Developer/otherMPS/MPS/stm32lib/Drivers/STM32F7xx_HAL_Driver/Inc" -Og -g3 -Wall -fmessage-length=0 -Wdouble-promotion -ffunction-sections -c -MMD -MP -MF"src/Lab03_uart.d" -MT"src/Lab03_uart.o" -o "src/Lab03_uart.o" "../src/Lab03_uart.c"
Finished building: ../src/Lab03_uart.c
 
Building target: Lab03_UART_SPI.elf
Invoking: MCU GCC Linker
arm-none-eabi-gcc -mcpu=cortex-m7 -mthumb -mfloat-abi=hard -mfpu=fpv5-d16 -specs=nosys.specs -specs=nano.specs -T"/Users/lucienbrule/Developer/otherMPS/MPS/Lab03_UART_SPI/LinkerScript.ld" -Wl,-Map=output.map -Wl,--gc-sections -o "Lab03_UART_SPI.elf" @"objects.list"   -lm
Finished building target: Lab03_UART_SPI.elf
 
/Applications/Xcode.app/Contents/Developer/usr/bin/make --no-print-directory post-build
Generating binary and Printing size information:
arm-none-eabi-objcopy -O binary "Lab03_UART_SPI.elf" "Lab03_UART_SPI.bin"
arm-none-eabi-size "Lab03_UART_SPI.elf"
   text	   data	    bss	    dec	    hex	filename
   9592	    112	   1304	  11008	   2b00	Lab03_UART_SPI.elf
 
15:51:53 **** Incremental Build of configuration Debug for project Lab03_UART_SPI ****
make all 
Building file: ../src/Lab03_uart.c
Invoking: MCU GCC Compiler
/Users/lucienbrule/Developer/otherMPS/MPS/Lab03_UART_SPI/Debug
arm-none-eabi-gcc -mcpu=cortex-m7 -mthumb -mfloat-abi=hard -mfpu=fpv5-d16 -DUSE_HAL_DRIVER -DSTM32F769xx -DUSE_STM32F769I_DISCO -I"/Users/lucienbrule/Developer/otherMPS/MPS/Lab03_UART_SPI/inc" -I"/Users/lucienbrule/Developer/otherMPS/MPS/stm32lib/Drivers/CMSIS/Device/ST/STM32F7xx/Include" -I"/Users/lucienbrule/Developer/otherMPS/MPS/stm32lib/Drivers/CMSIS/Include" -I"/Users/lucienbrule/Developer/otherMPS/MPS/stm32lib/Drivers/STM32F7xx_HAL_Driver/Inc" -Og -g3 -Wall -fmessage-length=0 -Wdouble-promotion -ffunction-sections -c -MMD -MP -MF"src/Lab03_uart.d" -MT"src/Lab03_uart.o" -o "src/Lab03_uart.o" "../src/Lab03_uart.c"
Finished building: ../src/Lab03_uart.c
 
Building target: Lab03_UART_SPI.elf
Invoking: MCU GCC Linker
arm-none-eabi-gcc -mcpu=cortex-m7 -mthumb -mfloat-abi=hard -mfpu=fpv5-d16 -specs=nosys.specs -specs=nano.specs -T"/Users/lucienbrule/Developer/otherMPS/MPS/Lab03_UART_SPI/LinkerScript.ld" -Wl,-Map=output.map -Wl,--gc-sections -o "Lab03_UART_SPI.elf" @"objects.list"   -lm
Finished building target: Lab03_UART_SPI.elf
 
/Applications/Xcode.app/Contents/Developer/usr/bin/make --no-print-directory post-build
Generating binary and Printing size information:
arm-none-eabi-objcopy -O binary "Lab03_UART_SPI.elf" "Lab03_UART_SPI.bin"
arm-none-eabi-size "Lab03_UART_SPI.elf"
   text	   data	    bss	    dec	    hex	filename
   9616	    112	   1304	  11032	   2b18	Lab03_UART_SPI.elf
 
