17:20:54 **** Incremental Build of configuration Debug for project LAB-02-Template ****
make all 
Building file: ../src/Lab02_intrpt.c
Invoking: MCU GCC Compiler
/home/Ryan/Documents/MPS/MPS/LAB-02-Template/Debug
arm-none-eabi-gcc -mcpu=cortex-m7 -mthumb -mfloat-abi=hard -mfpu=fpv5-d16 -DUSE_HAL_DRIVER -DSTM32F769xx -DUSE_STM32F769I_DISCO -I"/home/Ryan/Documents/MPS/MPS/LAB-02-Template/inc" -I"/home/Ryan/Documents/MPS/MPS/stm32lib/Drivers/CMSIS/Device/ST/STM32F7xx/Include" -I"/home/Ryan/Documents/MPS/MPS/stm32lib/Drivers/CMSIS/Include" -I"/home/Ryan/Documents/MPS/MPS/stm32lib/Drivers/STM32F7xx_HAL_Driver/Inc" -Og -g3 -Wall -fmessage-length=0 -Wdouble-promotion -ffunction-sections -c -MMD -MP -MF"src/Lab02_intrpt.d" -MT"src/Lab02_intrpt.o" -o "src/Lab02_intrpt.o" "../src/Lab02_intrpt.c"
Finished building: ../src/Lab02_intrpt.c
 
Building target: LAB-02-Template.elf
Invoking: MCU GCC Linker
arm-none-eabi-gcc -mcpu=cortex-m7 -mthumb -mfloat-abi=hard -mfpu=fpv5-d16 -specs=nosys.specs -specs=nano.specs -T"/home/Ryan/Documents/MPS/MPS/LAB-02-Template/LinkerScript.ld" -Wl,-Map=output.map -Wl,--gc-sections -o "LAB-02-Template.elf" @"objects.list"   -lm
Finished building target: LAB-02-Template.elf
 
make --no-print-directory post-build
Generating binary and Printing size information:
arm-none-eabi-objcopy -O binary "LAB-02-Template.elf" "LAB-02-Template.bin"
arm-none-eabi-size "LAB-02-Template.elf"
   text	   data	    bss	    dec	    hex	filename
  10280	    112	   1184	  11576	   2d38	LAB-02-Template.elf
 
17:22:07 **** Incremental Build of configuration Debug for project LAB-02-Template ****
make all 
Building file: ../src/Lab02_intrpt.c
Invoking: MCU GCC Compiler
/home/Ryan/Documents/MPS/MPS/LAB-02-Template/Debug
arm-none-eabi-gcc -mcpu=cortex-m7 -mthumb -mfloat-abi=hard -mfpu=fpv5-d16 -DUSE_HAL_DRIVER -DSTM32F769xx -DUSE_STM32F769I_DISCO -I"/home/Ryan/Documents/MPS/MPS/LAB-02-Template/inc" -I"/home/Ryan/Documents/MPS/MPS/stm32lib/Drivers/CMSIS/Device/ST/STM32F7xx/Include" -I"/home/Ryan/Documents/MPS/MPS/stm32lib/Drivers/CMSIS/Include" -I"/home/Ryan/Documents/MPS/MPS/stm32lib/Drivers/STM32F7xx_HAL_Driver/Inc" -Og -g3 -Wall -fmessage-length=0 -Wdouble-promotion -ffunction-sections -c -MMD -MP -MF"src/Lab02_intrpt.d" -MT"src/Lab02_intrpt.o" -o "src/Lab02_intrpt.o" "../src/Lab02_intrpt.c"
Finished building: ../src/Lab02_intrpt.c
 
Building target: LAB-02-Template.elf
Invoking: MCU GCC Linker
arm-none-eabi-gcc -mcpu=cortex-m7 -mthumb -mfloat-abi=hard -mfpu=fpv5-d16 -specs=nosys.specs -specs=nano.specs -T"/home/Ryan/Documents/MPS/MPS/LAB-02-Template/LinkerScript.ld" -Wl,-Map=output.map -Wl,--gc-sections -o "LAB-02-Template.elf" @"objects.list"   -lm
Finished building target: LAB-02-Template.elf
 
make --no-print-directory post-build
Generating binary and Printing size information:
arm-none-eabi-objcopy -O binary "LAB-02-Template.elf" "LAB-02-Template.bin"
arm-none-eabi-size "LAB-02-Template.elf"
   text	   data	    bss	    dec	    hex	filename
  10280	    112	   1184	  11576	   2d38	LAB-02-Template.elf
 
