20:42:07 **** Clean-only build of configuration Debug for project Lab03_UART_SPI ****
make clean 
rm -rf *
 
20:42:07 **** Incremental Build of configuration Debug for project Lab03_UART_SPI ****
make all 
Building file: /home/Ryan/Documents/MPS/MPS/stm32lib/Drivers/STM32F7xx_HAL_Driver/Src/stm32f7xx_hal.c
Invoking: MCU GCC Compiler
/home/Ryan/Documents/MPS/MPS/Lab03_UART_SPI/Debug
arm-none-eabi-gcc -mcpu=cortex-m7 -mthumb -mfloat-abi=hard -mfpu=fpv5-d16 -DUSE_HAL_DRIVER -DSTM32F769xx -DUSE_STM32F769I_DISCO -I"/home/Ryan/Documents/MPS/MPS/Lab03_UART_SPI/inc" -I"/home/Ryan/Documents/MPS/MPS/stm32lib/Drivers/CMSIS/Device/ST/STM32F7xx/Include" -I"/home/Ryan/Documents/MPS/MPS/stm32lib/Drivers/CMSIS/Include" -I"/home/Ryan/Documents/MPS/MPS/stm32lib/Drivers/STM32F7xx_HAL_Driver/Inc" -Og -g3 -Wall -fmessage-length=0 -Wdouble-promotion -ffunction-sections -c -MMD -MP -MF"stm32lib/Drivers/STM32F7xx_HAL_Driver/Src/stm32f7xx_hal.d" -MT"stm32lib/Drivers/STM32F7xx_HAL_Driver/Src/stm32f7xx_hal.o" -o "stm32lib/Drivers/STM32F7xx_HAL_Driver/Src/stm32f7xx_hal.o" "/home/Ryan/Documents/MPS/MPS/stm32lib/Drivers/STM32F7xx_HAL_Driver/Src/stm32f7xx_hal.c"
Finished building: /home/Ryan/Documents/MPS/MPS/stm32lib/Drivers/STM32F7xx_HAL_Driver/Src/stm32f7xx_hal.c
 
Building file: /home/Ryan/Documents/MPS/MPS/stm32lib/Drivers/STM32F7xx_HAL_Driver/Src/stm32f7xx_hal_cortex.c
Invoking: MCU GCC Compiler
/home/Ryan/Documents/MPS/MPS/Lab03_UART_SPI/Debug
arm-none-eabi-gcc -mcpu=cortex-m7 -mthumb -mfloat-abi=hard -mfpu=fpv5-d16 -DUSE_HAL_DRIVER -DSTM32F769xx -DUSE_STM32F769I_DISCO -I"/home/Ryan/Documents/MPS/MPS/Lab03_UART_SPI/inc" -I"/home/Ryan/Documents/MPS/MPS/stm32lib/Drivers/CMSIS/Device/ST/STM32F7xx/Include" -I"/home/Ryan/Documents/MPS/MPS/stm32lib/Drivers/CMSIS/Include" -I"/home/Ryan/Documents/MPS/MPS/stm32lib/Drivers/STM32F7xx_HAL_Driver/Inc" -Og -g3 -Wall -fmessage-length=0 -Wdouble-promotion -ffunction-sections -c -MMD -MP -MF"stm32lib/Drivers/STM32F7xx_HAL_Driver/Src/stm32f7xx_hal_cortex.d" -MT"stm32lib/Drivers/STM32F7xx_HAL_Driver/Src/stm32f7xx_hal_cortex.o" -o "stm32lib/Drivers/STM32F7xx_HAL_Driver/Src/stm32f7xx_hal_cortex.o" "/home/Ryan/Documents/MPS/MPS/stm32lib/Drivers/STM32F7xx_HAL_Driver/Src/stm32f7xx_hal_cortex.c"
Finished building: /home/Ryan/Documents/MPS/MPS/stm32lib/Drivers/STM32F7xx_HAL_Driver/Src/stm32f7xx_hal_cortex.c
 
Building file: /home/Ryan/Documents/MPS/MPS/stm32lib/Drivers/STM32F7xx_HAL_Driver/Src/stm32f7xx_hal_dma.c
Invoking: MCU GCC Compiler
/home/Ryan/Documents/MPS/MPS/Lab03_UART_SPI/Debug
arm-none-eabi-gcc -mcpu=cortex-m7 -mthumb -mfloat-abi=hard -mfpu=fpv5-d16 -DUSE_HAL_DRIVER -DSTM32F769xx -DUSE_STM32F769I_DISCO -I"/home/Ryan/Documents/MPS/MPS/Lab03_UART_SPI/inc" -I"/home/Ryan/Documents/MPS/MPS/stm32lib/Drivers/CMSIS/Device/ST/STM32F7xx/Include" -I"/home/Ryan/Documents/MPS/MPS/stm32lib/Drivers/CMSIS/Include" -I"/home/Ryan/Documents/MPS/MPS/stm32lib/Drivers/STM32F7xx_HAL_Driver/Inc" -Og -g3 -Wall -fmessage-length=0 -Wdouble-promotion -ffunction-sections -c -MMD -MP -MF"stm32lib/Drivers/STM32F7xx_HAL_Driver/Src/stm32f7xx_hal_dma.d" -MT"stm32lib/Drivers/STM32F7xx_HAL_Driver/Src/stm32f7xx_hal_dma.o" -o "stm32lib/Drivers/STM32F7xx_HAL_Driver/Src/stm32f7xx_hal_dma.o" "/home/Ryan/Documents/MPS/MPS/stm32lib/Drivers/STM32F7xx_HAL_Driver/Src/stm32f7xx_hal_dma.c"
Finished building: /home/Ryan/Documents/MPS/MPS/stm32lib/Drivers/STM32F7xx_HAL_Driver/Src/stm32f7xx_hal_dma.c
 
Building file: /home/Ryan/Documents/MPS/MPS/stm32lib/Drivers/STM32F7xx_HAL_Driver/Src/stm32f7xx_hal_gpio.c
Invoking: MCU GCC Compiler
/home/Ryan/Documents/MPS/MPS/Lab03_UART_SPI/Debug
arm-none-eabi-gcc -mcpu=cortex-m7 -mthumb -mfloat-abi=hard -mfpu=fpv5-d16 -DUSE_HAL_DRIVER -DSTM32F769xx -DUSE_STM32F769I_DISCO -I"/home/Ryan/Documents/MPS/MPS/Lab03_UART_SPI/inc" -I"/home/Ryan/Documents/MPS/MPS/stm32lib/Drivers/CMSIS/Device/ST/STM32F7xx/Include" -I"/home/Ryan/Documents/MPS/MPS/stm32lib/Drivers/CMSIS/Include" -I"/home/Ryan/Documents/MPS/MPS/stm32lib/Drivers/STM32F7xx_HAL_Driver/Inc" -Og -g3 -Wall -fmessage-length=0 -Wdouble-promotion -ffunction-sections -c -MMD -MP -MF"stm32lib/Drivers/STM32F7xx_HAL_Driver/Src/stm32f7xx_hal_gpio.d" -MT"stm32lib/Drivers/STM32F7xx_HAL_Driver/Src/stm32f7xx_hal_gpio.o" -o "stm32lib/Drivers/STM32F7xx_HAL_Driver/Src/stm32f7xx_hal_gpio.o" "/home/Ryan/Documents/MPS/MPS/stm32lib/Drivers/STM32F7xx_HAL_Driver/Src/stm32f7xx_hal_gpio.c"
Finished building: /home/Ryan/Documents/MPS/MPS/stm32lib/Drivers/STM32F7xx_HAL_Driver/Src/stm32f7xx_hal_gpio.c
 
Building file: /home/Ryan/Documents/MPS/MPS/stm32lib/Drivers/STM32F7xx_HAL_Driver/Src/stm32f7xx_hal_pwr.c
Invoking: MCU GCC Compiler
/home/Ryan/Documents/MPS/MPS/Lab03_UART_SPI/Debug
arm-none-eabi-gcc -mcpu=cortex-m7 -mthumb -mfloat-abi=hard -mfpu=fpv5-d16 -DUSE_HAL_DRIVER -DSTM32F769xx -DUSE_STM32F769I_DISCO -I"/home/Ryan/Documents/MPS/MPS/Lab03_UART_SPI/inc" -I"/home/Ryan/Documents/MPS/MPS/stm32lib/Drivers/CMSIS/Device/ST/STM32F7xx/Include" -I"/home/Ryan/Documents/MPS/MPS/stm32lib/Drivers/CMSIS/Include" -I"/home/Ryan/Documents/MPS/MPS/stm32lib/Drivers/STM32F7xx_HAL_Driver/Inc" -Og -g3 -Wall -fmessage-length=0 -Wdouble-promotion -ffunction-sections -c -MMD -MP -MF"stm32lib/Drivers/STM32F7xx_HAL_Driver/Src/stm32f7xx_hal_pwr.d" -MT"stm32lib/Drivers/STM32F7xx_HAL_Driver/Src/stm32f7xx_hal_pwr.o" -o "stm32lib/Drivers/STM32F7xx_HAL_Driver/Src/stm32f7xx_hal_pwr.o" "/home/Ryan/Documents/MPS/MPS/stm32lib/Drivers/STM32F7xx_HAL_Driver/Src/stm32f7xx_hal_pwr.c"
Finished building: /home/Ryan/Documents/MPS/MPS/stm32lib/Drivers/STM32F7xx_HAL_Driver/Src/stm32f7xx_hal_pwr.c
 
Building file: /home/Ryan/Documents/MPS/MPS/stm32lib/Drivers/STM32F7xx_HAL_Driver/Src/stm32f7xx_hal_pwr_ex.c
Invoking: MCU GCC Compiler
/home/Ryan/Documents/MPS/MPS/Lab03_UART_SPI/Debug
arm-none-eabi-gcc -mcpu=cortex-m7 -mthumb -mfloat-abi=hard -mfpu=fpv5-d16 -DUSE_HAL_DRIVER -DSTM32F769xx -DUSE_STM32F769I_DISCO -I"/home/Ryan/Documents/MPS/MPS/Lab03_UART_SPI/inc" -I"/home/Ryan/Documents/MPS/MPS/stm32lib/Drivers/CMSIS/Device/ST/STM32F7xx/Include" -I"/home/Ryan/Documents/MPS/MPS/stm32lib/Drivers/CMSIS/Include" -I"/home/Ryan/Documents/MPS/MPS/stm32lib/Drivers/STM32F7xx_HAL_Driver/Inc" -Og -g3 -Wall -fmessage-length=0 -Wdouble-promotion -ffunction-sections -c -MMD -MP -MF"stm32lib/Drivers/STM32F7xx_HAL_Driver/Src/stm32f7xx_hal_pwr_ex.d" -MT"stm32lib/Drivers/STM32F7xx_HAL_Driver/Src/stm32f7xx_hal_pwr_ex.o" -o "stm32lib/Drivers/STM32F7xx_HAL_Driver/Src/stm32f7xx_hal_pwr_ex.o" "/home/Ryan/Documents/MPS/MPS/stm32lib/Drivers/STM32F7xx_HAL_Driver/Src/stm32f7xx_hal_pwr_ex.c"
Finished building: /home/Ryan/Documents/MPS/MPS/stm32lib/Drivers/STM32F7xx_HAL_Driver/Src/stm32f7xx_hal_pwr_ex.c
 
Building file: /home/Ryan/Documents/MPS/MPS/stm32lib/Drivers/STM32F7xx_HAL_Driver/Src/stm32f7xx_hal_rcc.c
Invoking: MCU GCC Compiler
/home/Ryan/Documents/MPS/MPS/Lab03_UART_SPI/Debug
arm-none-eabi-gcc -mcpu=cortex-m7 -mthumb -mfloat-abi=hard -mfpu=fpv5-d16 -DUSE_HAL_DRIVER -DSTM32F769xx -DUSE_STM32F769I_DISCO -I"/home/Ryan/Documents/MPS/MPS/Lab03_UART_SPI/inc" -I"/home/Ryan/Documents/MPS/MPS/stm32lib/Drivers/CMSIS/Device/ST/STM32F7xx/Include" -I"/home/Ryan/Documents/MPS/MPS/stm32lib/Drivers/CMSIS/Include" -I"/home/Ryan/Documents/MPS/MPS/stm32lib/Drivers/STM32F7xx_HAL_Driver/Inc" -Og -g3 -Wall -fmessage-length=0 -Wdouble-promotion -ffunction-sections -c -MMD -MP -MF"stm32lib/Drivers/STM32F7xx_HAL_Driver/Src/stm32f7xx_hal_rcc.d" -MT"stm32lib/Drivers/STM32F7xx_HAL_Driver/Src/stm32f7xx_hal_rcc.o" -o "stm32lib/Drivers/STM32F7xx_HAL_Driver/Src/stm32f7xx_hal_rcc.o" "/home/Ryan/Documents/MPS/MPS/stm32lib/Drivers/STM32F7xx_HAL_Driver/Src/stm32f7xx_hal_rcc.c"
Finished building: /home/Ryan/Documents/MPS/MPS/stm32lib/Drivers/STM32F7xx_HAL_Driver/Src/stm32f7xx_hal_rcc.c
 
Building file: /home/Ryan/Documents/MPS/MPS/stm32lib/Drivers/STM32F7xx_HAL_Driver/Src/stm32f7xx_hal_rcc_ex.c
Invoking: MCU GCC Compiler
/home/Ryan/Documents/MPS/MPS/Lab03_UART_SPI/Debug
arm-none-eabi-gcc -mcpu=cortex-m7 -mthumb -mfloat-abi=hard -mfpu=fpv5-d16 -DUSE_HAL_DRIVER -DSTM32F769xx -DUSE_STM32F769I_DISCO -I"/home/Ryan/Documents/MPS/MPS/Lab03_UART_SPI/inc" -I"/home/Ryan/Documents/MPS/MPS/stm32lib/Drivers/CMSIS/Device/ST/STM32F7xx/Include" -I"/home/Ryan/Documents/MPS/MPS/stm32lib/Drivers/CMSIS/Include" -I"/home/Ryan/Documents/MPS/MPS/stm32lib/Drivers/STM32F7xx_HAL_Driver/Inc" -Og -g3 -Wall -fmessage-length=0 -Wdouble-promotion -ffunction-sections -c -MMD -MP -MF"stm32lib/Drivers/STM32F7xx_HAL_Driver/Src/stm32f7xx_hal_rcc_ex.d" -MT"stm32lib/Drivers/STM32F7xx_HAL_Driver/Src/stm32f7xx_hal_rcc_ex.o" -o "stm32lib/Drivers/STM32F7xx_HAL_Driver/Src/stm32f7xx_hal_rcc_ex.o" "/home/Ryan/Documents/MPS/MPS/stm32lib/Drivers/STM32F7xx_HAL_Driver/Src/stm32f7xx_hal_rcc_ex.c"
Finished building: /home/Ryan/Documents/MPS/MPS/stm32lib/Drivers/STM32F7xx_HAL_Driver/Src/stm32f7xx_hal_rcc_ex.c
 
Building file: /home/Ryan/Documents/MPS/MPS/stm32lib/Drivers/STM32F7xx_HAL_Driver/Src/stm32f7xx_hal_spi.c
Invoking: MCU GCC Compiler
/home/Ryan/Documents/MPS/MPS/Lab03_UART_SPI/Debug
arm-none-eabi-gcc -mcpu=cortex-m7 -mthumb -mfloat-abi=hard -mfpu=fpv5-d16 -DUSE_HAL_DRIVER -DSTM32F769xx -DUSE_STM32F769I_DISCO -I"/home/Ryan/Documents/MPS/MPS/Lab03_UART_SPI/inc" -I"/home/Ryan/Documents/MPS/MPS/stm32lib/Drivers/CMSIS/Device/ST/STM32F7xx/Include" -I"/home/Ryan/Documents/MPS/MPS/stm32lib/Drivers/CMSIS/Include" -I"/home/Ryan/Documents/MPS/MPS/stm32lib/Drivers/STM32F7xx_HAL_Driver/Inc" -Og -g3 -Wall -fmessage-length=0 -Wdouble-promotion -ffunction-sections -c -MMD -MP -MF"stm32lib/Drivers/STM32F7xx_HAL_Driver/Src/stm32f7xx_hal_spi.d" -MT"stm32lib/Drivers/STM32F7xx_HAL_Driver/Src/stm32f7xx_hal_spi.o" -o "stm32lib/Drivers/STM32F7xx_HAL_Driver/Src/stm32f7xx_hal_spi.o" "/home/Ryan/Documents/MPS/MPS/stm32lib/Drivers/STM32F7xx_HAL_Driver/Src/stm32f7xx_hal_spi.c"
Finished building: /home/Ryan/Documents/MPS/MPS/stm32lib/Drivers/STM32F7xx_HAL_Driver/Src/stm32f7xx_hal_spi.c
 
Building file: /home/Ryan/Documents/MPS/MPS/stm32lib/Drivers/STM32F7xx_HAL_Driver/Src/stm32f7xx_hal_uart.c
Invoking: MCU GCC Compiler
/home/Ryan/Documents/MPS/MPS/Lab03_UART_SPI/Debug
arm-none-eabi-gcc -mcpu=cortex-m7 -mthumb -mfloat-abi=hard -mfpu=fpv5-d16 -DUSE_HAL_DRIVER -DSTM32F769xx -DUSE_STM32F769I_DISCO -I"/home/Ryan/Documents/MPS/MPS/Lab03_UART_SPI/inc" -I"/home/Ryan/Documents/MPS/MPS/stm32lib/Drivers/CMSIS/Device/ST/STM32F7xx/Include" -I"/home/Ryan/Documents/MPS/MPS/stm32lib/Drivers/CMSIS/Include" -I"/home/Ryan/Documents/MPS/MPS/stm32lib/Drivers/STM32F7xx_HAL_Driver/Inc" -Og -g3 -Wall -fmessage-length=0 -Wdouble-promotion -ffunction-sections -c -MMD -MP -MF"stm32lib/Drivers/STM32F7xx_HAL_Driver/Src/stm32f7xx_hal_uart.d" -MT"stm32lib/Drivers/STM32F7xx_HAL_Driver/Src/stm32f7xx_hal_uart.o" -o "stm32lib/Drivers/STM32F7xx_HAL_Driver/Src/stm32f7xx_hal_uart.o" "/home/Ryan/Documents/MPS/MPS/stm32lib/Drivers/STM32F7xx_HAL_Driver/Src/stm32f7xx_hal_uart.c"
Finished building: /home/Ryan/Documents/MPS/MPS/stm32lib/Drivers/STM32F7xx_HAL_Driver/Src/stm32f7xx_hal_uart.c
 
Building file: /home/Ryan/Documents/MPS/MPS/stm32lib/Drivers/CMSIS/Device/ST/STM32F7xx/Source/Templates/system_stm32f7xx.c
Invoking: MCU GCC Compiler
/home/Ryan/Documents/MPS/MPS/Lab03_UART_SPI/Debug
arm-none-eabi-gcc -mcpu=cortex-m7 -mthumb -mfloat-abi=hard -mfpu=fpv5-d16 -DUSE_HAL_DRIVER -DSTM32F769xx -DUSE_STM32F769I_DISCO -I"/home/Ryan/Documents/MPS/MPS/Lab03_UART_SPI/inc" -I"/home/Ryan/Documents/MPS/MPS/stm32lib/Drivers/CMSIS/Device/ST/STM32F7xx/Include" -I"/home/Ryan/Documents/MPS/MPS/stm32lib/Drivers/CMSIS/Include" -I"/home/Ryan/Documents/MPS/MPS/stm32lib/Drivers/STM32F7xx_HAL_Driver/Inc" -Og -g3 -Wall -fmessage-length=0 -Wdouble-promotion -ffunction-sections -c -MMD -MP -MF"stm32lib/Drivers/CMSIS/Device/ST/STM32F7xx/Source/Templates/system_stm32f7xx.d" -MT"stm32lib/Drivers/CMSIS/Device/ST/STM32F7xx/Source/Templates/system_stm32f7xx.o" -o "stm32lib/Drivers/CMSIS/Device/ST/STM32F7xx/Source/Templates/system_stm32f7xx.o" "/home/Ryan/Documents/MPS/MPS/stm32lib/Drivers/CMSIS/Device/ST/STM32F7xx/Source/Templates/system_stm32f7xx.c"
Finished building: /home/Ryan/Documents/MPS/MPS/stm32lib/Drivers/CMSIS/Device/ST/STM32F7xx/Source/Templates/system_stm32f7xx.c
 
Building file: ../startup/startup_stm32f769xx.s
Invoking: MCU GCC Assembler
/home/Ryan/Documents/MPS/MPS/Lab03_UART_SPI/Debug
arm-none-eabi-as -mcpu=cortex-m7 -mthumb -mfloat-abi=hard -mfpu=fpv5-d16 -I"/home/Ryan/Documents/MPS/MPS/Lab03_UART_SPI/inc" -g -o "startup/startup_stm32f769xx.o" "../startup/startup_stm32f769xx.s"
Finished building: ../startup/startup_stm32f769xx.s
 
Building file: ../src/Lab03_spi.c
Invoking: MCU GCC Compiler
/home/Ryan/Documents/MPS/MPS/Lab03_UART_SPI/Debug
arm-none-eabi-gcc -mcpu=cortex-m7 -mthumb -mfloat-abi=hard -mfpu=fpv5-d16 -DUSE_HAL_DRIVER -DSTM32F769xx -DUSE_STM32F769I_DISCO -I"/home/Ryan/Documents/MPS/MPS/Lab03_UART_SPI/inc" -I"/home/Ryan/Documents/MPS/MPS/stm32lib/Drivers/CMSIS/Device/ST/STM32F7xx/Include" -I"/home/Ryan/Documents/MPS/MPS/stm32lib/Drivers/CMSIS/Include" -I"/home/Ryan/Documents/MPS/MPS/stm32lib/Drivers/STM32F7xx_HAL_Driver/Inc" -Og -g3 -Wall -fmessage-length=0 -Wdouble-promotion -ffunction-sections -c -MMD -MP -MF"src/Lab03_spi.d" -MT"src/Lab03_spi.o" -o "src/Lab03_spi.o" "../src/Lab03_spi.c"
Finished building: ../src/Lab03_spi.c
 
Building file: ../src/init.c
Invoking: MCU GCC Compiler
/home/Ryan/Documents/MPS/MPS/Lab03_UART_SPI/Debug
arm-none-eabi-gcc -mcpu=cortex-m7 -mthumb -mfloat-abi=hard -mfpu=fpv5-d16 -DUSE_HAL_DRIVER -DSTM32F769xx -DUSE_STM32F769I_DISCO -I"/home/Ryan/Documents/MPS/MPS/Lab03_UART_SPI/inc" -I"/home/Ryan/Documents/MPS/MPS/stm32lib/Drivers/CMSIS/Device/ST/STM32F7xx/Include" -I"/home/Ryan/Documents/MPS/MPS/stm32lib/Drivers/CMSIS/Include" -I"/home/Ryan/Documents/MPS/MPS/stm32lib/Drivers/STM32F7xx_HAL_Driver/Inc" -Og -g3 -Wall -fmessage-length=0 -Wdouble-promotion -ffunction-sections -c -MMD -MP -MF"src/init.d" -MT"src/init.o" -o "src/init.o" "../src/init.c"
Finished building: ../src/init.c
 
Building file: ../src/uart.c
Invoking: MCU GCC Compiler
/home/Ryan/Documents/MPS/MPS/Lab03_UART_SPI/Debug
arm-none-eabi-gcc -mcpu=cortex-m7 -mthumb -mfloat-abi=hard -mfpu=fpv5-d16 -DUSE_HAL_DRIVER -DSTM32F769xx -DUSE_STM32F769I_DISCO -I"/home/Ryan/Documents/MPS/MPS/Lab03_UART_SPI/inc" -I"/home/Ryan/Documents/MPS/MPS/stm32lib/Drivers/CMSIS/Device/ST/STM32F7xx/Include" -I"/home/Ryan/Documents/MPS/MPS/stm32lib/Drivers/CMSIS/Include" -I"/home/Ryan/Documents/MPS/MPS/stm32lib/Drivers/STM32F7xx_HAL_Driver/Inc" -Og -g3 -Wall -fmessage-length=0 -Wdouble-promotion -ffunction-sections -c -MMD -MP -MF"src/uart.d" -MT"src/uart.o" -o "src/uart.o" "../src/uart.c"
Finished building: ../src/uart.c
 
Building target: Lab03_UART_SPI.elf
Invoking: MCU GCC Linker
arm-none-eabi-gcc -mcpu=cortex-m7 -mthumb -mfloat-abi=hard -mfpu=fpv5-d16 -specs=nosys.specs -specs=nano.specs -T"/home/Ryan/Documents/MPS/MPS/Lab03_UART_SPI/LinkerScript.ld" -Wl,-Map=output.map -Wl,--gc-sections -o "Lab03_UART_SPI.elf" @"objects.list"   -lm
Finished building target: Lab03_UART_SPI.elf
 
make --no-print-directory post-build
Generating binary and Printing size information:
arm-none-eabi-objcopy -O binary "Lab03_UART_SPI.elf" "Lab03_UART_SPI.bin"
arm-none-eabi-size "Lab03_UART_SPI.elf"
   text	   data	    bss	    dec	    hex	filename
  13768	    112	   1288	  15168	   3b40	Lab03_UART_SPI.elf
 
20:42:13 **** Incremental Build of configuration Debug for project Lab03_UART_SPI ****
make all 
make: Nothing to be done for 'all'.
